Component: ARM Compiler 5.06 update 7 (build 960) Tool: armlink [4d3601]

==============================================================================

Section Cross References

    main.o(.text) refers to _printf_percent.o(.ARM.Collect$$_printf_percent$$00000000) for _printf_percent
    main.o(.text) refers to _printf_s.o(.ARM.Collect$$_printf_percent$$00000014) for _printf_s
    main.o(.text) refers to _printf_str.o(.text) for _printf_str
    main.o(.text) refers to _printf_d.o(.ARM.Collect$$_printf_percent$$00000009) for _printf_d
    main.o(.text) refers to _printf_dec.o(.text) for _printf_int_dec
    main.o(.text) refers to rtx_kernel.o(.text.osKernelGetState) for osKernelGetState
    main.o(.text) refers to rtx_kernel.o(.text.osKernelGetTickCount) for osKernelGetTickCount
    main.o(.text) refers to rtx_thread.o(.text.osThreadExit) for osThreadExit
    main.o(.text) refers to noretval__2printf.o(.text) for __2printf
    main.o(.text) refers to fs_config.o(.text) for fflush
    main.o(.text) refers to fopen_locked.o(.text) for fopen
    main.o(.text) refers to noretval__2snprintf.o(.text) for __2snprintf
    main.o(.text) refers to rewind.o(.text) for rewind
    main.o(.text) refers to noretval__2fprintf.o(.text) for __2fprintf
    main.o(.text) refers to fclose_locked.o(.text) for fclose
    main.o(.text) refers to fs_mapi.o(i.funmount) for funmount
    main.o(.text) refers to fs_mapi.o(i.funinit) for funinit
    main.o(.text) refers to fs_mapi.o(i.finit) for finit
    main.o(.text) refers to fs_mapi.o(i.fmount) for fmount
    main.o(.text) refers to strstr.o(.text) for strstr
    main.o(.text) refers to strlen.o(.text) for strlen
    main.o(.text) refers to fseek_locked.o(.text) for fseek
    main.o(.text) refers to fgets_locked.o(.text) for fgets
    main.o(.text) refers to fs_mapi.o(i.frename) for frename
    main.o(.text) refers to stm32f4xx_hal.o(.text) for HAL_Init
    main.o(.text) refers to system_stm32f4xx.o(.text) for SystemCoreClockUpdate
    main.o(.text) refers to led_nucleo_f429zi.o(.text) for LED_Initialize
    main.o(.text) refers to strcpy.o(.text) for strcpy
    main.o(.text) refers to rtx_kernel.o(.text.osKernelInitialize) for osKernelInitialize
    main.o(.text) refers to rtx_thread.o(.text.osThreadNew) for osThreadNew
    main.o(.text) refers to rtx_kernel.o(.text.osKernelStart) for osKernelStart
    main.o(.text) refers to system_stm32f4xx.o(.data) for SystemCoreClock
    main.o(.text) refers to main.o(.data) for .data
    main.o(.text) refers to stdio_streams.o(.bss) for __stdout
    main.o(.text) refers to main.o(.conststring) for .conststring
    main.o(.text) refers to main.o(.bss) for .bss
    main.o(.text) refers to stm32f4xx_hal_rcc.o(.text) for HAL_RCC_OscConfig
    led_nucleo_f429zi.o(.text) refers to stm32f4xx_hal_gpio.o(.text) for HAL_GPIO_Init
    led_nucleo_f429zi.o(.text) refers to led_nucleo_f429zi.o(.constdata) for .constdata
    rtx_lib.o(.text) refers to rtx_kernel.o(.text.osKernelInitialize) for osKernelInitialize
    rtx_lib.o(.text) refers to rtx_kernel.o(.text.osKernelGetState) for osKernelGetState
    rtx_lib.o(.text) refers to rtx_thread.o(.text.osThreadGetId) for osThreadGetId
    rtx_lib.o(.text) refers to rtx_kernel.o(.text.osRtxKernelErrorNotify) for osRtxKernelErrorNotify
    rtx_lib.o(.text) refers to rtx_mutex.o(.text.osMutexNew) for osMutexNew
    rtx_lib.o(.text) refers to rtx_mutex.o(.text.osMutexAcquire) for osMutexAcquire
    rtx_lib.o(.text) refers to rtx_mutex.o(.text.osMutexRelease) for osMutexRelease
    rtx_lib.o(.text) refers to rtx_mutex.o(.text.osMutexDelete) for osMutexDelete
    rtx_lib.o(.text) refers to eventrecorder.o(.text) for EventRecorderInitialize
    rtx_lib.o(.text) refers to rtx_lib.o(.bss.os.libspace) for .bss.os.libspace
    rtx_lib.o(.text) refers to rtx_lib.o(.data) for .data
    rtx_lib.o(.constdata) refers to rtx_lib.o(.bss.os.thread.cb) for os_idle_thread_cb
    rtx_lib.o(.constdata) refers to rtx_lib.o(.bss.os.thread.idle.stack) for os_idle_thread_stack
    rtx_lib.o(.constdata) refers to rtx_lib.o(.bss.os.thread.cb) for os_timer_thread_cb
    rtx_lib.o(.constdata) refers to rtx_lib.o(.bss.os.thread.timer.stack) for os_timer_thread_stack
    rtx_lib.o(.constdata) refers to rtx_lib.o(.bss.os.msgqueue.cb) for os_timer_mq_cb
    rtx_lib.o(.constdata) refers to rtx_lib.o(.bss.os.msgqueue.mem) for os_timer_mq_data
    rtx_lib.o(.constdata) refers to irq_armv7m.o(.rodata) for irqRtxLib
    rtx_lib.o(.rodata) refers to rtx_lib.o(.bss.os) for os_isr_queue
    rtx_lib.o(.rodata) refers to rtx_lib.o(.bss.os) for os_mem
    rtx_lib.o(.rodata) refers to rtx_lib.o(.constdata) for os_idle_thread_attr
    rtx_lib.o(.rodata) refers to rtx_lib.o(.constdata) for os_timer_thread_attr
    rtx_lib.o(.rodata) refers to rtx_timer.o(.text.osRtxTimerThread) for osRtxTimerThread
    rtx_lib.o(.rodata) refers to rtx_timer.o(.text.osRtxTimerSetup) for osRtxTimerSetup
[...]
    fs_mutex_new                             0x08003a09   Thumb Code     4  fs_config.o(.text)
    fs_mutex_acquire                         0x08003a0d   Thumb Code    18  fs_config.o(.text)
    fs_mutex_release                         0x08003a1f   Thumb Code    16  fs_config.o(.text)
    fs_mutex_delete                          0x08003a2f   Thumb Code    16  fs_config.o(.text)
    fs_get_rtos_tick_freq                    0x08003a3f   Thumb Code     4  fs_config.o(.text)
    fs_set_rtos_delay                        0x08003a43   Thumb Code    16  fs_config.o(.text)
    fs_get_sys_tick                          0x08003a53   Thumb Code     4  fs_config.o(.text)
    fs_get_sys_tick_us                       0x08003a57   Thumb Code    22  fs_config.o(.text)
    fs_config                                0x08003a97   Thumb Code    68  fs_config.o(.text)
    fdelete                                  0x08003adb   Thumb Code     4  fs_config.o(.text)
    fflush                                   0x08003adf   Thumb Code    24  fs_config.o(.text)
    efs_handle_get                           0x08003af7   Thumb Code     6  fs_config.o(.text)
    efs_init                                 0x08003afd   Thumb Code     4  fs_config.o(.text)
    efs_uninit                               0x08003b01   Thumb Code     4  fs_config.o(.text)
    efs_mount                                0x08003b05   Thumb Code     4  fs_config.o(.text)
    efs_unmount                              0x08003b09   Thumb Code     4  fs_config.o(.text)
    efs_open                                 0x08003b0d   Thumb Code     4  fs_config.o(.text)
    efs_close                                0x08003b11   Thumb Code     4  fs_config.o(.text)
    efs_read                                 0x08003b15   Thumb Code     4  fs_config.o(.text)
    efs_write                                0x08003b19   Thumb Code     6  fs_config.o(.text)
    efs_flush                                0x08003b1f   Thumb Code     4  fs_config.o(.text)
    efs_flen                                 0x08003b23   Thumb Code     6  fs_config.o(.text)
    efs_seek                                 0x08003b29   Thumb Code     4  fs_config.o(.text)
    efs_ffind                                0x08003b2d   Thumb Code     4  fs_config.o(.text)
    efs_rename                               0x08003b31   Thumb Code     4  fs_config.o(.text)
    efs_delete                               0x08003b35   Thumb Code     4  fs_config.o(.text)
    efs_analyse                              0x08003b39   Thumb Code     4  fs_config.o(.text)
    efs_check                                0x08003b3d   Thumb Code     4  fs_config.o(.text)
    efs_format                               0x08003b41   Thumb Code     4  fs_config.o(.text)
    efs_free                                 0x08003b45   Thumb Code     8  fs_config.o(.text)
    efs_defrag                               0x08003b4d   Thumb Code     4  fs_config.o(.text)
    efs_info                                 0x08003b51   Thumb Code     4  fs_config.o(.text)
    fat_jour_init                            0x08003b55   Thumb Code     4  fs_config.o(.text)
    fat_jour_prep                            0x08003b59   Thumb Code     4  fs_config.o(.text)
    fsj_set_space                            0x08003b5d   Thumb Code     4  fs_config.o(.text)
    fsj_write                                0x08003b61   Thumb Code     4  fs_config.o(.text)
    fsj_init                                 0x08003b65   Thumb Code     4  fs_config.o(.text)
    elink_init                               0x08003b69   Thumb Code     4  fs_config.o(.text)
    elink_dir                                0x08003b6d   Thumb Code     4  fs_config.o(.text)
    elink_cmd                                0x08003b71   Thumb Code     4  fs_config.o(.text)
    elink_insert                             0x08003b75   Thumb Code     4  fs_config.o(.text)
    elink_delete                             0x08003b79   Thumb Code     4  fs_config.o(.text)
    elink_scan                               0x08003b7d   Thumb Code     4  fs_config.o(.text)
    fs_config_evr                            0x08003b99   Thumb Code    90  fs_debug.o(.text)
    SVC_Handler                              0x08003bf5   Thumb Code   108  irq_armv7m.o(.text)
    PendSV_Handler                           0x08003c61   Thumb Code    16  irq_armv7m.o(.text)
    SysTick_Handler                          0x08003c71   Thumb Code    16  irq_armv7m.o(.text)
    __aeabi_errno_addr                       0x08003c89   Thumb Code     4  rt_errno_addr_twolibspace.o(.text)
    __errno$twolibspace                      0x08003c89   Thumb Code     0  rt_errno_addr_twolibspace.o(.text)
    __rt_errno_addr$twolibspace              0x08003c89   Thumb Code     0  rt_errno_addr_twolibspace.o(.text)
    __aeabi_uldivmod                         0x08003c8d   Thumb Code     0  lludivv7m.o(.text)
    _ll_udiv                                 0x08003c8d   Thumb Code   238  lludivv7m.o(.text)
    __2printf                                0x08003d7d   Thumb Code    20  noretval__2printf.o(.text)
    __2fprintf                               0x08003d95   Thumb Code    20  noretval__2fprintf.o(.text)
    __2snprintf                              0x08003da9   Thumb Code    48  noretval__2snprintf.o(.text)
    __printf                                 0x08003ddd   Thumb Code   104  __printf.o(.text)
    _printf_str                              0x08003e45   Thumb Code    82  _printf_str.o(.text)
    _printf_int_dec                          0x08003e99   Thumb Code   104  _printf_dec.o(.text)
    _fseek                                   0x08003f11   Thumb Code   242  fseek.o(.text)
    _fseek$unlocked                          0x08003f11   Thumb Code     0  fseek.o(.text)
    rewind                                   0x08004009   Thumb Code    22  rewind.o(.text)
    _fclose$unlocked                         0x0800401f   Thumb Code     0  fclose.o(.text)
    _fclose_internal                         0x0800401f   Thumb Code    76  fclose.o(.text)
    fclose                                   0x0800406d   Thumb Code    46  fclose_locked.o(.text)
    fseek                                    0x080040a1   Thumb Code    44  fseek_locked.o(.text)
    _do_fflush                               0x080040cd   Thumb Code    74  fflush_locked.o(.text)
    $Super$$fflush                           0x08004117   Thumb Code    60  fflush_locked.o(.text)
    freopen                                  0x0800420b   Thumb Code    42  fopen_locked.o(.text)
    fopen                                    0x08004235   Thumb Code   100  fopen_locked.o(.text)
    strstr                                   0x080042a1   Thumb Code    36  strstr.o(.text)
    strcpy                                   0x080042c5   Thumb Code    72  strcpy.o(.text)
    strncasecmp                              0x0800430d   Thumb Code    50  strncasecmp.o(.text)
    strlen                                   0x0800433f   Thumb Code    62  strlen.o(.text)
    __aeabi_memcpy                           0x0800437d   Thumb Code     0  rt_memcpy_v6.o(.text)
    __rt_memcpy                              0x0800437d   Thumb Code   138  rt_memcpy_v6.o(.text)
    _memcpy_lastbytes                        0x080043e3   Thumb Code     0  rt_memcpy_v6.o(.text)
    __aeabi_memcpy4                          0x08004407   Thumb Code     0  rt_memcpy_w.o(.text)
    __aeabi_memcpy8                          0x08004407   Thumb Code     0  rt_memcpy_w.o(.text)
    __rt_memcpy_w                            0x08004407   Thumb Code   100  rt_memcpy_w.o(.text)
    _memcpy_lastbytes_aligned                0x0800444f   Thumb Code     0  rt_memcpy_w.o(.text)
    __aeabi_memclr                           0x0800446b   Thumb Code     0  rt_memclr.o(.text)
    __rt_memclr                              0x0800446b   Thumb Code    68  rt_memclr.o(.text)
    _memset                                  0x0800446f   Thumb Code     0  rt_memclr.o(.text)
    __aeabi_memclr4                          0x080044af   Thumb Code     0  rt_memclr_w.o(.text)
    __aeabi_memclr8                          0x080044af   Thumb Code     0  rt_memclr_w.o(.text)
    __rt_memclr_w                            0x080044af   Thumb Code    78  rt_memclr_w.o(.text)
    _memset_w                                0x080044b3   Thumb Code     0  rt_memclr_w.o(.text)
    strcmp                                   0x080044fd   Thumb Code   128  strcmpv7m.o(.text)
    __use_two_region_memory                  0x0800457d   Thumb Code     2  heapauxi.o(.text)
    __rt_heap_escrow                         0x0800457f   Thumb Code     2  heapauxi.o(.text)
    __rt_heap_expand                         0x08004581   Thumb Code     2  heapauxi.o(.text)
    __user_libspace                          0x08004585   Thumb Code     8  libspace.o(.text)
    __user_perproc_libspace                  0x08004585   Thumb Code     0  libspace.o(.text)
    _malloc_internal                         0x08004595   Thumb Code   130  h1_alloc_mt.o(.text)
    malloc                                   0x08004617   Thumb Code    20  h1_alloc_mt.o(.text)
    _free_internal                           0x0800462b   Thumb Code    98  h1_free_mt.o(.text)
    free                                     0x0800468d   Thumb Code    20  h1_free_mt.o(.text)
    tolower                                  0x080046a1   Thumb Code    26  tolower.o(.text)
    _printf_int_common                       0x080046bb   Thumb Code   178  _printf_intcommon.o(.text)
    _printf_char_common                      0x08004777   Thumb Code    32  _printf_char_common.o(.text)
    _sputc                                   0x0800479d   Thumb Code    10  _sputc.o(.text)
    _snputc                                  0x080047a7   Thumb Code    16  _snputc.o(.text)
    _printf_cs_common                        0x080047b7   Thumb Code    20  _printf_char.o(.text)
    _printf_char                             0x080047cb   Thumb Code    16  _printf_char.o(.text)
    _printf_string                           0x080047db   Thumb Code     8  _printf_char.o(.text)
    _ftell_internal                          0x080047e3   Thumb Code    66  ftell.o(.text)
    ftell                                    0x080047e3   Thumb Code     0  ftell.o(.text)
    _seterr                                  0x08004825   Thumb Code    20  stdio.o(.text)
    _writebuf                                0x08004839   Thumb Code    84  stdio.o(.text)
    _fflush                                  0x0800488d   Thumb Code    70  stdio.o(.text)
    _deferredlazyseek                        0x080048d3   Thumb Code    60  stdio.o(.text)
    clearerr                                 0x08004915   Thumb Code    32  clearerr_locked.o(.text)
    _initio                                  0x08004935   Thumb Code   240  initio_locked.o(.text)
    _terminateio                             0x08004a25   Thumb Code   168  initio_locked.o(.text)
    __rt_ctype_table                         0x08004afd   Thumb Code    16  rt_ctype_table.o(.text)
    __rt_heap_descriptor                     0x08004b0d   Thumb Code    10  rt_heap_descriptor_twolibspace.o(.text)
    __use_no_heap                            0x08004b17   Thumb Code     2  hguard.o(.text)
    __heap$guard                             0x08004b19   Thumb Code     2  hguard.o(.text)
    _terminate_user_alloc                    0x08004b1b   Thumb Code     2  init_alloc.o(.text)
    _init_user_alloc                         0x08004b1d   Thumb Code     2  init_alloc.o(.text)
    __Heap_Full                              0x08004b1f   Thumb Code    34  init_alloc.o(.text)
    __Heap_Broken                            0x08004b41   Thumb Code     6  init_alloc.o(.text)
    _init_alloc                              0x08004b47   Thumb Code    94  init_alloc.o(.text)
    __Heap_Initialize                        0x08004ba5   Thumb Code    14  h1_init_mt.o(.text)
    __Heap_DescSize                          0x08004bb3   Thumb Code     4  h1_init_mt.o(.text)
    _readbuf                                 0x08004bb7   Thumb Code    54  filbuf.o(.text)
    _seteof                                  0x08004bed   Thumb Code    40  filbuf.o(.text)
    __filbuf                                 0x08004c15   Thumb Code   476  filbuf.o(.text)
    __filbuf_byte                            0x08004c15   Thumb Code     0  filbuf.o(.text)
    __filbuf_wide                            0x08004c15   Thumb Code     0  filbuf.o(.text)
    setvbuf                                  0x08004df1   Thumb Code   104  setvbuf_locked.o(.text)
    __rt_SIGRTRED                            0x08004e59   Thumb Code    14  defsig_rtred_outer.o(.text)
    __user_setup_stackheap                   0x08004e67   Thumb Code    74  sys_stackheap_outer.o(.text)
    __rt_locale                              0x08004eb1   Thumb Code    10  rt_locale_twolibspace.o(.text)
    __Heap_ProvideMemory                     0x08004ebb   Thumb Code    62  h1_extend_mt.o(.text)
    __flsbuf                                 0x08004ef9   Thumb Code   470  flsbuf.o(.text)
    __flsbuf_byte                            0x08004ef9   Thumb Code     0  flsbuf.o(.text)
    __flsbuf_wide                            0x08004ef9   Thumb Code     0  flsbuf.o(.text)
    fgets                                    0x080050cf   Thumb Code    86  fgets_locked.o(.text)
    _flushlinebuffered                       0x08005125   Thumb Code    84  flushlinebuffered_locked.o(.text)
    exit                                     0x08005181   Thumb Code    18  exit.o(.text)
    __sig_exit                               0x08005193   Thumb Code    10  defsig_exit.o(.text)
    __rt_SIGRTRED_inner                      0x0800519d   Thumb Code    14  defsig_rtred_inner.o(.text)
    __rt_SIGRTMEM                            0x080051d1   Thumb Code    14  defsig_rtmem_outer.o(.text)
    _sys_exit                                0x080051e1   Thumb Code     8  sys_exit.o(.text)
    __I$use$semihosting                      0x080051ed   Thumb Code     0  use_no_semi.o(.text)
    __use_no_semihosting_swi                 0x080051ed   Thumb Code     2  use_no_semi.o(.text)
    __semihosting_library_function           0x080051ef   Thumb Code     0  indicate_semi.o(.text)
    _terminate_alloc                         0x080051ef   Thumb Code    16  term_alloc.o(.text)
    _printf_char_file                        0x08005201   Thumb Code    58  _printf_char_file_locked.o(.text)
    __default_signal_display                 0x08005241   Thumb Code    50  defsig_general.o(.text)
    __rt_SIGRTMEM_inner                      0x08005275   Thumb Code    22  defsig_rtmem_inner.o(.text)
    _ttywrch                                 0x080052c5   Thumb Code    14  sys_wrch.o(.text)
    __Heap_Finalize                          0x080052d3   Thumb Code    10  h1_final_mt.o(.text)
    OS_Tick_AcknowledgeIRQ                   0x08005391   Thumb Code     8  os_systick.o(.text.OS_Tick_AcknowledgeIRQ)
    OS_Tick_Enable                           0x0800539d   Thumb Code    32  os_systick.o(.text.OS_Tick_Enable)
    OS_Tick_GetClock                         0x080053c9   Thumb Code     8  os_systick.o(.text.OS_Tick_GetClock)
    OS_Tick_GetCount                         0x080053d5   Thumb Code    12  os_systick.o(.text.OS_Tick_GetCount)
    OS_Tick_GetIRQn                          0x080053e5   Thumb Code     6  os_systick.o(.text.OS_Tick_GetIRQn)
    OS_Tick_GetInterval                      0x080053ed   Thumb Code     8  os_systick.o(.text.OS_Tick_GetInterval)
    OS_Tick_GetOverflow                      0x080053f9   Thumb Code    12  os_systick.o(.text.OS_Tick_GetOverflow)
    OS_Tick_Setup                            0x08005409   Thumb Code    48  os_systick.o(.text.OS_Tick_Setup)
    osDelay                                  0x08005515   Thumb Code    32  rtx_delay.o(.text.osDelay)
    osKernelGetState                         0x08005539   Thumb Code    40  rtx_kernel.o(.text.osKernelGetState)
    osKernelGetSysTimerCount                 0x08005569   Thumb Code    32  rtx_kernel.o(.text.osKernelGetSysTimerCount)
    osKernelGetSysTimerFreq                  0x0800558d   Thumb Code    32  rtx_kernel.o(.text.osKernelGetSysTimerFreq)
    osKernelGetTickCount                     0x080055b1   Thumb Code    32  rtx_kernel.o(.text.osKernelGetTickCount)
    osKernelGetTickFreq                      0x080055d9   Thumb Code    32  rtx_kernel.o(.text.osKernelGetTickFreq)
    osKernelInitialize                       0x08005601   Thumb Code    40  rtx_kernel.o(.text.osKernelInitialize)
    osKernelStart                            0x0800562d   Thumb Code    32  rtx_kernel.o(.text.osKernelStart)
    osMessageQueueGet                        0x08005651   Thumb Code   108  rtx_msgqueue.o(.text.osMessageQueueGet)
    osMessageQueuePut                        0x080056c1   Thumb Code   124  rtx_msgqueue.o(.text.osMessageQueuePut)
    osMutexAcquire                           0x08005741   Thumb Code    32  rtx_mutex.o(.text.osMutexAcquire)
    osMutexDelete                            0x08005765   Thumb Code    32  rtx_mutex.o(.text.osMutexDelete)
    osMutexNew                               0x08005789   Thumb Code    32  rtx_mutex.o(.text.osMutexNew)
    osMutexRelease                           0x080057ad   Thumb Code    32  rtx_mutex.o(.text.osMutexRelease)
    osRtxKernelErrorNotify                   0x080057d1   Thumb Code     4  rtx_kernel.o(.text.osRtxKernelErrorNotify)
    osRtxMemoryAlloc                         0x080057d5   Thumb Code   108  rtx_memory.o(.text.osRtxMemoryAlloc)
    osRtxMemoryFree                          0x08005841   Thumb Code    66  rtx_memory.o(.text.osRtxMemoryFree)
    osRtxMemoryInit                          0x08005883   Thumb Code    54  rtx_memory.o(.text.osRtxMemoryInit)
    osRtxMemoryPoolAlloc                     0x080058b9   Thumb Code    58  rtx_mempool.o(.text.osRtxMemoryPoolAlloc)
    osRtxMemoryPoolFree                      0x080058f3   Thumb Code    74  rtx_mempool.o(.text.osRtxMemoryPoolFree)
    osRtxMemoryPoolInit                      0x0800593d   Thumb Code    56  rtx_mempool.o(.text.osRtxMemoryPoolInit)
    osRtxMessageQueueTimerSetup              0x08005a21   Thumb Code    32  rtx_msgqueue.o(.text.osRtxMessageQueueTimerSetup)
    osRtxMutexOwnerRelease                   0x08005a49   Thumb Code    72  rtx_mutex.o(.text.osRtxMutexOwnerRelease)
    osRtxMutexOwnerRestore                   0x08005a91   Thumb Code    66  rtx_mutex.o(.text.osRtxMutexOwnerRestore)
    osRtxPendSV_Handler                      0x08005ad5   Thumb Code   136  rtx_system.o(.text.osRtxPendSV_Handler)
    osRtxPostProcess                         0x08005b61   Thumb Code   108  rtx_system.o(.text.osRtxPostProcess)
    osRtxThreadDelayTick                     0x08005ccd   Thumb Code    72  rtx_thread.o(.text.osRtxThreadDelayTick)
    osRtxThreadDispatch                      0x08005d3d   Thumb Code    80  rtx_thread.o(.text.osRtxThreadDispatch)
    osRtxThreadListGet                       0x08005e07   Thumb Code    18  rtx_thread.o(.text.osRtxThreadListGet)
    osRtxThreadListPut                       0x08005e19   Thumb Code    44  rtx_thread.o(.text.osRtxThreadListPut)
    osRtxThreadListRemove                    0x08005e45   Thumb Code    20  rtx_thread.o(.text.osRtxThreadListRemove)
    osRtxThreadListSort                      0x08005e65   Thumb Code    38  rtx_thread.o(.text.osRtxThreadListSort)
    osRtxThreadReadyPut                      0x08005eb5   Thumb Code    16  rtx_thread.o(.text.osRtxThreadReadyPut)
    osRtxThreadRegPtr                        0x08005ec9   Thumb Code     6  rtx_thread.o(.text.osRtxThreadRegPtr)
    osRtxThreadStartup                       0x08005ed1   Thumb Code    48  rtx_thread.o(.text.osRtxThreadStartup)
    osRtxThreadSwitch                        0x08005f0d   Thumb Code    12  rtx_thread.o(.text.osRtxThreadSwitch)
    osRtxThreadWaitEnter                     0x08005f1d   Thumb Code    56  rtx_thread.o(.text.osRtxThreadWaitEnter)
    osRtxThreadWaitExit                      0x08005f59   Thumb Code    34  rtx_thread.o(.text.osRtxThreadWaitExit)
    osRtxTick_Handler                        0x08005f7d   Thumb Code   116  rtx_system.o(.text.osRtxTick_Handler)
    osRtxTimerSetup                          0x08005ff5   Thumb Code    24  rtx_timer.o(.text.osRtxTimerSetup)
    osRtxTimerThread                         0x08006015   Thumb Code    32  rtx_timer.o(.text.osRtxTimerThread)
    osThreadExit                             0x080060a5   Thumb Code     8  rtx_thread.o(.text.osThreadExit)
    osThreadGetId                            0x080060b1   Thumb Code    32  rtx_thread.o(.text.osThreadGetId)
    osThreadNew                              0x080060d9   Thumb Code    32  rtx_thread.o(.text.osThreadNew)
    __sys_close                              0x08006aa9   Thumb Code   114  fs_sys.o(i.__sys_close)
    __sys_ensure                             0x08006b29   Thumb Code   104  fs_sys.o(i.__sys_ensure)
    __sys_flen                               0x08006b99   Thumb Code   116  fs_sys.o(i.__sys_flen)
    __sys_open                               0x08006c19   Thumb Code   172  fs_sys.o(i.__sys_open)
    __sys_read                               0x08006cd1   Thumb Code   150  fs_sys.o(i.__sys_read)
    __sys_seek                               0x08006d75   Thumb Code   122  fs_sys.o(i.__sys_seek)
    __sys_write                              0x08006dfd   Thumb Code   132  fs_sys.o(i.__sys_write)
    _fdelete                                 0x08006e8d   Thumb Code    98  fs_mapi.o(i._fdelete)
    fat_close                                0x0800769d   Thumb Code   320  fs_fat.o(i.fat_close)
    fat_delete                               0x08007819   Thumb Code   556  fs_fat.o(i.fat_delete)
    fat_flen                                 0x08007a51   Thumb Code    26  fs_fat.o(i.fat_flen)
    fat_flush                                0x08007a71   Thumb Code    74  fs_fat.o(i.fat_flush)
    fat_handle_get                           0x08007ac5   Thumb Code    66  fs_fat.o(i.fat_handle_get)
    fat_init                                 0x08007b11   Thumb Code   130  fs_fat.o(i.fat_init)
    fat_mount                                0x08007b99   Thumb Code   478  fs_fat.o(i.fat_mount)
    fat_open                                 0x08007d7d   Thumb Code   556  fs_fat.o(i.fat_open)
    fat_read                                 0x08007fb5   Thumb Code   304  fs_fat.o(i.fat_read)
    fat_rename                               0x080080f1   Thumb Code   462  fs_fat.o(i.fat_rename)
    fat_seek                                 0x080082c5   Thumb Code   552  fs_fat.o(i.fat_seek)
    fat_uninit                               0x080084f9   Thumb Code    52  fs_fat.o(i.fat_uninit)
    fat_unmount                              0x08008531   Thumb Code    92  fs_fat.o(i.fat_unmount)
    fat_vol_chk                              0x08008599   Thumb Code   212  fs_fat.o(i.fat_vol_chk)
    fat_write                                0x0800866d   Thumb Code   464  fs_fat.o(i.fat_write)
    _fgetc$unlocked                          0x08008849   Thumb Code    24  fgetc.o(i.fgetc)
    finit                                    0x08008909   Thumb Code    78  fs_mapi.o(i.finit)
    fmount                                   0x08008961   Thumb Code    92  fs_mapi.o(i.fmount)
    _fputc$unlocked                          0x08008a1f   Thumb Code    26  fputc.o(i.fputc)
    frename                                  0x0800900d   Thumb Code   100  fs_mapi.o(i.frename)
    fs_drive_id                              0x08009121   Thumb Code   188  fs_common.o(i.fs_drive_id)
    fs_get_time                              0x080091ed   Thumb Code    26  fs_time.o(i.fs_get_time)
    fs_mc_lock_unlock                        0x08009207   Thumb Code     4  fs_mc_mci.o(i.fs_mc_lock_unlock)
    fs_mc_read_cd                            0x0800920b   Thumb Code     6  fs_mc_spi.o(i.fs_mc_read_cd)
    fs_mc_read_wp                            0x08009211   Thumb Code     6  fs_mc_spi.o(i.fs_mc_read_wp)
    fs_mc_spi_control_ss                     0x08009217   Thumb Code     6  fs_mc_spi.o(i.fs_mc_spi_control_ss)
    fs_set_cdrive                            0x0800921d   Thumb Code    24  fs_common.o(i.fs_set_cdrive)
    funinit                                  0x0800935d   Thumb Code    62  fs_mapi.o(i.funinit)
    funmount                                 0x080093a5   Thumb Code    92  fs_mapi.o(i.funmount)
    get_u16                                  0x0800946d   Thumb Code    16  fs_common.o(i.get_u16)
    get_u32                                  0x0800947d   Thumb Code    22  fs_common.o(i.get_u32)
    mc_spi_DevCtrl                           0x08009c3d   Thumb Code   266  fs_mc_spi.o(i.mc_spi_DevCtrl)
    mc_spi_DrvEvent                          0x08009d4d   Thumb Code     8  fs_mc_spi.o(i.mc_spi_DrvEvent)
    mc_spi_Init                              0x08009d55   Thumb Code  1194  fs_mc_spi.o(i.mc_spi_Init)
    mc_spi_ReadInfo                          0x0800a205   Thumb Code    64  fs_mc_spi.o(i.mc_spi_ReadInfo)
    mc_spi_ReadSector                        0x0800a249   Thumb Code   122  fs_mc_spi.o(i.mc_spi_ReadSector)
    mc_spi_UnInit                            0x0800a2c9   Thumb Code    78  fs_mc_spi.o(i.mc_spi_UnInit)
    mc_spi_WriteSector                       0x0800a31d   Thumb Code   122  fs_mc_spi.o(i.mc_spi_WriteSector)
    set_u16                                  0x0800ad7b   Thumb Code     8  fs_common.o(i.set_u16)
    set_u32                                  0x0800ad83   Thumb Code    16  fs_common.o(i.set_u32)
    _get_lc_ctype                            0x0800af7d   Thumb Code    44  lc_ctype_c.o(locale$$code)
    osRtxUserSVC                             0x0800b020   Data           4  rtx_lib.o(.constdata)
    Driver_SPI1                              0x0800b098   Data          44  spi_stm32f4xx.o(.constdata)
    EventRecorderInfo                        0x0800b0c4   Data          24  eventrecorder.o(.constdata)
    __stdin_name                             0x0800b0dc   Data           7  retarget_io.o(.constdata)
    __stdout_name                            0x0800b0e3   Data           8  retarget_io.o(.constdata)
    __stderr_name                            0x0800b0eb   Data           8  retarget_io.o(.constdata)
    AHBPrescTable                            0x0800b0fb   Data          16  system_stm32f4xx.o(.constdata)
    APBPrescTable                            0x0800b10b   Data           8  system_stm32f4xx.o(.constdata)
    fs_fat_fh_cnt                            0x0800b113   Data           1  fs_config.o(.constdata)
    fs_efs_fh_cnt                            0x0800b114   Data           1  fs_config.o(.constdata)
    fs_ndrv                                  0x0800b115   Data           1  fs_config.o(.constdata)
    fs_DevPool                               0x0800b140   Data           8  fs_config.o(.constdata)
    osRtxConfig                              0x0800b648   Data         112  rtx_lib.o(.rodata)
    os_cb_sections                           0x0800b6b8   Data          56  rtx_lib.o(.rodata)
    Region$$Table$$Base                      0x0800b6fc   Number         0  anon$$obj.o(Region$$Table)
    Region$$Table$$Limit                     0x0800b71c   Number         0  anon$$obj.o(Region$$Table)
    __ctype                                  0x0800b729   Data           0  lc_ctype_c.o(locale$$data)
    .bss.os.msgqueue.cb$$Base                0x20008230   Number         0  rtx_lib.o(.bss.os.msgqueue.cb)
    .bss.os.msgqueue.cb$$Limit               0x20008264   Number         0  rtx_lib.o(.bss.os.msgqueue.cb)
    .bss.os.mutex.cb$$Base                   0x200082b4   Number         0  fs_config.o(.bss.os.mutex.cb)
    .bss.os.mutex.cb$$Limit                  0x200082d0   Number         0  fs_config.o(.bss.os.mutex.cb)
    .bss.os.thread.cb$$Base                  0x200082d0   Number         0  rtx_lib.o(.bss.os.thread.cb)
    .bss.os.thread.cb$$Limit                 0x20008358   Number         0  rtx_lib.o(.bss.os.thread.cb)
    statusINSIDE                             0x20008758   Data           1  main.o(.data)
    estado                                   0x20008759   Data           1  main.o(.data)
    ITM_RxBuffer                             0x20008764   Data           4  retarget_io.o(.data)
    uwTickFreq                               0x20008768   Data           1  stm32f4xx_hal.o(.data)
    uwTickPrio                               0x2000876c   Data           4  stm32f4xx_hal.o(.data)
    uwTick                                   0x20008770   Data           4  stm32f4xx_hal.o(.data)
    SystemCoreClock                          0x20008774   Data           4  system_stm32f4xx.o(.data)
    fs_ms_rtos_tick                          0x20008778   Data           4  fs_config.o(.data)
    __aeabi_stdin                            0x20008780   Data           4  stdio_streams.o(.data)
    __aeabi_stdout                           0x20008784   Data           4  stdio_streams.o(.data)
    __aeabi_stderr                           0x20008788   Data           4  stdio_streams.o(.data)
    _stream_list_lock                        0x2000878c   Data           4  streamlock.o(.data)
    osRtxInfo                                0x20008790   Data         164  rtx_kernel.o(.data.os)
    timestamp                                0x20008834   Data          18  main.o(.bss)
    fs_fat_fh                                0x20008874   Data         144  fs_config.o(.bss)
    fs_efs_fh                                0x20008904   Data          28  fs_config.o(.bss)
    fs_mc0_spi                               0x200089a4   Data          32  fs_config.o(.bss)
    __stdin                                  0x20009dc4   Data          84  stdio_streams.o(.bss)
    __stdout                                 0x20009e18   Data          84  stdio_streams.o(.bss)
    __stderr                                 0x20009e6c   Data          84  stdio_streams.o(.bss)
    __libspace_start                         0x20009ec0   Data          96  libspace.o(.bss)
    __temporary_stack_top$libspace           0x20009f20   Data           0  libspace.o(.bss)



==============================================================================

Memory Map of the image

  Image Entry point : 0x080001ad

  Load Region LR_IROM1 (Base: 0x08000000, Size: 0x00014060, Max: 0x00200000, ABSOLUTE, COMPRESSED[0x0000b954])

    Execution Region ER_IROM1 (Exec base: 0x08000000, Load base: 0x08000000, Size: 0x0000b82c, Max: 0x00200000, ABSOLUTE)

    Exec Addr    Load Addr    Size         Type   Attr      Idx    E Section Name        Object

    0x08000000   0x08000000   0x000001ac   Data   RO          658    RESET               startup_stm32f429xx.o
    0x080001ac   0x080001ac   0x00000008   Code   RO         1904  * !!!main             c_w.l(__main.o)
    0x080001b4   0x080001b4   0x00000034   Code   RO         2278    !!!scatter          c_w.l(__scatter.o)
    0x080001e8   0x080001e8   0x0000005a   Code   RO         2276    !!dczerorl2         c_w.l(__dczerorl2.o)
    0x08000242   0x08000242   0x00000002   PAD
    0x08000244   0x08000244   0x0000001c   Code   RO         2280    !!handler_zi        c_w.l(__scatter_zi.o)
    0x08000260   0x08000260   0x00000000   Code   RO         1855    .ARM.Collect$$_printf_percent$$00000000  c_w.l(_printf_percent.o)
    0x08000260   0x08000260   0x00000006   Code   RO         1854    .ARM.Collect$$_printf_percent$$00000009  c_w.l(_printf_d.o)
    0x08000266   0x08000266   0x00000006   Code   RO         1853    .ARM.Collect$$_printf_percent$$00000014  c_w.l(_printf_s.o)
    0x0800026c   0x0800026c   0x00000004   Code   RO         1990    .ARM.Collect$$_printf_percent$$00000017  c_w.l(_printf_percent_end.o)
    0x08000270   0x08000270   0x00000002   Code   RO         2207    .ARM.Collect$$libinit$$00000000  c_w.l(libinit.o)
    0x08000272   0x08000272   0x00000000   Code   RO         2081    .ARM.Collect$$libinit$$00000002  c_w.l(libinit2.o)
    0x08000272   0x08000272   0x00000000   Code   RO         2083    .ARM.Collect$$libinit$$00000004  c_w.l(libinit2.o)
    0x08000272   0x08000272   0x00000008   Code   RO         2084    .ARM.Collect$$libinit$$00000005  c_w.l(libinit2.o)
    0x0800027a   0x0800027a   0x00000000   Code   RO         2086    .ARM.Collect$$libinit$$0000000A  c_w.l(libinit2.o)
    0x0800027a   0x0800027a   0x00000000   Code   RO         2088    .ARM.Collect$$libinit$$0000000C  c_w.l(libinit2.o)
    0x0800027a   0x0800027a   0x00000000   Code   RO         2090    .ARM.Collect$$libinit$$0000000E  c_w.l(libinit2.o)
    0x0800027a   0x0800027a   0x00000006   Code   RO         2091    .ARM.Collect$$libinit$$0000000F  c_w.l(libinit2.o)
    0x08000280   0x08000280   0x00000000   Code   RO         2093    .ARM.Collect$$libinit$$00000011  c_w.l(libinit2.o)
    0x08000280   0x08000280   0x0000000c   Code   RO         2094    .ARM.Collect$$libinit$$00000012  c_w.l(libinit2.o)
    0x0800028c   0x0800028c   0x00000000   Code   RO         2095    .ARM.Collect$$libinit$$00000013  c_w.l(libinit2.o)
    0x0800028c   0x0800028c   0x00000000   Code   RO         2097    .ARM.Collect$$libinit$$00000015  c_w.l(libinit2.o)
    0x0800028c   0x0800028c   0x00000000   Code   RO         2099    .ARM.Collect$$libinit$$00000017  c_w.l(libinit2.o)
    0x0800028c   0x0800028c   0x00000000   Code   RO         2101    .ARM.Collect$$libinit$$00000019  c_w.l(libinit2.o)
    0x0800028c   0x0800028c   0x00000000   Code   RO         2103    .ARM.Collect$$libinit$$0000001B  c_w.l(libinit2.o)
    0x0800028c   0x0800028c   0x00000000   Code   RO         2105    .ARM.Collect$$libinit$$0000001D  c_w.l(libinit2.o)
    0x0800028c   0x0800028c   0x00000000   Code   RO         2107    .ARM.Collect$$libinit$$0000001F  c_w.l(libinit2.o)
    0x0800028c   0x0800028c   0x00000000   Code   RO         2109    .ARM.Collect$$libinit$$00000021  c_w.l(libinit2.o)
    0x0800028c   0x0800028c   0x00000000   Code   RO         2111    .ARM.Collect$$libinit$$00000023  c_w.l(libinit2.o)
    0x0800028c   0x0800028c   0x00000004   Code   RO         2112    .ARM.Collect$$libinit$$00000024  c_w.l(libinit2.o)
    0x08000290   0x08000290   0x00000000   Code   RO         2113    .ARM.Collect$$libinit$$00000025  c_w.l(libinit2.o)
    0x08000290   0x08000290   0x00000000   Code   RO         2117    .ARM.Collect$$libinit$$0000002C  c_w.l(libinit2.o)
    0x08000290   0x08000290   0x00000000   Code   RO         2119    .ARM.Collect$$libinit$$0000002E  c_w.l(libinit2.o)
    0x08000290   0x08000290   0x00000000   Code   RO         2121    .ARM.Collect$$libinit$$00000030  c_w.l(libinit2.o)
    0x08000290   0x08000290   0x00000000   Code   RO         2123    .ARM.Collect$$libinit$$00000032  c_w.l(libinit2.o)
    0x08000290   0x08000290   0x00000002   Code   RO         2124    .ARM.Collect$$libinit$$00000033  c_w.l(libinit2.o)
    0x08000292   0x08000292   0x00000002   Code   RO         2274    .ARM.Collect$$libshutdown$$00000000  c_w.l(libshutdown.o)
    0x08000294   0x08000294   0x00000000   Code   RO         2126    .ARM.Collect$$libshutdown$$00000002  c_w.l(libshutdown2.o)
    0x08000294   0x08000294   0x00000000   Code   RO         2128    .ARM.Collect$$libshutdown$$00000004  c_w.l(libshutdown2.o)
    0x08000294   0x08000294   0x00000004   Code   RO         2129    .ARM.Collect$$libshutdown$$00000005  c_w.l(libshutdown2.o)
    0x08000298   0x08000298   0x00000000   Code   RO         2130    .ARM.Collect$$libshutdown$$00000006  c_w.l(libshutdown2.o)
    0x08000298   0x08000298   0x00000000   Code   RO         2133    .ARM.Collect$$libshutdown$$00000009  c_w.l(libshutdown2.o)
    0x08000298   0x08000298   0x00000000   Code   RO         2136    .ARM.Collect$$libshutdown$$0000000C  c_w.l(libshutdown2.o)
    0x08000298   0x08000298   0x00000000   Code   RO         2138    .ARM.Collect$$libshutdown$$0000000E  c_w.l(libshutdown2.o)
    0x08000298   0x08000298   0x00000004   Code   RO         2139    .ARM.Collect$$libshutdown$$0000000F  c_w.l(libshutdown2.o)
    0x0800029c   0x0800029c   0x00000000   Code   RO         2141    .ARM.Collect$$libshutdown$$00000011  c_w.l(libshutdown2.o)
    0x0800029c   0x0800029c   0x00000002   Code   RO         2142    .ARM.Collect$$libshutdown$$00000012  c_w.l(libshutdown2.o)
    0x0800029e   0x0800029e   0x00000000   Code   RO         1909    .ARM.Collect$$rtentry$$00000000  c_w.l(__rtentry.o)
    0x0800029e   0x0800029e   0x00000000   Code   RO         2015    .ARM.Collect$$rtentry$$00000002  c_w.l(__rtentry2.o)
    0x0800029e   0x0800029e   0x00000006   Code   RO         2027    .ARM.Collect$$rtentry$$00000004  c_w.l(__rtentry4.o)
    0x080002a4   0x080002a4   0x00000008   Code   RO         2016    .ARM.Collect$$rtentry$$00000008  c_w.l(__rtentry2.o)
    0x080002ac   0x080002ac   0x00000004   Code   RO         2018    .ARM.Collect$$rtentry$$0000000A  c_w.l(__rtentry2.o)
    0x080002b0   0x080002b0   0x00000000   Code   RO         2020    .ARM.Collect$$rtentry$$0000000C  c_w.l(__rtentry2.o)
    0x080002b0   0x080002b0   0x00000008   Code   RO         2021    .ARM.Collect$$rtentry$$0000000D  c_w.l(__rtentry2.o)
    0x080002b8   0x080002b8   0x00000002   Code   RO         2217    .ARM.Collect$$rtexit$$00000000  c_w.l(rtexit.o)
    0x080002ba   0x080002ba   0x00000000   Code   RO         2244    .ARM.Collect$$rtexit$$00000002  c_w.l(rtexit2.o)
    0x080002ba   0x080002ba   0x00000004   Code   RO         2245    .ARM.Collect$$rtexit$$00000003  c_w.l(rtexit2.o)
    0x080002be   0x080002be   0x00000006   Code   RO         2246    .ARM.Collect$$rtexit$$00000004  c_w.l(rtexit2.o)
    0x080002c4   0x080002c4   0x00000074   Code   RO          323    .emb_text           eventrecorder.o
    0x08000338   0x08000338   0x00000000   Code   RO         2161    .emb_text           c_w.l(maybetermalloc2.o)
    0x08000338   0x08000338   0x00000bf4   Code   RO            4    .text               main.o
    0x08000f2c   0x08000f2c   0x000000ec   Code   RO          151    .text               led_nucleo_f429zi.o
    0x08001018   0x08001018   0x000001c8   Code   RO          177    .text               rtx_lib.o
    0x080011e0   0x080011e0   0x00000004   Code   RO          239    .text               rtx_config.o
    0x080011e4   0x080011e4   0x00000bb0   Code   RO          267    .text               spi_stm32f4xx.o
    0x08001d94   0x08001d94   0x000004e4   Code   RO          324    .text               eventrecorder.o
    0x08002278   0x08002278   0x00000168   Code   RO          359    .text               retarget_io.o
    0x080023e0   0x080023e0   0x000001c4   Code   RO          407    .text               stm32f4xx_hal.o
    0x080025a4   0x080025a4   0x00000284   Code   RO          437    .text               stm32f4xx_hal_cortex.o
    0x08002828   0x08002828   0x000006b8   Code   RO          465    .text               stm32f4xx_hal_dma.o
    0x08002ee0   0x08002ee0   0x0000038c   Code   RO          514    .text               stm32f4xx_hal_gpio.o
    0x0800326c   0x0800326c   0x000006d4   Code   RO          586    .text               stm32f4xx_hal_rcc.o
    0x08003940   0x08003940   0x00000040   Code   RO          659    .text               startup_stm32f429xx.o
    0x08003980   0x08003980   0x00000088   Code   RO          666    .text               system_stm32f4xx.o
    0x08003a08   0x08003a08   0x00000190   Code   RO          695    .text               fs_config.o
    0x08003b98   0x08003b98   0x0000005a   Code   RO          745    .text               fs_debug.o
    0x08003bf2   0x08003bf2   0x00000002   PAD
    0x08003bf4   0x08003bf4   0x00000094   Code   RO         1079    .text               RTX_CM3.lib(irq_armv7m.o)
    0x08003c88   0x08003c88   0x00000004   Code   RO         1811    .text               c_w.l(rt_errno_addr_twolibspace.o)
    0x08003c8c   0x08003c8c   0x000000ee   Code   RO         1813    .text               c_w.l(lludivv7m.o)
    0x08003d7a   0x08003d7a   0x00000002   PAD
    0x08003d7c   0x08003d7c   0x00000018   Code   RO         1821    .text               c_w.l(noretval__2printf.o)
    0x08003d94   0x08003d94   0x00000014   Code   RO         1823    .text               c_w.l(noretval__2fprintf.o)
    0x08003da8   0x08003da8   0x00000034   Code   RO         1825    .text               c_w.l(noretval__2snprintf.o)
    0x08003ddc   0x08003ddc   0x00000068   Code   RO         1827    .text               c_w.l(__printf.o)
    0x08003e44   0x08003e44   0x00000052   Code   RO         1829    .text               c_w.l(_printf_str.o)
    0x08003e96   0x08003e96   0x00000002   PAD
    0x08003e98   0x08003e98   0x00000078   Code   RO         1831    .text               c_w.l(_printf_dec.o)
    0x08003f10   0x08003f10   0x000000f8   Code   RO         1860    .text               c_w.l(fseek.o)
    0x08004008   0x08004008   0x00000016   Code   RO         1862    .text               c_w.l(rewind.o)
    0x0800401e   0x0800401e   0x0000004c   Code   RO         1872    .text               c_w.l(fclose.o)
    0x0800406a   0x0800406a   0x00000002   PAD
    0x0800406c   0x0800406c   0x00000034   Code   RO         1874    .text               c_w.l(fclose_locked.o)
    0x080040a0   0x080040a0   0x0000002c   Code   RO         1876    .text               c_w.l(fseek_locked.o)
    0x080040cc   0x080040cc   0x00000090   Code   RO         1878    .text               c_w.l(fflush_locked.o)
    0x0800415c   0x0800415c   0x00000144   Code   RO         1880    .text               c_w.l(fopen_locked.o)
    0x080042a0   0x080042a0   0x00000024   Code   RO         1882    .text               c_w.l(strstr.o)
    0x080042c4   0x080042c4   0x00000048   Code   RO         1884    .text               c_w.l(strcpy.o)
    0x0800430c   0x0800430c   0x00000032   Code   RO         1886    .text               c_w.l(strncasecmp.o)
    0x0800433e   0x0800433e   0x0000003e   Code   RO         1888    .text               c_w.l(strlen.o)
    0x0800437c   0x0800437c   0x0000008a   Code   RO         1890    .text               c_w.l(rt_memcpy_v6.o)
    0x08004406   0x08004406   0x00000064   Code   RO         1892    .text               c_w.l(rt_memcpy_w.o)
    0x0800446a   0x0800446a   0x00000044   Code   RO         1896    .text               c_w.l(rt_memclr.o)
    0x080044ae   0x080044ae   0x0000004e   Code   RO         1898    .text               c_w.l(rt_memclr_w.o)
    0x080044fc   0x080044fc   0x00000080   Code   RO         1900    .text               c_w.l(strcmpv7m.o)
    0x0800457c   0x0800457c   0x00000006   Code   RO         1902    .text               c_w.l(heapauxi.o)
    0x08004582   0x08004582   0x00000002   PAD
    0x08004584   0x08004584   0x00000008   Code   RO         1906    .text               c_w.l(libspace.o)
    0x0800458c   0x0800458c   0x0000009e   Code   RO         1922    .text               c_w.l(h1_alloc_mt.o)
    0x0800462a   0x0800462a   0x00000076   Code   RO         1924    .text               c_w.l(h1_free_mt.o)
    0x080046a0   0x080046a0   0x0000001a   Code   RO         1976    .text               c_w.l(tolower.o)
    0x080046ba   0x080046ba   0x000000b2   Code   RO         1978    .text               c_w.l(_printf_intcommon.o)
    0x0800476c   0x0800476c   0x00000030   Code   RO         1980    .text               c_w.l(_printf_char_common.o)
    0x0800479c   0x0800479c   0x0000000a   Code   RO         1982    .text               c_w.l(_sputc.o)
    0x080047a6   0x080047a6   0x00000010   Code   RO         1984    .text               c_w.l(_snputc.o)
    0x080047b6   0x080047b6   0x0000002c   Code   RO         1986    .text               c_w.l(_printf_char.o)
    0x080047e2   0x080047e2   0x00000042   Code   RO         1999    .text               c_w.l(ftell.o)
    0x08004824   0x08004824   0x000000f0   Code   RO         2001    .text               c_w.l(stdio.o)
    0x08004914   0x08004914   0x00000020   Code   RO         2008    .text               c_w.l(clearerr_locked.o)
    0x08004934   0x08004934   0x000001c8   Code   RO         2012    .text               c_w.l(initio_locked.o)
    0x08004afc   0x08004afc   0x00000010   Code   RO         2029    .text               c_w.l(rt_ctype_table.o)
    0x08004b0c   0x08004b0c   0x0000000a   Code   RO         2038    .text               c_w.l(rt_heap_descriptor_twolibspace.o)
    0x08004b16   0x08004b16   0x00000004   Code   RO         2040    .text               c_w.l(hguard.o)
    0x08004b1a   0x08004b1a   0x0000008a   Code   RO         2042    .text               c_w.l(init_alloc.o)
    0x08004ba4   0x08004ba4   0x00000012   Code   RO         2048    .text               c_w.l(h1_init_mt.o)
    0x08004bb6   0x08004bb6   0x0000023a   Code   RO         2062    .text               c_w.l(filbuf.o)
    0x08004df0   0x08004df0   0x00000068   Code   RO         2072    .text               c_w.l(setvbuf_locked.o)
    0x08004e58   0x08004e58   0x0000000e   Code   RO         2074    .text               c_w.l(defsig_rtred_outer.o)
    0x08004e66   0x08004e66   0x0000004a   Code   RO         2147    .text               c_w.l(sys_stackheap_outer.o)
    0x08004eb0   0x08004eb0   0x0000000a   Code   RO         2156    .text               c_w.l(rt_locale_twolibspace.o)
    0x08004eba   0x08004eba   0x0000003e   Code   RO         2164    .text               c_w.l(h1_extend_mt.o)
    0x08004ef8   0x08004ef8   0x000001d6   Code   RO         2166    .text               c_w.l(flsbuf.o)
    0x080050ce   0x080050ce   0x00000056   Code   RO         2174    .text               c_w.l(fgets_locked.o)
    0x08005124   0x08005124   0x0000005c   Code   RO         2180    .text               c_w.l(flushlinebuffered_locked.o)
    0x08005180   0x08005180   0x00000012   Code   RO         2185    .text               c_w.l(exit.o)
    0x08005192   0x08005192   0x0000000a   Code   RO         2187    .text               c_w.l(defsig_exit.o)
    0x0800519c   0x0800519c   0x00000034   Code   RO         2193    .text               c_w.l(defsig_rtred_inner.o)
    0x080051d0   0x080051d0   0x0000000e   Code   RO         2195    .text               c_w.l(defsig_rtmem_outer.o)
    0x080051de   0x080051de   0x00000002   PAD
    0x080051e0   0x080051e0   0x0000000c   Code   RO         2212    .text               c_w.l(sys_exit.o)
    0x080051ec   0x080051ec   0x00000002   Code   RO         2214    .text               c_w.l(use_no_semi.o)
    0x080051ee   0x080051ee   0x00000000   Code   RO         2216    .text               c_w.l(indicate_semi.o)
    0x080051ee   0x080051ee   0x00000010   Code   RO         2219    .text               c_w.l(term_alloc.o)
    0x080051fe   0x080051fe   0x00000002   PAD
    0x08005200   0x08005200   0x00000040   Code   RO         2221    .text               c_w.l(_printf_char_file_locked.o)
    0x08005240   0x08005240   0x00000032   Code   RO         2229    .text               c_w.l(defsig_general.o)
    0x08005272   0x08005272   0x00000002   PAD
    0x08005274   0x08005274   0x00000050   Code   RO         2233    .text               c_w.l(defsig_rtmem_inner.o)
    0x080052c4   0x080052c4   0x0000000e   Code   RO         2241    .text               c_w.l(sys_wrch.o)
    0x080052d2   0x080052d2   0x0000000a   Code   RO         2252    .text               c_w.l(h1_final_mt.o)
    0x080052dc   0x080052dc   0x00000040   Code   RO         1370    .text.MessageQueueGet  RTX_CM3.lib(rtx_msgqueue.o)
    0x0800531c   0x0800531c   0x00000058   Code   RO         1364    .text.MessageQueuePut  RTX_CM3.lib(rtx_msgqueue.o)
    0x08005374   0x08005374   0x0000001c   Code   RO         1362    .text.MessageQueueRemove  RTX_CM3.lib(rtx_msgqueue.o)
    0x08005390   0x08005390   0x0000000c   Code   RO         1408    .text.OS_Tick_AcknowledgeIRQ  RTX_CM3.lib(os_systick.o)
    0x0800539c   0x0800539c   0x0000002c   Code   RO         1404    .text.OS_Tick_Enable  RTX_CM3.lib(os_systick.o)
    0x080053c8   0x080053c8   0x0000000c   Code   RO         1412    .text.OS_Tick_GetClock  RTX_CM3.lib(os_systick.o)
    0x080053d4   0x080053d4   0x00000010   Code   RO         1416    .text.OS_Tick_GetCount  RTX_CM3.lib(os_systick.o)
    0x080053e4   0x080053e4   0x00000006   Code   RO         1410    .text.OS_Tick_GetIRQn  RTX_CM3.lib(os_systick.o)
    0x080053ea   0x080053ea   0x00000002   PAD
    0x080053ec   0x080053ec   0x0000000c   Code   RO         1414    .text.OS_Tick_GetInterval  RTX_CM3.lib(os_systick.o)
    0x080053f8   0x080053f8   0x00000010   Code   RO         1418    .text.OS_Tick_GetOverflow  RTX_CM3.lib(os_systick.o)
    0x08005408   0x08005408   0x00000040   Code   RO         1402    .text.OS_Tick_Setup  RTX_CM3.lib(os_systick.o)
    0x08005448   0x08005448   0x0000000c   Code   RO          826    .text.OUTLINED_FUNCTION_0  RTX_CM3.lib(rtx_kernel.o)
    0x08005454   0x08005454   0x0000000c   Code   RO         1378    .text.OUTLINED_FUNCTION_0  RTX_CM3.lib(rtx_msgqueue.o)
    0x08005460   0x08005460   0x00000006   Code   RO          828    .text.OUTLINED_FUNCTION_1  RTX_CM3.lib(rtx_kernel.o)
    0x08005466   0x08005466   0x00000064   Code   RO          920    .text.ThreadFlagsCheck  RTX_CM3.lib(rtx_thread.o)
    0x080054ca   0x080054ca   0x00000002   PAD
    0x080054cc   0x080054cc   0x00000048   Code   RO         1020    .text.TimerInsert   RTX_CM3.lib(rtx_timer.o)
    0x08005514   0x08005514   0x00000024   Code   RO          986    .text.osDelay       RTX_CM3.lib(rtx_delay.o)
    0x08005538   0x08005538   0x00000030   Code   RO          778    .text.osKernelGetState  RTX_CM3.lib(rtx_kernel.o)
    0x08005568   0x08005568   0x00000024   Code   RO          802    .text.osKernelGetSysTimerCount  RTX_CM3.lib(rtx_kernel.o)
    0x0800558c   0x0800558c   0x00000024   Code   RO          806    .text.osKernelGetSysTimerFreq  RTX_CM3.lib(rtx_kernel.o)
    0x080055b0   0x080055b0   0x00000028   Code   RO          794    .text.osKernelGetTickCount  RTX_CM3.lib(rtx_kernel.o)
    0x080055d8   0x080055d8   0x00000028   Code   RO          798    .text.osKernelGetTickFreq  RTX_CM3.lib(rtx_kernel.o)
    0x08005600   0x08005600   0x0000002c   Code   RO          772    .text.osKernelInitialize  RTX_CM3.lib(rtx_kernel.o)
    0x0800562c   0x0800562c   0x00000024   Code   RO          782    .text.osKernelStart  RTX_CM3.lib(rtx_kernel.o)
    0x08005650   0x08005650   0x00000070   Code   RO         1338    .text.osMessageQueueGet  RTX_CM3.lib(rtx_msgqueue.o)
    0x080056c0   0x080056c0   0x00000080   Code   RO         1336    .text.osMessageQueuePut  RTX_CM3.lib(rtx_msgqueue.o)
    0x08005740   0x08005740   0x00000024   Code   RO         1052    .text.osMutexAcquire  RTX_CM3.lib(rtx_mutex.o)
    0x08005764   0x08005764   0x00000024   Code   RO         1058    .text.osMutexDelete  RTX_CM3.lib(rtx_mutex.o)
    0x08005788   0x08005788   0x00000024   Code   RO         1048    .text.osMutexNew    RTX_CM3.lib(rtx_mutex.o)
    0x080057ac   0x080057ac   0x00000024   Code   RO         1054    .text.osMutexRelease  RTX_CM3.lib(rtx_mutex.o)
    0x080057d0   0x080057d0   0x00000004   Code   RO          770    .text.osRtxKernelErrorNotify  RTX_CM3.lib(rtx_kernel.o)
    0x080057d4   0x080057d4   0x0000006c   Code   RO         1264    .text.osRtxMemoryAlloc  RTX_CM3.lib(rtx_memory.o)
    0x08005840   0x08005840   0x00000042   Code   RO         1266    .text.osRtxMemoryFree  RTX_CM3.lib(rtx_memory.o)
    0x08005882   0x08005882   0x00000036   Code   RO         1262    .text.osRtxMemoryInit  RTX_CM3.lib(rtx_memory.o)
    0x080058b8   0x080058b8   0x0000003a   Code   RO         1278    .text.osRtxMemoryPoolAlloc  RTX_CM3.lib(rtx_mempool.o)
    0x080058f2   0x080058f2   0x0000004a   Code   RO         1280    .text.osRtxMemoryPoolFree  RTX_CM3.lib(rtx_mempool.o)
    0x0800593c   0x0800593c   0x00000038   Code   RO         1276    .text.osRtxMemoryPoolInit  RTX_CM3.lib(rtx_mempool.o)
    0x08005974   0x08005974   0x000000aa   Code   RO         1360    .text.osRtxMessageQueuePostProcess  RTX_CM3.lib(rtx_msgqueue.o)
    0x08005a1e   0x08005a1e   0x00000002   PAD
    0x08005a20   0x08005a20   0x00000028   Code   RO         1328    .text.osRtxMessageQueueTimerSetup  RTX_CM3.lib(rtx_msgqueue.o)
    0x08005a48   0x08005a48   0x00000048   Code   RO         1044    .text.osRtxMutexOwnerRelease  RTX_CM3.lib(rtx_mutex.o)
    0x08005a90   0x08005a90   0x00000042   Code   RO         1046    .text.osRtxMutexOwnerRestore  RTX_CM3.lib(rtx_mutex.o)
    0x08005ad2   0x08005ad2   0x00000002   PAD
    0x08005ad4   0x08005ad4   0x0000008c   Code   RO         1390    .text.osRtxPendSV_Handler  RTX_CM3.lib(rtx_system.o)
    0x08005b60   0x08005b60   0x00000074   Code   RO         1392    .text.osRtxPostProcess  RTX_CM3.lib(rtx_system.o)
    0x08005bd4   0x08005bd4   0x00000038   Code   RO          860    .text.osRtxThreadBlock  RTX_CM3.lib(rtx_thread.o)
    0x08005c0c   0x08005c0c   0x00000080   Code   RO          868    .text.osRtxThreadDelayInsert  RTX_CM3.lib(rtx_thread.o)
    0x08005c8c   0x08005c8c   0x00000040   Code   RO          864    .text.osRtxThreadDelayRemove  RTX_CM3.lib(rtx_thread.o)
    0x08005ccc   0x08005ccc   0x0000004c   Code   RO          850    .text.osRtxThreadDelayTick  RTX_CM3.lib(rtx_thread.o)
    0x08005d18   0x08005d18   0x00000024   Code   RO          952    .text.osRtxThreadDestroy  RTX_CM3.lib(rtx_thread.o)
    0x08005d3c   0x08005d3c   0x00000054   Code   RO          858    .text.osRtxThreadDispatch  RTX_CM3.lib(rtx_thread.o)
    0x08005d90   0x08005d90   0x00000058   Code   RO          944    .text.osRtxThreadFree  RTX_CM3.lib(rtx_thread.o)
    0x08005de8   0x08005de8   0x0000001e   Code   RO          950    .text.osRtxThreadJoinWakeup  RTX_CM3.lib(rtx_thread.o)
    0x08005e06   0x08005e06   0x00000012   Code   RO          842    .text.osRtxThreadListGet  RTX_CM3.lib(rtx_thread.o)
    0x08005e18   0x08005e18   0x0000002c   Code   RO          840    .text.osRtxThreadListPut  RTX_CM3.lib(rtx_thread.o)
    0x08005e44   0x08005e44   0x00000014   Code   RO          846    .text.osRtxThreadListRemove  RTX_CM3.lib(rtx_thread.o)
    0x08005e58   0x08005e58   0x0000000c   Code   RO          852    .text.osRtxThreadListRoot  RTX_CM3.lib(rtx_thread.o)
    0x08005e64   0x08005e64   0x00000026   Code   RO          844    .text.osRtxThreadListSort  RTX_CM3.lib(rtx_thread.o)
    0x08005e8a   0x08005e8a   0x00000028   Code   RO          918    .text.osRtxThreadPostProcess  RTX_CM3.lib(rtx_thread.o)
    0x08005eb2   0x08005eb2   0x00000002   PAD
    0x08005eb4   0x08005eb4   0x00000014   Code   RO          848    .text.osRtxThreadReadyPut  RTX_CM3.lib(rtx_thread.o)
    0x08005ec8   0x08005ec8   0x00000006   Code   RO          854    .text.osRtxThreadRegPtr  RTX_CM3.lib(rtx_thread.o)
    0x08005ece   0x08005ece   0x00000002   PAD
    0x08005ed0   0x08005ed0   0x0000003c   Code   RO          870    .text.osRtxThreadStartup  RTX_CM3.lib(rtx_thread.o)
    0x08005f0c   0x08005f0c   0x00000010   Code   RO          856    .text.osRtxThreadSwitch  RTX_CM3.lib(rtx_thread.o)
    0x08005f1c   0x08005f1c   0x0000003c   Code   RO          866    .text.osRtxThreadWaitEnter  RTX_CM3.lib(rtx_thread.o)
    0x08005f58   0x08005f58   0x00000022   Code   RO          862    .text.osRtxThreadWaitExit  RTX_CM3.lib(rtx_thread.o)
    0x08005f7a   0x08005f7a   0x00000002   PAD
    0x08005f7c   0x08005f7c   0x00000078   Code   RO         1388    .text.osRtxTick_Handler  RTX_CM3.lib(rtx_system.o)
    0x08005ff4   0x08005ff4   0x00000020   Code   RO         1002    .text.osRtxTimerSetup  RTX_CM3.lib(rtx_timer.o)
    0x08006014   0x08006014   0x00000020   Code   RO         1006    .text.osRtxTimerThread  RTX_CM3.lib(rtx_timer.o)
    0x08006034   0x08006034   0x00000070   Code   RO         1004    .text.osRtxTimerTick  RTX_CM3.lib(rtx_timer.o)
    0x080060a4   0x080060a4   0x0000000c   Code   RO          902    .text.osThreadExit  RTX_CM3.lib(rtx_thread.o)
    0x080060b0   0x080060b0   0x00000028   Code   RO          878    .text.osThreadGetId  RTX_CM3.lib(rtx_thread.o)
    0x080060d8   0x080060d8   0x00000024   Code   RO          874    .text.osThreadNew   RTX_CM3.lib(rtx_thread.o)
    0x080060fc   0x080060fc   0x00000016   Code   RO          990    .text.svcRtxDelay   RTX_CM3.lib(rtx_delay.o)
    0x08006112   0x08006112   0x00000002   PAD
    0x08006114   0x08006114   0x0000000c   Code   RO          780    .text.svcRtxKernelGetState  RTX_CM3.lib(rtx_kernel.o)
    0x08006120   0x08006120   0x00000028   Code   RO          804    .text.svcRtxKernelGetSysTimerCount  RTX_CM3.lib(rtx_kernel.o)
    0x08006148   0x08006148   0x00000004   Code   RO          808    .text.svcRtxKernelGetSysTimerFreq  RTX_CM3.lib(rtx_kernel.o)
    0x0800614c   0x0800614c   0x0000000c   Code   RO          796    .text.svcRtxKernelGetTickCount  RTX_CM3.lib(rtx_kernel.o)
    0x08006158   0x08006158   0x0000000c   Code   RO          800    .text.svcRtxKernelGetTickFreq  RTX_CM3.lib(rtx_kernel.o)
    0x08006164   0x08006164   0x00000100   Code   RO          810    .text.svcRtxKernelInitialize  RTX_CM3.lib(rtx_kernel.o)
    0x08006264   0x08006264   0x00000088   Code   RO          812    .text.svcRtxKernelStart  RTX_CM3.lib(rtx_kernel.o)
    0x080062ec   0x080062ec   0x000000d8   Code   RO         1372    .text.svcRtxMessageQueueGet  RTX_CM3.lib(rtx_msgqueue.o)
    0x080063c4   0x080063c4   0x00000118   Code   RO         1330    .text.svcRtxMessageQueueNew  RTX_CM3.lib(rtx_msgqueue.o)
    0x080064dc   0x080064dc   0x000000b4   Code   RO         1368    .text.svcRtxMessageQueuePut  RTX_CM3.lib(rtx_msgqueue.o)
    0x08006590   0x08006590   0x00000090   Code   RO         1064    .text.svcRtxMutexAcquire  RTX_CM3.lib(rtx_mutex.o)
    0x08006620   0x08006620   0x000000b0   Code   RO         1070    .text.svcRtxMutexDelete  RTX_CM3.lib(rtx_mutex.o)
    0x080066d0   0x080066d0   0x00000068   Code   RO         1060    .text.svcRtxMutexNew  RTX_CM3.lib(rtx_mutex.o)
    0x08006738   0x08006738   0x000000b4   Code   RO         1066    .text.svcRtxMutexRelease  RTX_CM3.lib(rtx_mutex.o)
    0x080067ec   0x080067ec   0x0000004c   Code   RO          948    .text.svcRtxThreadExit  RTX_CM3.lib(rtx_thread.o)
    0x08006838   0x08006838   0x0000000c   Code   RO          880    .text.svcRtxThreadGetId  RTX_CM3.lib(rtx_thread.o)
    0x08006844   0x08006844   0x000001ec   Code   RO          872    .text.svcRtxThreadNew  RTX_CM3.lib(rtx_thread.o)
    0x08006a30   0x08006a30   0x0000000c   Code   RO         1462    i.EvrFsFAT_FileHandleInvalid  FS_Dbg_LFN_CM3_L.lib(fs_fat.o)
    0x08006a3c   0x08006a3c   0x0000000c   Code   RO         1464    i.EvrFsFAT_InvalidParameter  FS_Dbg_LFN_CM3_L.lib(fs_fat.o)
    0x08006a48   0x08006a48   0x00000018   Code   RO         1465    i.EvrFsFAT_NameCacheEntryInsert  FS_Dbg_LFN_CM3_L.lib(fs_fat.o)
    0x08006a60   0x08006a60   0x00000010   Code   RO         1466    i.EvrFsFAT_PathName  FS_Dbg_LFN_CM3_L.lib(fs_fat.o)
    0x08006a70   0x08006a70   0x00000016   Code   RO         1467    i.EvrFsFAT_SectorReadFailed  FS_Dbg_LFN_CM3_L.lib(fs_fat.o)
    0x08006a86   0x08006a86   0x00000016   Code   RO         1468    i.EvrFsFAT_SectorWriteFailed  FS_Dbg_LFN_CM3_L.lib(fs_fat.o)
    0x08006a9c   0x08006a9c   0x0000000c   Code   RO         1156    i.EvrFsMcSPI_CmdResponseError  FS_Dbg_LFN_CM3_L.lib(fs_mc_spi.o)
    0x08006aa8   0x08006aa8   0x00000080   Code   RO         1238    i.__sys_close       FS_Dbg_LFN_CM3_L.lib(fs_sys.o)
    0x08006b28   0x08006b28   0x00000070   Code   RO         1239    i.__sys_ensure      FS_Dbg_LFN_CM3_L.lib(fs_sys.o)
    0x08006b98   0x08006b98   0x00000080   Code   RO         1240    i.__sys_flen        FS_Dbg_LFN_CM3_L.lib(fs_sys.o)
    0x08006c18   0x08006c18   0x000000b8   Code   RO         1241    i.__sys_open        FS_Dbg_LFN_CM3_L.lib(fs_sys.o)
    0x08006cd0   0x08006cd0   0x000000a4   Code   RO         1242    i.__sys_read        FS_Dbg_LFN_CM3_L.lib(fs_sys.o)
    0x08006d74   0x08006d74   0x00000088   Code   RO         1243    i.__sys_seek        FS_Dbg_LFN_CM3_L.lib(fs_sys.o)
    0x08006dfc   0x08006dfc   0x00000090   Code   RO         1244    i.__sys_write       FS_Dbg_LFN_CM3_L.lib(fs_sys.o)
    0x08006e8c   0x08006e8c   0x0000006c   Code   RO         1089    i._fdelete          FS_Dbg_LFN_CM3_L.lib(fs_mapi.o)
    0x08006ef8   0x08006ef8   0x00000076   Code   RO         1470    i.alloc_clus        FS_Dbg_LFN_CM3_L.lib(fs_fat.o)
    0x08006f6e   0x08006f6e   0x0000009a   Code   RO         1471    i.alloc_table_read  FS_Dbg_LFN_CM3_L.lib(fs_fat.o)
    0x08007008   0x08007008   0x000000dc   Code   RO         1472    i.alloc_table_write  FS_Dbg_LFN_CM3_L.lib(fs_fat.o)
    0x080070e4   0x080070e4   0x000000d0   Code   RO         1473    i.bs_read           FS_Dbg_LFN_CM3_L.lib(fs_fat.o)
    0x080071b4   0x080071b4   0x000000b8   Code   RO         1475    i.cache_fat         FS_Dbg_LFN_CM3_L.lib(fs_fat.o)
    0x0800726c   0x0800726c   0x00000060   Code   RO         1476    i.char_validate     FS_Dbg_LFN_CM3_L.lib(fs_fat.o)
    0x080072cc   0x080072cc   0x00000044   Code   RO         1477    i.clear_clus        FS_Dbg_LFN_CM3_L.lib(fs_fat.o)
    0x08007310   0x08007310   0x00000024   Code   RO         1478    i.clus_to_sect      FS_Dbg_LFN_CM3_L.lib(fs_fat.o)
    0x08007334   0x08007334   0x000000d4   Code   RO         1479    i.create_dot_entries  FS_Dbg_LFN_CM3_L.lib(fs_fat.o)
    0x08007408   0x08007408   0x000000e4   Code   RO         1480    i.create_lfn_entry  FS_Dbg_LFN_CM3_L.lib(fs_fat.o)
    0x080074ec   0x080074ec   0x0000008a   Code   RO         1481    i.create_sfn_entry  FS_Dbg_LFN_CM3_L.lib(fs_fat.o)
    0x08007576   0x08007576   0x00000038   Code   RO         1482    i.entry_flush       FS_Dbg_LFN_CM3_L.lib(fs_fat.o)
    0x080075ae   0x080075ae   0x0000001c   Code   RO         1483    i.entry_pos_comp    FS_Dbg_LFN_CM3_L.lib(fs_fat.o)
    0x080075ca   0x080075ca   0x00000060   Code   RO         1484    i.entry_pos_inc     FS_Dbg_LFN_CM3_L.lib(fs_fat.o)
    0x0800762a   0x0800762a   0x00000044   Code   RO         1485    i.entry_read        FS_Dbg_LFN_CM3_L.lib(fs_fat.o)
    0x0800766e   0x0800766e   0x0000002e   Code   RO         1486    i.entry_type        FS_Dbg_LFN_CM3_L.lib(fs_fat.o)
    0x0800769c   0x0800769c   0x0000014c   Code   RO         1491    i.fat_close         FS_Dbg_LFN_CM3_L.lib(fs_fat.o)
    0x080077e8   0x080077e8   0x00000030   Code   RO         1492    i.fat_crc32         FS_Dbg_LFN_CM3_L.lib(fs_fat.o)
    0x08007818   0x08007818   0x00000238   Code   RO         1493    i.fat_delete        FS_Dbg_LFN_CM3_L.lib(fs_fat.o)
    0x08007a50   0x08007a50   0x00000020   Code   RO         1496    i.fat_flen          FS_Dbg_LFN_CM3_L.lib(fs_fat.o)
    0x08007a70   0x08007a70   0x00000054   Code   RO         1497    i.fat_flush         FS_Dbg_LFN_CM3_L.lib(fs_fat.o)
    0x08007ac4   0x08007ac4   0x0000004c   Code   RO         1500    i.fat_handle_get    FS_Dbg_LFN_CM3_L.lib(fs_fat.o)
    0x08007b10   0x08007b10   0x00000088   Code   RO         1502    i.fat_init          FS_Dbg_LFN_CM3_L.lib(fs_fat.o)
    0x08007b98   0x08007b98   0x000001e4   Code   RO         1507    i.fat_mount         FS_Dbg_LFN_CM3_L.lib(fs_fat.o)
    0x08007d7c   0x08007d7c   0x00000238   Code   RO         1508    i.fat_open          FS_Dbg_LFN_CM3_L.lib(fs_fat.o)
    0x08007fb4   0x08007fb4   0x0000013c   Code   RO         1510    i.fat_read          FS_Dbg_LFN_CM3_L.lib(fs_fat.o)
    0x080080f0   0x080080f0   0x000001d4   Code   RO         1511    i.fat_rename        FS_Dbg_LFN_CM3_L.lib(fs_fat.o)
    0x080082c4   0x080082c4   0x00000234   Code   RO         1513    i.fat_seek          FS_Dbg_LFN_CM3_L.lib(fs_fat.o)
    0x080084f8   0x080084f8   0x00000038   Code   RO         1516    i.fat_uninit        FS_Dbg_LFN_CM3_L.lib(fs_fat.o)
    0x08008530   0x08008530   0x00000068   Code   RO         1517    i.fat_unmount       FS_Dbg_LFN_CM3_L.lib(fs_fat.o)
    0x08008598   0x08008598   0x000000d4   Code   RO         1519    i.fat_vol_chk       FS_Dbg_LFN_CM3_L.lib(fs_fat.o)
    0x0800866c   0x0800866c   0x000001dc   Code   RO         1520    i.fat_write         FS_Dbg_LFN_CM3_L.lib(fs_fat.o)
    0x08008848   0x08008848   0x00000018   Code   RO         1996    i.fgetc             c_w.l(fgetc.o)
    0x08008860   0x08008860   0x00000058   Code   RO         1521    i.file_locked       FS_Dbg_LFN_CM3_L.lib(fs_fat.o)
    0x080088b8   0x080088b8   0x00000050   Code   RO         1522    i.find_param        FS_Dbg_LFN_CM3_L.lib(fs_fat.o)
    0x08008908   0x08008908   0x00000058   Code   RO         1101    i.finit             FS_Dbg_LFN_CM3_L.lib(fs_mapi.o)
    0x08008960   0x08008960   0x00000064   Code   RO         1104    i.fmount            FS_Dbg_LFN_CM3_L.lib(fs_mapi.o)
    0x080089c4   0x080089c4   0x0000002c   Code   RO         1523    i.format_date       FS_Dbg_LFN_CM3_L.lib(fs_fat.o)
    0x080089f0   0x080089f0   0x0000002e   Code   RO         1524    i.format_time       FS_Dbg_LFN_CM3_L.lib(fs_fat.o)
    0x08008a1e   0x08008a1e   0x0000001a   Code   RO         2065    i.fputc             c_w.l(fputc.o)
    0x08008a38   0x08008a38   0x000000bc   Code   RO         1525    i.frec_allocate     FS_Dbg_LFN_CM3_L.lib(fs_fat.o)
    0x08008af4   0x08008af4   0x00000058   Code   RO         1526    i.frec_delete       FS_Dbg_LFN_CM3_L.lib(fs_fat.o)
    0x08008b4c   0x08008b4c   0x0000003c   Code   RO         1527    i.frec_delete_elink  FS_Dbg_LFN_CM3_L.lib(fs_fat.o)
    0x08008b88   0x08008b88   0x00000228   Code   RO         1528    i.frec_find         FS_Dbg_LFN_CM3_L.lib(fs_fat.o)
    0x08008db0   0x08008db0   0x00000094   Code   RO         1529    i.frec_find_elink   FS_Dbg_LFN_CM3_L.lib(fs_fat.o)
    0x08008e44   0x08008e44   0x000001c8   Code   RO         1530    i.frec_next         FS_Dbg_LFN_CM3_L.lib(fs_fat.o)
    0x0800900c   0x0800900c   0x0000006c   Code   RO         1106    i.frename           FS_Dbg_LFN_CM3_L.lib(fs_mapi.o)
    0x08009078   0x08009078   0x000000a8   Code   RO         1108    i.fs_component_init  FS_Dbg_LFN_CM3_L.lib(fs_mapi.o)
    0x08009120   0x08009120   0x000000cc   Code   RO         1431    i.fs_drive_id       FS_Dbg_LFN_CM3_L.lib(fs_common.o)
    0x080091ec   0x080091ec   0x0000001a   Code   RO         1793    i.fs_get_time       FS_Dbg_LFN_CM3_L.lib(fs_time.o)
    0x08009206   0x08009206   0x00000004   Code   RO         1700    i.fs_mc_lock_unlock  FS_Dbg_LFN_CM3_L.lib(fs_mc_mci.o)
    0x0800920a   0x0800920a   0x00000006   Code   RO         1157    i.fs_mc_read_cd     FS_Dbg_LFN_CM3_L.lib(fs_mc_spi.o)
    0x08009210   0x08009210   0x00000006   Code   RO         1158    i.fs_mc_read_wp     FS_Dbg_LFN_CM3_L.lib(fs_mc_spi.o)
    0x08009216   0x08009216   0x00000006   Code   RO         1159    i.fs_mc_spi_control_ss  FS_Dbg_LFN_CM3_L.lib(fs_mc_spi.o)
    0x0800921c   0x0800921c   0x00000020   Code   RO         1432    i.fs_set_cdrive     FS_Dbg_LFN_CM3_L.lib(fs_common.o)
    0x0800923c   0x0800923c   0x000000b0   Code   RO         1531    i.fsinfo_read       FS_Dbg_LFN_CM3_L.lib(fs_fat.o)
    0x080092ec   0x080092ec   0x00000070   Code   RO         1532    i.fsinfo_write      FS_Dbg_LFN_CM3_L.lib(fs_fat.o)
    0x0800935c   0x0800935c   0x00000048   Code   RO         1112    i.funinit           FS_Dbg_LFN_CM3_L.lib(fs_mapi.o)
    0x080093a4   0x080093a4   0x00000064   Code   RO         1113    i.funmount          FS_Dbg_LFN_CM3_L.lib(fs_mapi.o)
    0x08009408   0x08009408   0x00000022   Code   RO         1533    i.get_EOC           FS_Dbg_LFN_CM3_L.lib(fs_fat.o)
    0x0800942a   0x0800942a   0x00000032   Code   RO         1535    i.get_fat_sect      FS_Dbg_LFN_CM3_L.lib(fs_fat.o)
    0x0800945c   0x0800945c   0x00000010   Code   RO         1536    i.get_root_clus     FS_Dbg_LFN_CM3_L.lib(fs_fat.o)
    0x0800946c   0x0800946c   0x00000010   Code   RO         1436    i.get_u16           FS_Dbg_LFN_CM3_L.lib(fs_common.o)
    0x0800947c   0x0800947c   0x00000016   Code   RO         1437    i.get_u32           FS_Dbg_LFN_CM3_L.lib(fs_common.o)
    0x08009492   0x08009492   0x00000002   PAD
    0x08009494   0x08009494   0x00000020   Code   RO         1547    i.lfn_char_cnt      FS_Dbg_LFN_CM3_L.lib(fs_fat.o)
    0x080094b4   0x080094b4   0x00000004   Code   RO         1548    i.link_clus         FS_Dbg_LFN_CM3_L.lib(fs_fat.o)
    0x080094b8   0x080094b8   0x00000028   Code   RO         1549    i.long_ent_hash     FS_Dbg_LFN_CM3_L.lib(fs_fat.o)
    0x080094e0   0x080094e0   0x00000074   Code   RO         1550    i.mbr_read          FS_Dbg_LFN_CM3_L.lib(fs_fat.o)
    0x08009554   0x08009554   0x00000028   Code   RO         1160    i.mc_control_bus_speed  FS_Dbg_LFN_CM3_L.lib(fs_mc_spi.o)
    0x0800957c   0x0800957c   0x000000dc   Code   RO         1161    i.mc_control_lock   FS_Dbg_LFN_CM3_L.lib(fs_mc_spi.o)
    0x08009658   0x08009658   0x00000020   Code   RO         1162    i.mc_control_ss     FS_Dbg_LFN_CM3_L.lib(fs_mc_spi.o)
    0x08009678   0x08009678   0x00000064   Code   RO         1163    i.mc_gen_cmd        FS_Dbg_LFN_CM3_L.lib(fs_mc_spi.o)
    0x080096dc   0x080096dc   0x00000056   Code   RO         1164    i.mc_lock_unlock    FS_Dbg_LFN_CM3_L.lib(fs_mc_spi.o)
    0x08009732   0x08009732   0x00000088   Code   RO         1165    i.mc_parse_cid      FS_Dbg_LFN_CM3_L.lib(fs_mc_spi.o)
    0x080097ba   0x080097ba   0x00000002   PAD
    0x080097bc   0x080097bc   0x000000c8   Code   RO         1166    i.mc_parse_csd      FS_Dbg_LFN_CM3_L.lib(fs_mc_spi.o)
    0x08009884   0x08009884   0x00000086   Code   RO         1167    i.mc_read_block     FS_Dbg_LFN_CM3_L.lib(fs_mc_spi.o)
    0x0800990a   0x0800990a   0x0000005e   Code   RO         1168    i.mc_read_data      FS_Dbg_LFN_CM3_L.lib(fs_mc_spi.o)
    0x08009968   0x08009968   0x00000046   Code   RO         1169    i.mc_read_ocr       FS_Dbg_LFN_CM3_L.lib(fs_mc_spi.o)
    0x080099ae   0x080099ae   0x00000044   Code   RO         1170    i.mc_read_response  FS_Dbg_LFN_CM3_L.lib(fs_mc_spi.o)
    0x080099f2   0x080099f2   0x00000040   Code   RO         1171    i.mc_read_status    FS_Dbg_LFN_CM3_L.lib(fs_mc_spi.o)
    0x08009a32   0x08009a32   0x00000002   PAD
    0x08009a34   0x08009a34   0x0000004c   Code   RO         1172    i.mc_receive        FS_Dbg_LFN_CM3_L.lib(fs_mc_spi.o)
    0x08009a80   0x08009a80   0x0000004c   Code   RO         1173    i.mc_send           FS_Dbg_LFN_CM3_L.lib(fs_mc_spi.o)
    0x08009acc   0x08009acc   0x00000052   Code   RO         1174    i.mc_send_cid       FS_Dbg_LFN_CM3_L.lib(fs_mc_spi.o)
    0x08009b1e   0x08009b1e   0x00000086   Code   RO         1175    i.mc_send_command   FS_Dbg_LFN_CM3_L.lib(fs_mc_spi.o)
    0x08009ba4   0x08009ba4   0x00000052   Code   RO         1176    i.mc_send_csd       FS_Dbg_LFN_CM3_L.lib(fs_mc_spi.o)
    0x08009bf6   0x08009bf6   0x00000046   Code   RO         1177    i.mc_set_block_len  FS_Dbg_LFN_CM3_L.lib(fs_mc_spi.o)
    0x08009c3c   0x08009c3c   0x00000110   Code   RO         1178    i.mc_spi_DevCtrl    FS_Dbg_LFN_CM3_L.lib(fs_mc_spi.o)
    0x08009d4c   0x08009d4c   0x00000008   Code   RO         1179    i.mc_spi_DrvEvent   FS_Dbg_LFN_CM3_L.lib(fs_mc_spi.o)
    0x08009d54   0x08009d54   0x000004b0   Code   RO         1180    i.mc_spi_Init       FS_Dbg_LFN_CM3_L.lib(fs_mc_spi.o)
    0x0800a204   0x0800a204   0x00000044   Code   RO         1181    i.mc_spi_ReadInfo   FS_Dbg_LFN_CM3_L.lib(fs_mc_spi.o)
    0x0800a248   0x0800a248   0x00000080   Code   RO         1182    i.mc_spi_ReadSector  FS_Dbg_LFN_CM3_L.lib(fs_mc_spi.o)
    0x0800a2c8   0x0800a2c8   0x00000054   Code   RO         1183    i.mc_spi_UnInit     FS_Dbg_LFN_CM3_L.lib(fs_mc_spi.o)
    0x0800a31c   0x0800a31c   0x00000080   Code   RO         1184    i.mc_spi_WriteSector  FS_Dbg_LFN_CM3_L.lib(fs_mc_spi.o)
    0x0800a39c   0x0800a39c   0x00000094   Code   RO         1185    i.mc_spi_set_speed  FS_Dbg_LFN_CM3_L.lib(fs_mc_spi.o)
    0x0800a430   0x0800a430   0x0000007c   Code   RO         1186    i.mc_spi_update_sw_state  FS_Dbg_LFN_CM3_L.lib(fs_mc_spi.o)
    0x0800a4ac   0x0800a4ac   0x00000028   Code   RO         1187    i.mc_wait_busy      FS_Dbg_LFN_CM3_L.lib(fs_mc_spi.o)
    0x0800a4d4   0x0800a4d4   0x0000008c   Code   RO         1188    i.mc_write_block    FS_Dbg_LFN_CM3_L.lib(fs_mc_spi.o)
    0x0800a560   0x0800a560   0x00000098   Code   RO         1189    i.mc_write_data     FS_Dbg_LFN_CM3_L.lib(fs_mc_spi.o)
    0x0800a5f8   0x0800a5f8   0x000000b0   Code   RO         1552    i.name_analyse      FS_Dbg_LFN_CM3_L.lib(fs_fat.o)
    0x0800a6a8   0x0800a6a8   0x000000b4   Code   RO         1553    i.name_basis_gen    FS_Dbg_LFN_CM3_L.lib(fs_fat.o)
    0x0800a75c   0x0800a75c   0x00000008   Code   RO         1554    i.name_hash         FS_Dbg_LFN_CM3_L.lib(fs_fat.o)
    0x0800a764   0x0800a764   0x00000128   Code   RO         1555    i.name_nt_gen       FS_Dbg_LFN_CM3_L.lib(fs_fat.o)
    0x0800a88c   0x0800a88c   0x00000052   Code   RO         1556    i.name_strip        FS_Dbg_LFN_CM3_L.lib(fs_fat.o)
    0x0800a8de   0x0800a8de   0x00000002   PAD
    0x0800a8e0   0x0800a8e0   0x00000038   Code   RO         1557    i.name_validate     FS_Dbg_LFN_CM3_L.lib(fs_fat.o)
    0x0800a918   0x0800a918   0x0000023e   Code   RO         1558    i.path_create       FS_Dbg_LFN_CM3_L.lib(fs_fat.o)
    0x0800ab56   0x0800ab56   0x00000002   PAD
    0x0800ab58   0x0800ab58   0x00000032   Code   RO         1559    i.path_init         FS_Dbg_LFN_CM3_L.lib(fs_fat.o)
    0x0800ab8a   0x0800ab8a   0x00000002   PAD
    0x0800ab8c   0x0800ab8c   0x000000b4   Code   RO         1560    i.path_open         FS_Dbg_LFN_CM3_L.lib(fs_fat.o)
    0x0800ac40   0x0800ac40   0x00000058   Code   RO         1561    i.path_validate     FS_Dbg_LFN_CM3_L.lib(fs_fat.o)
    0x0800ac98   0x0800ac98   0x00000086   Code   RO         1562    i.read_cache        FS_Dbg_LFN_CM3_L.lib(fs_fat.o)
    0x0800ad1e   0x0800ad1e   0x0000005c   Code   RO         1563    i.read_sector       FS_Dbg_LFN_CM3_L.lib(fs_fat.o)
    0x0800ad7a   0x0800ad7a   0x00000008   Code   RO         1438    i.set_u16           FS_Dbg_LFN_CM3_L.lib(fs_common.o)
    0x0800ad82   0x0800ad82   0x00000010   Code   RO         1439    i.set_u32           FS_Dbg_LFN_CM3_L.lib(fs_common.o)
    0x0800ad92   0x0800ad92   0x00000048   Code   RO         1564    i.sfn_extract       FS_Dbg_LFN_CM3_L.lib(fs_fat.o)
    0x0800adda   0x0800adda   0x0000001a   Code   RO         1565    i.short_ent_hash    FS_Dbg_LFN_CM3_L.lib(fs_fat.o)
    0x0800adf4   0x0800adf4   0x0000001e   Code   RO         1566    i.sn_chksum         FS_Dbg_LFN_CM3_L.lib(fs_fat.o)
    0x0800ae12   0x0800ae12   0x00000072   Code   RO         1568    i.unlink_clus       FS_Dbg_LFN_CM3_L.lib(fs_fat.o)
    0x0800ae84   0x0800ae84   0x000000bc   Code   RO         1569    i.write_cache       FS_Dbg_LFN_CM3_L.lib(fs_fat.o)
    0x0800af40   0x0800af40   0x0000003c   Code   RO         1570    i.write_sector      FS_Dbg_LFN_CM3_L.lib(fs_fat.o)
    0x0800af7c   0x0800af7c   0x0000002c   Code   RO         2183    locale$$code        c_w.l(lc_ctype_c.o)
    0x0800afa8   0x0800afa8   0x00000018   Data   RO          152    .constdata          led_nucleo_f429zi.o
    0x0800afc0   0x0800afc0   0x00000024   Data   RO          187    .constdata          rtx_lib.o
    0x0800afe4   0x0800afe4   0x00000024   Data   RO          188    .constdata          rtx_lib.o
    0x0800b008   0x0800b008   0x00000018   Data   RO          189    .constdata          rtx_lib.o
    0x0800b020   0x0800b020   0x00000004   Data   RO          191    .constdata          rtx_lib.o
    0x0800b024   0x0800b024   0x00000034   Data   RO          270    .constdata          spi_stm32f4xx.o
    0x0800b058   0x0800b058   0x00000010   Data   RO          271    .constdata          spi_stm32f4xx.o
    0x0800b068   0x0800b068   0x00000010   Data   RO          272    .constdata          spi_stm32f4xx.o
    0x0800b078   0x0800b078   0x00000010   Data   RO          273    .constdata          spi_stm32f4xx.o
    0x0800b088   0x0800b088   0x00000010   Data   RO          274    .constdata          spi_stm32f4xx.o
    0x0800b098   0x0800b098   0x0000002c   Data   RO          275    .constdata          spi_stm32f4xx.o
    0x0800b0c4   0x0800b0c4   0x00000018   Data   RO          326    .constdata          eventrecorder.o
    0x0800b0dc   0x0800b0dc   0x00000007   Data   RO          360    .constdata          retarget_io.o
    0x0800b0e3   0x0800b0e3   0x00000008   Data   RO          361    .constdata          retarget_io.o
    0x0800b0eb   0x0800b0eb   0x00000008   Data   RO          362    .constdata          retarget_io.o
    0x0800b0f3   0x0800b0f3   0x00000008   Data   RO          466    .constdata          stm32f4xx_hal_dma.o
    0x0800b0fb   0x0800b0fb   0x00000010   Data   RO          667    .constdata          system_stm32f4xx.o
    0x0800b10b   0x0800b10b   0x00000008   Data   RO          668    .constdata          system_stm32f4xx.o
    0x0800b113   0x0800b113   0x00000001   Data   RO          700    .constdata          fs_config.o
    0x0800b114   0x0800b114   0x00000001   Data   RO          701    .constdata          fs_config.o
    0x0800b115   0x0800b115   0x00000001   Data   RO          702    .constdata          fs_config.o
    0x0800b116   0x0800b116   0x00000002   PAD
    0x0800b118   0x0800b118   0x00000028   Data   RO          703    .constdata          fs_config.o
    0x0800b140   0x0800b140   0x00000008   Data   RO          704    .constdata          fs_config.o
    0x0800b148   0x0800b148   0x00000010   Data   RO         1190    .constdata          FS_Dbg_LFN_CM3_L.lib(fs_mc_spi.o)
    0x0800b158   0x0800b158   0x000004ac   Data   RO         1571    .constdata          FS_Dbg_LFN_CM3_L.lib(fs_fat.o)
    0x0800b604   0x0800b604   0x00000042   Data   RO            6    .conststring        main.o
    0x0800b646   0x0800b646   0x00000002   PAD
    0x0800b648   0x0800b648   0x000000a8   Data   RO          193    .rodata             rtx_lib.o
    0x0800b6f0   0x0800b6f0   0x0000000b   Data   RO          830    .rodata.str1.4      RTX_CM3.lib(rtx_kernel.o)
    0x0800b6fb   0x0800b6fb   0x00000001   PAD
    0x0800b6fc   0x0800b6fc   0x00000020   Data   RO         2275    Region$$Table       anon$$obj.o
    0x0800b71c   0x0800b71c   0x00000110   Data   RO         2182    locale$$data        c_w.l(lc_ctype_c.o)


    Execution Region RW_IRAM1 (Exec base: 0x20000000, Load base: 0x0800b82c, Size: 0x0000adf0, Max: 0x00030000, ABSOLUTE, COMPRESSED[0x00000128])

    Exec Addr    Load Addr    Size         Type   Attr      Idx    E Section Name        Object

    0x20000000   COMPRESSED   0x00008000   Data   RW          178    .bss.os             rtx_lib.o
    0x20008000   COMPRESSED   0x00000040   Data   RW          179    .bss.os             rtx_lib.o
    0x20008040   COMPRESSED   0x000001f0   Data   RW          180    .bss.os.libspace    rtx_lib.o
    0x20008230   COMPRESSED   0x00000034   Data   RW          181    .bss.os.msgqueue.cb  rtx_lib.o
    0x20008264   COMPRESSED   0x00000050   Data   RW          182    .bss.os.msgqueue.mem  rtx_lib.o
    0x200082b4   COMPRESSED   0x0000001c   Data   RW          699    .bss.os.mutex.cb    fs_config.o
    0x200082d0   COMPRESSED   0x00000044   Data   RW          183    .bss.os.thread.cb   rtx_lib.o
    0x20008314   COMPRESSED   0x00000044   Data   RW          184    .bss.os.thread.cb   rtx_lib.o
    0x20008358   COMPRESSED   0x00000200   Data   RW          185    .bss.os.thread.idle.stack  rtx_lib.o
    0x20008558   COMPRESSED   0x00000200   Data   RW          186    .bss.os.thread.timer.stack  rtx_lib.o
    0x20008758   COMPRESSED   0x00000008   Data   RW            9    .data               main.o
    0x20008760   COMPRESSED   0x00000001   Data   RW          192    .data               rtx_lib.o
    0x20008761   COMPRESSED   0x00000003   PAD
    0x20008764   COMPRESSED   0x00000004   Data   RW          363    .data               retarget_io.o
    0x20008768   COMPRESSED   0x0000000c   Data   RW          408    .data               stm32f4xx_hal.o
    0x20008774   COMPRESSED   0x00000004   Data   RW          669    .data               system_stm32f4xx.o
    0x20008778   COMPRESSED   0x00000004   Data   RW          705    .data               fs_config.o
    0x2000877c   COMPRESSED   0x00000001   Data   RW         1116    .data               FS_Dbg_LFN_CM3_L.lib(fs_mapi.o)
    0x2000877d   COMPRESSED   0x00000001   Data   RW         1440    .data               FS_Dbg_LFN_CM3_L.lib(fs_common.o)
    0x2000877e   COMPRESSED   0x00000002   PAD
    0x20008780   COMPRESSED   0x00000004   Data   RW         1869    .data               c_w.l(stdio_streams.o)
    0x20008784   COMPRESSED   0x00000004   Data   RW         1870    .data               c_w.l(stdio_streams.o)
    0x20008788   COMPRESSED   0x00000004   Data   RW         1871    .data               c_w.l(stdio_streams.o)
    0x2000878c   COMPRESSED   0x00000004   Data   RW         2003    .data               c_w.l(streamlock.o)
    0x20008790   COMPRESSED   0x000000a4   Data   RW          831    .data.os            RTX_CM3.lib(rtx_kernel.o)
    0x20008834        -       0x00000012   Zero   RW            5    .bss                main.o
    0x20008846   COMPRESSED   0x00000002   PAD
    0x20008848        -       0x00000010   Zero   RW          268    .bss                spi_stm32f4xx.o
    0x20008858        -       0x0000001c   Zero   RW          269    .bss                spi_stm32f4xx.o
    0x20008874        -       0x00000090   Zero   RW          696    .bss                fs_config.o
    0x20008904        -       0x0000001c   Zero   RW          697    .bss                fs_config.o
    0x20008920        -       0x000014a4   Zero   RW          698    .bss                fs_config.o
    0x20009dc4        -       0x00000054   Zero   RW         1866    .bss                c_w.l(stdio_streams.o)
    0x20009e18        -       0x00000054   Zero   RW         1867    .bss                c_w.l(stdio_streams.o)
    0x20009e6c        -       0x00000054   Zero   RW         1868    .bss                c_w.l(stdio_streams.o)
    0x20009ec0        -       0x00000060   Zero   RW         1907    .bss                c_w.l(libspace.o)
    0x20009f20   COMPRESSED   0x00000020   PAD
    0x20009f40        -       0x000004a4   Zero   RW          325    .bss.noinit         eventrecorder.o
    0x2000a3e4        -       0x00000001   Zero   RW         1420    .bss.os             RTX_CM3.lib(os_systick.o)
    0x2000a3e5   COMPRESSED   0x00000003   PAD
    0x2000a3e8        -       0x00000608   Zero   RW          657    HEAP                startup_stm32f429xx.o
    0x2000a9f0        -       0x00000400   Zero   RW          656    STACK               startup_stm32f429xx.o


==============================================================================

Image component sizes


      Code (inc. data)   RO Data    RW Data    ZI Data      Debug   Object Name

      1368         40         24          0       1188      16914   eventrecorder.o
       400         24         51         32       5456      30754   fs_config.o
        90          8          0          0          0        704   fs_debug.o
       236          8         24          0          0       2853   led_nucleo_f429zi.o
      3060       1134         66          8         18     727818   main.o
       360         36         23          4          0      11686   retarget_io.o
         4          0          0          0          0        559   rtx_config.o
       456         14        268      34621          0      11599   rtx_lib.o
      2992        130        160          0         44      49203   spi_stm32f4xx.o
        64         26        428          0       2568        804   startup_stm32f429xx.o
       452         38          0         12          0      11491   stm32f4xx_hal.o
       644          8          0          0          0      35938   stm32f4xx_hal_cortex.o
      1720         26          8          0          0       7685   stm32f4xx_hal_dma.o
       908         54          0          0          0       3903   stm32f4xx_hal_gpio.o
      1748         74          0          0          0       5673   stm32f4xx_hal_rcc.o
       136         22         24          4          0       1649   system_stm32f4xx.o

    ----------------------------------------------------------------------
     14640       1642       1112      34684       9276     919233   Object Totals
         0          0         32          0          0          0   (incl. Generated)
         2          0          4          3          2          0   (incl. Padding)

    ----------------------------------------------------------------------

      Code (inc. data)   RO Data    RW Data    ZI Data      Debug   Library Member Name

       298         24          0          1          0        424   fs_common.o
     11324        274       1196          0          0       6116   fs_fat.o
       744         88          0          1          0        580   fs_mapi.o
         4          0          0          0          0         68   fs_mc_mci.o
      4286         94         16          0          0       2752   fs_mc_spi.o
       996         86          0          0          0        572   fs_sys.o
        26          0          0          0          0         68   fs_time.o
       148          8          0          0          0        591   irq_armv7m.o
       182         48          0          0          1       3197   os_systick.o
        58          4          0          0          0       2791   rtx_delay.o
       774         84         11        164          0      16501   rtx_kernel.o
       228          0          0          0          0       2537   rtx_memory.o
       188          0          0          0          0      16008   rtx_mempool.o
      1318         32          0          0          0      18657   rtx_msgqueue.o
       886         32          0          0          0       9962   rtx_mutex.o
       376         26          0          0          0       5296   rtx_system.o
      1698         96          0          0          0      31735   rtx_thread.o
       248         16          0          0          0      10397   rtx_timer.o
        90          0          0          0          0          0   __dczerorl2.o
         8          0          0          0          0         68   __main.o
       104          0          0          0          0         84   __printf.o
         0          0          0          0          0          0   __rtentry.o
        20          0          0          0          0          0   __rtentry2.o
         6          0          0          0          0          0   __rtentry4.o
        52          8          0          0          0          0   __scatter.o
        28          0          0          0          0          0   __scatter_zi.o
        44          0          0          0          0        108   _printf_char.o
        48          6          0          0          0         96   _printf_char_common.o
        64          6          0          0          0         84   _printf_char_file_locked.o
         6          0          0          0          0          0   _printf_d.o
       120         16          0          0          0         92   _printf_dec.o
       178          0          0          0          0         88   _printf_intcommon.o
         0          0          0          0          0          0   _printf_percent.o
         4          0          0          0          0          0   _printf_percent_end.o
         6          0          0          0          0          0   _printf_s.o
        82          0          0          0          0         80   _printf_str.o
        16          0          0          0          0         68   _snputc.o
        10          0          0          0          0         68   _sputc.o
        32          0          0          0          0         80   clearerr_locked.o
        10          0          0          0          0         68   defsig_exit.o
        50          0          0          0          0         88   defsig_general.o
        80         58          0          0          0         76   defsig_rtmem_inner.o
        14          0          0          0          0         80   defsig_rtmem_outer.o
        52         38          0          0          0         76   defsig_rtred_inner.o
        14          0          0          0          0         80   defsig_rtred_outer.o
        18          0          0          0          0         80   exit.o
        76          0          0          0          0         88   fclose.o
        52          6          0          0          0         80   fclose_locked.o
       144         10          0          0          0        128   fflush_locked.o
        24          0          0          0          0         68   fgetc.o
        86          0          0          0          0         84   fgets_locked.o
       570          0          0          0          0        132   filbuf.o
       470          0          0          0          0         88   flsbuf.o
        92          8          0          0          0         88   flushlinebuffered_locked.o
       324          8          0          0          0        152   fopen_locked.o
        26          0          0          0          0         68   fputc.o
       248          6          0          0          0         84   fseek.o
        44          0          0          0          0         84   fseek_locked.o
        66          0          0          0          0         76   ftell.o
       158          0          0          0          0        128   h1_alloc_mt.o
        62          0          0          0          0         80   h1_extend_mt.o
        10          0          0          0          0         76   h1_final_mt.o
       118          0          0          0          0        108   h1_free_mt.o
        18          0          0          0          0         84   h1_init_mt.o
         6          0          0          0          0        152   heapauxi.o
         4          0          0          0          0        136   hguard.o
         0          0          0          0          0          0   indicate_semi.o
       138          0          0          0          0        168   init_alloc.o
       456         48          0          0          0        116   initio_locked.o
        44         10        272          0          0         76   lc_ctype_c.o
         2          0          0          0          0          0   libinit.o
        32          0          0          0          0          0   libinit2.o
         2          0          0          0          0          0   libshutdown.o
        10          0          0          0          0          0   libshutdown2.o
         8          4          0          0         96         68   libspace.o
       238          0          0          0          0        100   lludivv7m.o
         0          0          0          0          0          0   maybetermalloc2.o
        20          0          0          0          0         84   noretval__2fprintf.o
        24          4          0          0          0         84   noretval__2printf.o
        52          4          0          0          0         84   noretval__2snprintf.o
        22          0          0          0          0         80   rewind.o
        16          4          0          0          0         76   rt_ctype_table.o
         4          0          0          0          0         68   rt_errno_addr_twolibspace.o
        10          0          0          0          0         76   rt_heap_descriptor_twolibspace.o
        10          0          0          0          0         76   rt_locale_twolibspace.o
        68          0          0          0          0         68   rt_memclr.o
        78          0          0          0          0         80   rt_memclr_w.o
       138          0          0          0          0         68   rt_memcpy_v6.o
       100          0          0          0          0         80   rt_memcpy_w.o
         2          0          0          0          0          0   rtexit.o
        10          0          0          0          0          0   rtexit2.o
       104          0          0          0          0         88   setvbuf_locked.o
       240          6          0          0          0        156   stdio.o
         0          0          0         12        252          0   stdio_streams.o
       128          0          0          0          0         68   strcmpv7m.o
        72          0          0          0          0         80   strcpy.o
         0          0          0          4          0          0   streamlock.o
        62          0          0          0          0         76   strlen.o
        50          0          0          0          0         84   strncasecmp.o
        36          0          0          0          0         80   strstr.o
        12          4          0          0          0         68   sys_exit.o
        74          0          0          0          0         80   sys_stackheap_outer.o
        14          0          0          0          0         76   sys_wrch.o
        16          0          0          0          0         80   term_alloc.o
        26          0          0          0          0         76   tolower.o
         2          0          0          0          0         68   use_no_semi.o

    ----------------------------------------------------------------------
     29900       1166       1496        184        384     134232   Library Totals
        44          0          1          2         35          0   (incl. Padding)

    ----------------------------------------------------------------------

      Code (inc. data)   RO Data    RW Data    ZI Data      Debug   Library Name

     17678        566       1212          2          0      10580   FS_Dbg_LFN_CM3_L.lib
      6104        346         11        164          1     117672   RTX_CM3.lib
      6074        254        272         16        348       5980   c_w.l

    ----------------------------------------------------------------------
     29900       1166       1496        184        384     134232   Library Totals

    ----------------------------------------------------------------------

==============================================================================


      Code (inc. data)   RO Data    RW Data    ZI Data      Debug   

     44540       2808       2608      34868       9660    1041305   Grand Totals
     44540       2808       2608        296       9660    1041305   ELF Image Totals (compressed)
     44540       2808       2608        296          0          0   ROM Totals

==============================================================================

    Total RO  Size (Code + RO Data)                47148 (  46.04kB)
    Total RW  Size (RW Data + ZI Data)             44528 (  43.48kB)
    Total ROM Size (Code + RO Data + RW Data)      47444 (  46.33kB)

==============================================================================

