Component: ARM Compiler 5.06 update 7 (build 960) Tool: armlink [4d3601]

==============================================================================

Section Cross References

    main.o(.text) refers to _printf_percent.o(.ARM.Collect$$_printf_percent$$00000000) for _printf_percent
    main.o(.text) refers to _printf_s.o(.ARM.Collect$$_printf_percent$$00000014) for _printf_s
    main.o(.text) refers to _printf_str.o(.text) for _printf_str
    main.o(.text) refers to _printf_d.o(.ARM.Collect$$_printf_percent$$00000009) for _printf_d
    main.o(.text) refers to _printf_dec.o(.text) for _printf_int_dec
    main.o(.text) refers to rtx_kernel.o(.text.osKernelGetState) for osKernelGetState
    main.o(.text) refers to rtx_kernel.o(.text.osKernelGetTickCount) for osKernelGetTickCount
    main.o(.text) refers to rtx_thread.o(.text.osThreadExit) for osThreadExit
    main.o(.text) refers to noretval__2printf.o(.text) for __2printf
    main.o(.text) refers to fs_config.o(.text) for fflush
    main.o(.text) refers to fs_mapi.o(i.finit) for finit
    main.o(.text) refers to fs_mapi.o(i.fmount) for fmount
    main.o(.text) refers to fs_mapi.o(i.funinit) for funinit
    main.o(.text) refers to fopen_locked.o(.text) for fopen
    main.o(.text) refers to rewind.o(.text) for rewind
    main.o(.text) refers to strstr.o(.text) for strstr
    main.o(.text) refers to fgets_locked.o(.text) for fgets
    main.o(.text) refers to fclose_locked.o(.text) for fclose
    main.o(.text) refers to fseek_locked.o(.text) for fseek
    main.o(.text) refers to noretval__2fprintf.o(.text) for __2fprintf
    main.o(.text) refers to fs_mapi.o(i.funmount) for funmount
    main.o(.text) refers to fs_mapi.o(i.frename) for frename
    main.o(.text) refers to led_nucleo_f429zi.o(.text) for LED_On
    main.o(.text) refers to strlen.o(.text) for strlen
    main.o(.text) refers to system_stm32f4xx.o(.data) for SystemCoreClock
    main.o(.text) refers to main.o(.data) for .data
    main.o(.text) refers to stdio_streams.o(.bss) for __stdout
    main.o(.text) refers to main.o(.conststring) for .conststring
    main.o(.text) refers to stm32f4xx_hal.o(.text) for HAL_Init
    main.o(.text) refers to system_stm32f4xx.o(.text) for SystemCoreClockUpdate
    main.o(.text) refers to strcpy.o(.text) for strcpy
    main.o(.text) refers to rt_memcpy_w.o(.text) for __aeabi_memcpy4
    main.o(.text) refers to rtx_kernel.o(.text.osKernelInitialize) for osKernelInitialize
    main.o(.text) refers to rtx_thread.o(.text.osThreadNew) for osThreadNew
    main.o(.text) refers to rtx_kernel.o(.text.osKernelStart) for osKernelStart
    main.o(.text) refers to stm32f4xx_hal_rcc.o(.text) for HAL_RCC_OscConfig
    led_nucleo_f429zi.o(.text) refers to stm32f4xx_hal_gpio.o(.text) for HAL_GPIO_Init
    led_nucleo_f429zi.o(.text) refers to led_nucleo_f429zi.o(.constdata) for .constdata
    rtx_lib.o(.text) refers to rtx_kernel.o(.text.osKernelInitialize) for osKernelInitialize
    rtx_lib.o(.text) refers to rtx_kernel.o(.text.osKernelGetState) for osKernelGetState
    rtx_lib.o(.text) refers to rtx_thread.o(.text.osThreadGetId) for osThreadGetId
    rtx_lib.o(.text) refers to rtx_kernel.o(.text.osRtxKernelErrorNotify) for osRtxKernelErrorNotify
    rtx_lib.o(.text) refers to rtx_mutex.o(.text.osMutexNew) for osMutexNew
    rtx_lib.o(.text) refers to rtx_mutex.o(.text.osMutexAcquire) for osMutexAcquire
    rtx_lib.o(.text) refers to rtx_mutex.o(.text.osMutexRelease) for osMutexRelease
    rtx_lib.o(.text) refers to rtx_mutex.o(.text.osMutexDelete) for osMutexDelete
    rtx_lib.o(.text) refers to eventrecorder.o(.text) for EventRecorderInitialize
    rtx_lib.o(.text) refers to rtx_lib.o(.bss.os.libspace) for .bss.os.libspace
    rtx_lib.o(.text) refers to rtx_lib.o(.data) for .data
    rtx_lib.o(.constdata) refers to rtx_lib.o(.bss.os.thread.cb) for os_idle_thread_cb
    rtx_lib.o(.constdata) refers to rtx_lib.o(.bss.os.thread.idle.stack) for os_idle_thread_stack
    rtx_lib.o(.constdata) refers to rtx_lib.o(.bss.os.thread.cb) for os_timer_thread_cb
    rtx_lib.o(.constdata) refers to rtx_lib.o(.bss.os.thread.timer.stack) for os_timer_thread_stack
    rtx_lib.o(.constdata) refers to rtx_lib.o(.bss.os.msgqueue.cb) for os_timer_mq_cb
    rtx_lib.o(.constdata) refers to rtx_lib.o(.bss.os.msgqueue.mem) for os_timer_mq_data
    rtx_lib.o(.constdata) refers to irq_armv7m.o(.rodata) for irqRtxLib
    rtx_lib.o(.rodata) refers to rtx_lib.o(.bss.os) for os_isr_queue
    rtx_lib.o(.rodata) refers to rtx_lib.o(.bss.os) for os_mem
    rtx_lib.o(.rodata) refers to rtx_lib.o(.constdata) for os_idle_thread_attr
    rtx_lib.o(.rodata) refers to rtx_lib.o(.constdata) for os_timer_thread_attr
    rtx_lib.o(.rodata) refers to rtx_timer.o(.text.osRtxTimerThread) for osRtxTimerThread
    rtx_lib.o(.rodata) refers to rtx_timer.o(.text.osRtxTimerSetup) for osRtxTimerSetup
    rtx_lib.o(.rodata) refers to rtx_lib.o(.constdata) for os_timer_mq_attr
[...]
    USART2_IRQHandler                        0x08003703   Thumb Code     0  startup_stm32f429xx.o(.text)
    USART3_IRQHandler                        0x08003703   Thumb Code     0  startup_stm32f429xx.o(.text)
    USART6_IRQHandler                        0x08003703   Thumb Code     0  startup_stm32f429xx.o(.text)
    WWDG_IRQHandler                          0x08003703   Thumb Code     0  startup_stm32f429xx.o(.text)
    __user_initial_stackheap                 0x08003705   Thumb Code     0  startup_stm32f429xx.o(.text)
    SystemInit                               0x08003729   Thumb Code    10  system_stm32f4xx.o(.text)
    SystemCoreClockUpdate                    0x08003733   Thumb Code   104  system_stm32f4xx.o(.text)
    fs_mutex_new                             0x080037b1   Thumb Code     4  fs_config.o(.text)
    fs_mutex_acquire                         0x080037b5   Thumb Code    18  fs_config.o(.text)
    fs_mutex_release                         0x080037c7   Thumb Code    16  fs_config.o(.text)
    fs_mutex_delete                          0x080037d7   Thumb Code    16  fs_config.o(.text)
    fs_get_rtos_tick_freq                    0x080037e7   Thumb Code     4  fs_config.o(.text)
    fs_set_rtos_delay                        0x080037eb   Thumb Code    16  fs_config.o(.text)
    fs_get_sys_tick                          0x080037fb   Thumb Code     4  fs_config.o(.text)
    fs_get_sys_tick_us                       0x080037ff   Thumb Code    22  fs_config.o(.text)
    fs_config                                0x0800383f   Thumb Code    68  fs_config.o(.text)
    fdelete                                  0x08003883   Thumb Code     4  fs_config.o(.text)
    fflush                                   0x08003887   Thumb Code    24  fs_config.o(.text)
    efs_handle_get                           0x0800389f   Thumb Code     6  fs_config.o(.text)
    efs_init                                 0x080038a5   Thumb Code     4  fs_config.o(.text)
    efs_uninit                               0x080038a9   Thumb Code     4  fs_config.o(.text)
    efs_mount                                0x080038ad   Thumb Code     4  fs_config.o(.text)
    efs_unmount                              0x080038b1   Thumb Code     4  fs_config.o(.text)
    efs_open                                 0x080038b5   Thumb Code     4  fs_config.o(.text)
    efs_close                                0x080038b9   Thumb Code     4  fs_config.o(.text)
    efs_read                                 0x080038bd   Thumb Code     4  fs_config.o(.text)
    efs_write                                0x080038c1   Thumb Code     6  fs_config.o(.text)
    efs_flush                                0x080038c7   Thumb Code     4  fs_config.o(.text)
    efs_flen                                 0x080038cb   Thumb Code     6  fs_config.o(.text)
    efs_seek                                 0x080038d1   Thumb Code     4  fs_config.o(.text)
    efs_ffind                                0x080038d5   Thumb Code     4  fs_config.o(.text)
    efs_rename                               0x080038d9   Thumb Code     4  fs_config.o(.text)
    efs_delete                               0x080038dd   Thumb Code     4  fs_config.o(.text)
    efs_analyse                              0x080038e1   Thumb Code     4  fs_config.o(.text)
    efs_check                                0x080038e5   Thumb Code     4  fs_config.o(.text)
    efs_format                               0x080038e9   Thumb Code     4  fs_config.o(.text)
    efs_free                                 0x080038ed   Thumb Code     8  fs_config.o(.text)
    efs_defrag                               0x080038f5   Thumb Code     4  fs_config.o(.text)
    efs_info                                 0x080038f9   Thumb Code     4  fs_config.o(.text)
    fat_jour_init                            0x080038fd   Thumb Code     4  fs_config.o(.text)
    fat_jour_prep                            0x08003901   Thumb Code     4  fs_config.o(.text)
    fsj_set_space                            0x08003905   Thumb Code     4  fs_config.o(.text)
    fsj_write                                0x08003909   Thumb Code     4  fs_config.o(.text)
    fsj_init                                 0x0800390d   Thumb Code     4  fs_config.o(.text)
    elink_init                               0x08003911   Thumb Code     4  fs_config.o(.text)
    elink_dir                                0x08003915   Thumb Code     4  fs_config.o(.text)
    elink_cmd                                0x08003919   Thumb Code     4  fs_config.o(.text)
    elink_insert                             0x0800391d   Thumb Code     4  fs_config.o(.text)
    elink_delete                             0x08003921   Thumb Code     4  fs_config.o(.text)
    elink_scan                               0x08003925   Thumb Code     4  fs_config.o(.text)
    fs_config_evr                            0x08003941   Thumb Code    90  fs_debug.o(.text)
    SVC_Handler                              0x0800399d   Thumb Code   108  irq_armv7m.o(.text)
    PendSV_Handler                           0x08003a09   Thumb Code    16  irq_armv7m.o(.text)
    SysTick_Handler                          0x08003a19   Thumb Code    16  irq_armv7m.o(.text)
    __aeabi_errno_addr                       0x08003a31   Thumb Code     4  rt_errno_addr_twolibspace.o(.text)
    __errno$twolibspace                      0x08003a31   Thumb Code     0  rt_errno_addr_twolibspace.o(.text)
    __rt_errno_addr$twolibspace              0x08003a31   Thumb Code     0  rt_errno_addr_twolibspace.o(.text)
    __aeabi_uldivmod                         0x08003a35   Thumb Code     0  lludivv7m.o(.text)
    _ll_udiv                                 0x08003a35   Thumb Code   238  lludivv7m.o(.text)
    __2printf                                0x08003b25   Thumb Code    20  noretval__2printf.o(.text)
    __2fprintf                               0x08003b3d   Thumb Code    20  noretval__2fprintf.o(.text)
    __printf                                 0x08003b51   Thumb Code   104  __printf.o(.text)
    _printf_str                              0x08003bb9   Thumb Code    82  _printf_str.o(.text)
    _printf_int_dec                          0x08003c0d   Thumb Code   104  _printf_dec.o(.text)
    _fseek                                   0x08003c85   Thumb Code   242  fseek.o(.text)
    _fseek$unlocked                          0x08003c85   Thumb Code     0  fseek.o(.text)
    rewind                                   0x08003d7d   Thumb Code    22  rewind.o(.text)
    _fclose$unlocked                         0x08003d93   Thumb Code     0  fclose.o(.text)
    _fclose_internal                         0x08003d93   Thumb Code    76  fclose.o(.text)
    fclose                                   0x08003de1   Thumb Code    46  fclose_locked.o(.text)
    fseek                                    0x08003e15   Thumb Code    44  fseek_locked.o(.text)
    _do_fflush                               0x08003e41   Thumb Code    74  fflush_locked.o(.text)
    $Super$$fflush                           0x08003e8b   Thumb Code    60  fflush_locked.o(.text)
    freopen                                  0x08003f7f   Thumb Code    42  fopen_locked.o(.text)
    fopen                                    0x08003fa9   Thumb Code   100  fopen_locked.o(.text)
    strstr                                   0x08004015   Thumb Code    36  strstr.o(.text)
    strcpy                                   0x08004039   Thumb Code    72  strcpy.o(.text)
    strncasecmp                              0x08004081   Thumb Code    50  strncasecmp.o(.text)
    strlen                                   0x080040b3   Thumb Code    62  strlen.o(.text)
    __aeabi_memcpy                           0x080040f1   Thumb Code     0  rt_memcpy_v6.o(.text)
    __rt_memcpy                              0x080040f1   Thumb Code   138  rt_memcpy_v6.o(.text)
    _memcpy_lastbytes                        0x08004157   Thumb Code     0  rt_memcpy_v6.o(.text)
    __aeabi_memcpy4                          0x0800417b   Thumb Code     0  rt_memcpy_w.o(.text)
    __aeabi_memcpy8                          0x0800417b   Thumb Code     0  rt_memcpy_w.o(.text)
    __rt_memcpy_w                            0x0800417b   Thumb Code   100  rt_memcpy_w.o(.text)
    _memcpy_lastbytes_aligned                0x080041c3   Thumb Code     0  rt_memcpy_w.o(.text)
    __aeabi_memclr                           0x080041df   Thumb Code     0  rt_memclr.o(.text)
    __rt_memclr                              0x080041df   Thumb Code    68  rt_memclr.o(.text)
    _memset                                  0x080041e3   Thumb Code     0  rt_memclr.o(.text)
    __aeabi_memclr4                          0x08004223   Thumb Code     0  rt_memclr_w.o(.text)
    __aeabi_memclr8                          0x08004223   Thumb Code     0  rt_memclr_w.o(.text)
    __rt_memclr_w                            0x08004223   Thumb Code    78  rt_memclr_w.o(.text)
    _memset_w                                0x08004227   Thumb Code     0  rt_memclr_w.o(.text)
    strcmp                                   0x08004271   Thumb Code   128  strcmpv7m.o(.text)
    __use_two_region_memory                  0x080042f1   Thumb Code     2  heapauxi.o(.text)
    __rt_heap_escrow                         0x080042f3   Thumb Code     2  heapauxi.o(.text)
    __rt_heap_expand                         0x080042f5   Thumb Code     2  heapauxi.o(.text)
    __user_libspace                          0x080042f9   Thumb Code     8  libspace.o(.text)
    __user_perproc_libspace                  0x080042f9   Thumb Code     0  libspace.o(.text)
    _malloc_internal                         0x08004309   Thumb Code   130  h1_alloc_mt.o(.text)
    malloc                                   0x0800438b   Thumb Code    20  h1_alloc_mt.o(.text)
    _free_internal                           0x0800439f   Thumb Code    98  h1_free_mt.o(.text)
    free                                     0x08004401   Thumb Code    20  h1_free_mt.o(.text)
    tolower                                  0x08004415   Thumb Code    26  tolower.o(.text)
    _printf_int_common                       0x0800442f   Thumb Code   178  _printf_intcommon.o(.text)
    _printf_cs_common                        0x080044e1   Thumb Code    20  _printf_char.o(.text)
    _printf_char                             0x080044f5   Thumb Code    16  _printf_char.o(.text)
    _printf_string                           0x08004505   Thumb Code     8  _printf_char.o(.text)
    _ftell_internal                          0x0800450d   Thumb Code    66  ftell.o(.text)
    ftell                                    0x0800450d   Thumb Code     0  ftell.o(.text)
    _seterr                                  0x08004551   Thumb Code    20  stdio.o(.text)
    _writebuf                                0x08004565   Thumb Code    84  stdio.o(.text)
    _fflush                                  0x080045b9   Thumb Code    70  stdio.o(.text)
    _deferredlazyseek                        0x080045ff   Thumb Code    60  stdio.o(.text)
    clearerr                                 0x08004641   Thumb Code    32  clearerr_locked.o(.text)
    _initio                                  0x08004661   Thumb Code   240  initio_locked.o(.text)
    _terminateio                             0x08004751   Thumb Code   168  initio_locked.o(.text)
    __rt_ctype_table                         0x08004829   Thumb Code    16  rt_ctype_table.o(.text)
    __rt_heap_descriptor                     0x08004839   Thumb Code    10  rt_heap_descriptor_twolibspace.o(.text)
    __use_no_heap                            0x08004843   Thumb Code     2  hguard.o(.text)
    __heap$guard                             0x08004845   Thumb Code     2  hguard.o(.text)
    _terminate_user_alloc                    0x08004847   Thumb Code     2  init_alloc.o(.text)
    _init_user_alloc                         0x08004849   Thumb Code     2  init_alloc.o(.text)
    __Heap_Full                              0x0800484b   Thumb Code    34  init_alloc.o(.text)
    __Heap_Broken                            0x0800486d   Thumb Code     6  init_alloc.o(.text)
    _init_alloc                              0x08004873   Thumb Code    94  init_alloc.o(.text)
    __Heap_Initialize                        0x080048d1   Thumb Code    14  h1_init_mt.o(.text)
    __Heap_DescSize                          0x080048df   Thumb Code     4  h1_init_mt.o(.text)
    _printf_char_common                      0x080048ef   Thumb Code    32  _printf_char_common.o(.text)
    _readbuf                                 0x08004915   Thumb Code    54  filbuf.o(.text)
    _seteof                                  0x0800494b   Thumb Code    40  filbuf.o(.text)
    __filbuf                                 0x08004973   Thumb Code   476  filbuf.o(.text)
    __filbuf_byte                            0x08004973   Thumb Code     0  filbuf.o(.text)
    __filbuf_wide                            0x08004973   Thumb Code     0  filbuf.o(.text)
    setvbuf                                  0x08004b4f   Thumb Code   104  setvbuf_locked.o(.text)
    __rt_SIGRTRED                            0x08004bb7   Thumb Code    14  defsig_rtred_outer.o(.text)
    __user_setup_stackheap                   0x08004bc5   Thumb Code    74  sys_stackheap_outer.o(.text)
    __rt_locale                              0x08004c0f   Thumb Code    10  rt_locale_twolibspace.o(.text)
    __Heap_ProvideMemory                     0x08004c19   Thumb Code    62  h1_extend_mt.o(.text)
    __flsbuf                                 0x08004c57   Thumb Code   470  flsbuf.o(.text)
    __flsbuf_byte                            0x08004c57   Thumb Code     0  flsbuf.o(.text)
    __flsbuf_wide                            0x08004c57   Thumb Code     0  flsbuf.o(.text)
    fgets                                    0x08004e2d   Thumb Code    86  fgets_locked.o(.text)
    _flushlinebuffered                       0x08004e85   Thumb Code    84  flushlinebuffered_locked.o(.text)
    exit                                     0x08004ee1   Thumb Code    18  exit.o(.text)
    __sig_exit                               0x08004ef3   Thumb Code    10  defsig_exit.o(.text)
    __rt_SIGRTRED_inner                      0x08004efd   Thumb Code    14  defsig_rtred_inner.o(.text)
    __rt_SIGRTMEM                            0x08004f31   Thumb Code    14  defsig_rtmem_outer.o(.text)
    _sys_exit                                0x08004f41   Thumb Code     8  sys_exit.o(.text)
    __I$use$semihosting                      0x08004f4d   Thumb Code     0  use_no_semi.o(.text)
    __use_no_semihosting_swi                 0x08004f4d   Thumb Code     2  use_no_semi.o(.text)
    __semihosting_library_function           0x08004f4f   Thumb Code     0  indicate_semi.o(.text)
    _terminate_alloc                         0x08004f4f   Thumb Code    16  term_alloc.o(.text)
    _printf_char_file                        0x08004f61   Thumb Code    58  _printf_char_file_locked.o(.text)
    __default_signal_display                 0x08004fa1   Thumb Code    50  defsig_general.o(.text)
    __rt_SIGRTMEM_inner                      0x08004fd5   Thumb Code    22  defsig_rtmem_inner.o(.text)
    _ttywrch                                 0x08005025   Thumb Code    14  sys_wrch.o(.text)
    __Heap_Finalize                          0x08005033   Thumb Code    10  h1_final_mt.o(.text)
    OS_Tick_AcknowledgeIRQ                   0x080050f1   Thumb Code     8  os_systick.o(.text.OS_Tick_AcknowledgeIRQ)
    OS_Tick_Enable                           0x080050fd   Thumb Code    32  os_systick.o(.text.OS_Tick_Enable)
    OS_Tick_GetClock                         0x08005129   Thumb Code     8  os_systick.o(.text.OS_Tick_GetClock)
    OS_Tick_GetCount                         0x08005135   Thumb Code    12  os_systick.o(.text.OS_Tick_GetCount)
    OS_Tick_GetIRQn                          0x08005145   Thumb Code     6  os_systick.o(.text.OS_Tick_GetIRQn)
    OS_Tick_GetInterval                      0x0800514d   Thumb Code     8  os_systick.o(.text.OS_Tick_GetInterval)
    OS_Tick_GetOverflow                      0x08005159   Thumb Code    12  os_systick.o(.text.OS_Tick_GetOverflow)
    OS_Tick_Setup                            0x08005169   Thumb Code    48  os_systick.o(.text.OS_Tick_Setup)
    osDelay                                  0x08005275   Thumb Code    32  rtx_delay.o(.text.osDelay)
    osKernelGetState                         0x08005299   Thumb Code    40  rtx_kernel.o(.text.osKernelGetState)
    osKernelGetSysTimerCount                 0x080052c9   Thumb Code    32  rtx_kernel.o(.text.osKernelGetSysTimerCount)
    osKernelGetSysTimerFreq                  0x080052ed   Thumb Code    32  rtx_kernel.o(.text.osKernelGetSysTimerFreq)
    osKernelGetTickCount                     0x08005311   Thumb Code    32  rtx_kernel.o(.text.osKernelGetTickCount)
    osKernelGetTickFreq                      0x08005339   Thumb Code    32  rtx_kernel.o(.text.osKernelGetTickFreq)
    osKernelInitialize                       0x08005361   Thumb Code    40  rtx_kernel.o(.text.osKernelInitialize)
    osKernelStart                            0x0800538d   Thumb Code    32  rtx_kernel.o(.text.osKernelStart)
    osMessageQueueGet                        0x080053b1   Thumb Code   108  rtx_msgqueue.o(.text.osMessageQueueGet)
    osMessageQueuePut                        0x08005421   Thumb Code   124  rtx_msgqueue.o(.text.osMessageQueuePut)
    osMutexAcquire                           0x080054a1   Thumb Code    32  rtx_mutex.o(.text.osMutexAcquire)
    osMutexDelete                            0x080054c5   Thumb Code    32  rtx_mutex.o(.text.osMutexDelete)
    osMutexNew                               0x080054e9   Thumb Code    32  rtx_mutex.o(.text.osMutexNew)
    osMutexRelease                           0x0800550d   Thumb Code    32  rtx_mutex.o(.text.osMutexRelease)
    osRtxKernelErrorNotify                   0x08005531   Thumb Code     4  rtx_kernel.o(.text.osRtxKernelErrorNotify)
    osRtxMemoryAlloc                         0x08005535   Thumb Code   108  rtx_memory.o(.text.osRtxMemoryAlloc)
    osRtxMemoryFree                          0x080055a1   Thumb Code    66  rtx_memory.o(.text.osRtxMemoryFree)
    osRtxMemoryInit                          0x080055e3   Thumb Code    54  rtx_memory.o(.text.osRtxMemoryInit)
    osRtxMemoryPoolAlloc                     0x08005619   Thumb Code    58  rtx_mempool.o(.text.osRtxMemoryPoolAlloc)
    osRtxMemoryPoolFree                      0x08005653   Thumb Code    74  rtx_mempool.o(.text.osRtxMemoryPoolFree)
    osRtxMemoryPoolInit                      0x0800569d   Thumb Code    56  rtx_mempool.o(.text.osRtxMemoryPoolInit)
    osRtxMessageQueueTimerSetup              0x08005781   Thumb Code    32  rtx_msgqueue.o(.text.osRtxMessageQueueTimerSetup)
    osRtxMutexOwnerRelease                   0x080057a9   Thumb Code    72  rtx_mutex.o(.text.osRtxMutexOwnerRelease)
    osRtxMutexOwnerRestore                   0x080057f1   Thumb Code    66  rtx_mutex.o(.text.osRtxMutexOwnerRestore)
    osRtxPendSV_Handler                      0x08005835   Thumb Code   136  rtx_system.o(.text.osRtxPendSV_Handler)
    osRtxPostProcess                         0x080058c1   Thumb Code   108  rtx_system.o(.text.osRtxPostProcess)
    osRtxThreadDelayTick                     0x08005a2d   Thumb Code    72  rtx_thread.o(.text.osRtxThreadDelayTick)
    osRtxThreadDispatch                      0x08005a9d   Thumb Code    80  rtx_thread.o(.text.osRtxThreadDispatch)
    osRtxThreadListGet                       0x08005b67   Thumb Code    18  rtx_thread.o(.text.osRtxThreadListGet)
    osRtxThreadListPut                       0x08005b79   Thumb Code    44  rtx_thread.o(.text.osRtxThreadListPut)
    osRtxThreadListRemove                    0x08005ba5   Thumb Code    20  rtx_thread.o(.text.osRtxThreadListRemove)
    osRtxThreadListSort                      0x08005bc5   Thumb Code    38  rtx_thread.o(.text.osRtxThreadListSort)
    osRtxThreadReadyPut                      0x08005c15   Thumb Code    16  rtx_thread.o(.text.osRtxThreadReadyPut)
    osRtxThreadRegPtr                        0x08005c29   Thumb Code     6  rtx_thread.o(.text.osRtxThreadRegPtr)
    osRtxThreadStartup                       0x08005c31   Thumb Code    48  rtx_thread.o(.text.osRtxThreadStartup)
    osRtxThreadSwitch                        0x08005c6d   Thumb Code    12  rtx_thread.o(.text.osRtxThreadSwitch)
    osRtxThreadWaitEnter                     0x08005c7d   Thumb Code    56  rtx_thread.o(.text.osRtxThreadWaitEnter)
    osRtxThreadWaitExit                      0x08005cb9   Thumb Code    34  rtx_thread.o(.text.osRtxThreadWaitExit)
    osRtxTick_Handler                        0x08005cdd   Thumb Code   116  rtx_system.o(.text.osRtxTick_Handler)
    osRtxTimerSetup                          0x08005d55   Thumb Code    24  rtx_timer.o(.text.osRtxTimerSetup)
    osRtxTimerThread                         0x08005d75   Thumb Code    32  rtx_timer.o(.text.osRtxTimerThread)
    osThreadExit                             0x08005e05   Thumb Code     8  rtx_thread.o(.text.osThreadExit)
    osThreadGetId                            0x08005e11   Thumb Code    32  rtx_thread.o(.text.osThreadGetId)
    osThreadNew                              0x08005e39   Thumb Code    32  rtx_thread.o(.text.osThreadNew)
    __sys_close                              0x08006809   Thumb Code   114  fs_sys.o(i.__sys_close)
    __sys_ensure                             0x08006889   Thumb Code   104  fs_sys.o(i.__sys_ensure)
    __sys_flen                               0x080068f9   Thumb Code   116  fs_sys.o(i.__sys_flen)
    __sys_open                               0x08006979   Thumb Code   172  fs_sys.o(i.__sys_open)
    __sys_read                               0x08006a31   Thumb Code   150  fs_sys.o(i.__sys_read)
    __sys_seek                               0x08006ad5   Thumb Code   122  fs_sys.o(i.__sys_seek)
    __sys_write                              0x08006b5d   Thumb Code   132  fs_sys.o(i.__sys_write)
    _fdelete                                 0x08006bed   Thumb Code    98  fs_mapi.o(i._fdelete)
    fat_close                                0x080073fd   Thumb Code   320  fs_fat.o(i.fat_close)
    fat_delete                               0x08007579   Thumb Code   556  fs_fat.o(i.fat_delete)
    fat_flen                                 0x080077b1   Thumb Code    26  fs_fat.o(i.fat_flen)
    fat_flush                                0x080077d1   Thumb Code    74  fs_fat.o(i.fat_flush)
    fat_handle_get                           0x08007825   Thumb Code    66  fs_fat.o(i.fat_handle_get)
    fat_init                                 0x08007871   Thumb Code   130  fs_fat.o(i.fat_init)
    fat_mount                                0x080078f9   Thumb Code   478  fs_fat.o(i.fat_mount)
    fat_open                                 0x08007add   Thumb Code   556  fs_fat.o(i.fat_open)
    fat_read                                 0x08007d15   Thumb Code   304  fs_fat.o(i.fat_read)
    fat_rename                               0x08007e51   Thumb Code   462  fs_fat.o(i.fat_rename)
    fat_seek                                 0x08008025   Thumb Code   552  fs_fat.o(i.fat_seek)
    fat_uninit                               0x08008259   Thumb Code    52  fs_fat.o(i.fat_uninit)
    fat_unmount                              0x08008291   Thumb Code    92  fs_fat.o(i.fat_unmount)
    fat_vol_chk                              0x080082f9   Thumb Code   212  fs_fat.o(i.fat_vol_chk)
    fat_write                                0x080083cd   Thumb Code   464  fs_fat.o(i.fat_write)
    _fgetc$unlocked                          0x080085a9   Thumb Code    24  fgetc.o(i.fgetc)
    finit                                    0x08008669   Thumb Code    78  fs_mapi.o(i.finit)
    fmount                                   0x080086c1   Thumb Code    92  fs_mapi.o(i.fmount)
    _fputc$unlocked                          0x0800877f   Thumb Code    26  fputc.o(i.fputc)
    frename                                  0x08008d6d   Thumb Code   100  fs_mapi.o(i.frename)
    fs_drive_id                              0x08008e81   Thumb Code   188  fs_common.o(i.fs_drive_id)
    fs_get_time                              0x08008f4d   Thumb Code    26  fs_time.o(i.fs_get_time)
    fs_mc_lock_unlock                        0x08008f67   Thumb Code     4  fs_mc_mci.o(i.fs_mc_lock_unlock)
    fs_mc_read_cd                            0x08008f6b   Thumb Code     6  fs_mc_spi.o(i.fs_mc_read_cd)
    fs_mc_read_wp                            0x08008f71   Thumb Code     6  fs_mc_spi.o(i.fs_mc_read_wp)
    fs_mc_spi_control_ss                     0x08008f77   Thumb Code     6  fs_mc_spi.o(i.fs_mc_spi_control_ss)
    fs_set_cdrive                            0x08008f7d   Thumb Code    24  fs_common.o(i.fs_set_cdrive)
    funinit                                  0x080090bd   Thumb Code    62  fs_mapi.o(i.funinit)
    funmount                                 0x08009105   Thumb Code    92  fs_mapi.o(i.funmount)
    get_u16                                  0x080091cd   Thumb Code    16  fs_common.o(i.get_u16)
    get_u32                                  0x080091dd   Thumb Code    22  fs_common.o(i.get_u32)
    mc_spi_DevCtrl                           0x0800999d   Thumb Code   266  fs_mc_spi.o(i.mc_spi_DevCtrl)
    mc_spi_DrvEvent                          0x08009aad   Thumb Code     8  fs_mc_spi.o(i.mc_spi_DrvEvent)
    mc_spi_Init                              0x08009ab5   Thumb Code  1194  fs_mc_spi.o(i.mc_spi_Init)
    mc_spi_ReadInfo                          0x08009f65   Thumb Code    64  fs_mc_spi.o(i.mc_spi_ReadInfo)
    mc_spi_ReadSector                        0x08009fa9   Thumb Code   122  fs_mc_spi.o(i.mc_spi_ReadSector)
    mc_spi_UnInit                            0x0800a029   Thumb Code    78  fs_mc_spi.o(i.mc_spi_UnInit)
    mc_spi_WriteSector                       0x0800a07d   Thumb Code   122  fs_mc_spi.o(i.mc_spi_WriteSector)
    set_u16                                  0x0800aadb   Thumb Code     8  fs_common.o(i.set_u16)
    set_u32                                  0x0800aae3   Thumb Code    16  fs_common.o(i.set_u32)
    _get_lc_ctype                            0x0800acdd   Thumb Code    44  lc_ctype_c.o(locale$$code)
    osRtxUserSVC                             0x0800ad80   Data           4  rtx_lib.o(.constdata)
    Driver_SPI1                              0x0800adf8   Data          44  spi_stm32f4xx.o(.constdata)
    EventRecorderInfo                        0x0800ae24   Data          24  eventrecorder.o(.constdata)
    __stdin_name                             0x0800ae3c   Data           7  retarget_io.o(.constdata)
    __stdout_name                            0x0800ae43   Data           8  retarget_io.o(.constdata)
    __stderr_name                            0x0800ae4b   Data           8  retarget_io.o(.constdata)
    AHBPrescTable                            0x0800ae5b   Data          16  system_stm32f4xx.o(.constdata)
    APBPrescTable                            0x0800ae6b   Data           8  system_stm32f4xx.o(.constdata)
    fs_fat_fh_cnt                            0x0800ae73   Data           1  fs_config.o(.constdata)
    fs_efs_fh_cnt                            0x0800ae74   Data           1  fs_config.o(.constdata)
    fs_ndrv                                  0x0800ae75   Data           1  fs_config.o(.constdata)
    fs_DevPool                               0x0800aea0   Data           8  fs_config.o(.constdata)
    osRtxConfig                              0x0800b3a8   Data         112  rtx_lib.o(.rodata)
    os_cb_sections                           0x0800b418   Data          56  rtx_lib.o(.rodata)
    Region$$Table$$Base                      0x0800b45c   Number         0  anon$$obj.o(Region$$Table)
    Region$$Table$$Limit                     0x0800b47c   Number         0  anon$$obj.o(Region$$Table)
    __ctype                                  0x0800b489   Data           0  lc_ctype_c.o(locale$$data)
    .bss.os.msgqueue.cb$$Base                0x20008230   Number         0  rtx_lib.o(.bss.os.msgqueue.cb)
    .bss.os.msgqueue.cb$$Limit               0x20008264   Number         0  rtx_lib.o(.bss.os.msgqueue.cb)
    .bss.os.mutex.cb$$Base                   0x200082b4   Number         0  fs_config.o(.bss.os.mutex.cb)
    .bss.os.mutex.cb$$Limit                  0x200082d0   Number         0  fs_config.o(.bss.os.mutex.cb)
    .bss.os.thread.cb$$Base                  0x200082d0   Number         0  rtx_lib.o(.bss.os.thread.cb)
    .bss.os.thread.cb$$Limit                 0x20008358   Number         0  rtx_lib.o(.bss.os.thread.cb)
    statusADD                                0x20008758   Data           1  main.o(.data)
    statusDELETE                             0x20008759   Data           1  main.o(.data)
    statusINSIDE                             0x2000875a   Data           1  main.o(.data)
    statusALLOWED                            0x2000875b   Data           1  main.o(.data)
    estado                                   0x2000875c   Data           1  main.o(.data)
    ITM_RxBuffer                             0x20008768   Data           4  retarget_io.o(.data)
    uwTickFreq                               0x2000876c   Data           1  stm32f4xx_hal.o(.data)
    uwTickPrio                               0x20008770   Data           4  stm32f4xx_hal.o(.data)
    uwTick                                   0x20008774   Data           4  stm32f4xx_hal.o(.data)
    SystemCoreClock                          0x20008778   Data           4  system_stm32f4xx.o(.data)
    fs_ms_rtos_tick                          0x2000877c   Data           4  fs_config.o(.data)
    __aeabi_stdin                            0x20008784   Data           4  stdio_streams.o(.data)
    __aeabi_stdout                           0x20008788   Data           4  stdio_streams.o(.data)
    __aeabi_stderr                           0x2000878c   Data           4  stdio_streams.o(.data)
    _stream_list_lock                        0x20008790   Data           4  streamlock.o(.data)
    osRtxInfo                                0x20008794   Data         164  rtx_kernel.o(.data.os)
    fs_fat_fh                                0x20008864   Data         144  fs_config.o(.bss)
    fs_efs_fh                                0x200088f4   Data          28  fs_config.o(.bss)
    fs_mc0_spi                               0x20008994   Data          32  fs_config.o(.bss)
    __stdin                                  0x20009db4   Data          84  stdio_streams.o(.bss)
    __stdout                                 0x20009e08   Data          84  stdio_streams.o(.bss)
    __stderr                                 0x20009e5c   Data          84  stdio_streams.o(.bss)
    __libspace_start                         0x20009eb0   Data          96  libspace.o(.bss)
    __temporary_stack_top$libspace           0x20009f10   Data           0  libspace.o(.bss)



==============================================================================

Memory Map of the image

  Image Entry point : 0x080001ad

  Load Region LR_IROM1 (Base: 0x08000000, Size: 0x00013dc4, Max: 0x00200000, ABSOLUTE, COMPRESSED[0x0000b6b8])

    Execution Region ER_IROM1 (Exec base: 0x08000000, Load base: 0x08000000, Size: 0x0000b58c, Max: 0x00200000, ABSOLUTE)

    Exec Addr    Load Addr    Size         Type   Attr      Idx    E Section Name        Object

    0x08000000   0x08000000   0x000001ac   Data   RO          654    RESET               startup_stm32f429xx.o
    0x080001ac   0x080001ac   0x00000008   Code   RO         1896  * !!!main             c_w.l(__main.o)
    0x080001b4   0x080001b4   0x00000034   Code   RO         2266    !!!scatter          c_w.l(__scatter.o)
    0x080001e8   0x080001e8   0x0000005a   Code   RO         2264    !!dczerorl2         c_w.l(__dczerorl2.o)
    0x08000242   0x08000242   0x00000002   PAD
    0x08000244   0x08000244   0x0000001c   Code   RO         2268    !!handler_zi        c_w.l(__scatter_zi.o)
    0x08000260   0x08000260   0x00000000   Code   RO         1847    .ARM.Collect$$_printf_percent$$00000000  c_w.l(_printf_percent.o)
    0x08000260   0x08000260   0x00000006   Code   RO         1846    .ARM.Collect$$_printf_percent$$00000009  c_w.l(_printf_d.o)
    0x08000266   0x08000266   0x00000006   Code   RO         1845    .ARM.Collect$$_printf_percent$$00000014  c_w.l(_printf_s.o)
    0x0800026c   0x0800026c   0x00000004   Code   RO         1976    .ARM.Collect$$_printf_percent$$00000017  c_w.l(_printf_percent_end.o)
    0x08000270   0x08000270   0x00000002   Code   RO         2195    .ARM.Collect$$libinit$$00000000  c_w.l(libinit.o)
    0x08000272   0x08000272   0x00000000   Code   RO         2067    .ARM.Collect$$libinit$$00000002  c_w.l(libinit2.o)
    0x08000272   0x08000272   0x00000000   Code   RO         2069    .ARM.Collect$$libinit$$00000004  c_w.l(libinit2.o)
    0x08000272   0x08000272   0x00000008   Code   RO         2070    .ARM.Collect$$libinit$$00000005  c_w.l(libinit2.o)
    0x0800027a   0x0800027a   0x00000000   Code   RO         2072    .ARM.Collect$$libinit$$0000000A  c_w.l(libinit2.o)
    0x0800027a   0x0800027a   0x00000000   Code   RO         2074    .ARM.Collect$$libinit$$0000000C  c_w.l(libinit2.o)
    0x0800027a   0x0800027a   0x00000000   Code   RO         2076    .ARM.Collect$$libinit$$0000000E  c_w.l(libinit2.o)
    0x0800027a   0x0800027a   0x00000006   Code   RO         2077    .ARM.Collect$$libinit$$0000000F  c_w.l(libinit2.o)
    0x08000280   0x08000280   0x00000000   Code   RO         2079    .ARM.Collect$$libinit$$00000011  c_w.l(libinit2.o)
    0x08000280   0x08000280   0x0000000c   Code   RO         2080    .ARM.Collect$$libinit$$00000012  c_w.l(libinit2.o)
    0x0800028c   0x0800028c   0x00000000   Code   RO         2081    .ARM.Collect$$libinit$$00000013  c_w.l(libinit2.o)
    0x0800028c   0x0800028c   0x00000000   Code   RO         2083    .ARM.Collect$$libinit$$00000015  c_w.l(libinit2.o)
    0x0800028c   0x0800028c   0x00000000   Code   RO         2085    .ARM.Collect$$libinit$$00000017  c_w.l(libinit2.o)
    0x0800028c   0x0800028c   0x00000000   Code   RO         2087    .ARM.Collect$$libinit$$00000019  c_w.l(libinit2.o)
    0x0800028c   0x0800028c   0x00000000   Code   RO         2089    .ARM.Collect$$libinit$$0000001B  c_w.l(libinit2.o)
    0x0800028c   0x0800028c   0x00000000   Code   RO         2091    .ARM.Collect$$libinit$$0000001D  c_w.l(libinit2.o)
    0x0800028c   0x0800028c   0x00000000   Code   RO         2093    .ARM.Collect$$libinit$$0000001F  c_w.l(libinit2.o)
    0x0800028c   0x0800028c   0x00000000   Code   RO         2095    .ARM.Collect$$libinit$$00000021  c_w.l(libinit2.o)
    0x0800028c   0x0800028c   0x00000000   Code   RO         2097    .ARM.Collect$$libinit$$00000023  c_w.l(libinit2.o)
    0x0800028c   0x0800028c   0x00000004   Code   RO         2098    .ARM.Collect$$libinit$$00000024  c_w.l(libinit2.o)
    0x08000290   0x08000290   0x00000000   Code   RO         2099    .ARM.Collect$$libinit$$00000025  c_w.l(libinit2.o)
    0x08000290   0x08000290   0x00000000   Code   RO         2103    .ARM.Collect$$libinit$$0000002C  c_w.l(libinit2.o)
    0x08000290   0x08000290   0x00000000   Code   RO         2105    .ARM.Collect$$libinit$$0000002E  c_w.l(libinit2.o)
    0x08000290   0x08000290   0x00000000   Code   RO         2107    .ARM.Collect$$libinit$$00000030  c_w.l(libinit2.o)
    0x08000290   0x08000290   0x00000000   Code   RO         2109    .ARM.Collect$$libinit$$00000032  c_w.l(libinit2.o)
    0x08000290   0x08000290   0x00000002   Code   RO         2110    .ARM.Collect$$libinit$$00000033  c_w.l(libinit2.o)
    0x08000292   0x08000292   0x00000002   Code   RO         2262    .ARM.Collect$$libshutdown$$00000000  c_w.l(libshutdown.o)
    0x08000294   0x08000294   0x00000000   Code   RO         2112    .ARM.Collect$$libshutdown$$00000002  c_w.l(libshutdown2.o)
    0x08000294   0x08000294   0x00000000   Code   RO         2114    .ARM.Collect$$libshutdown$$00000004  c_w.l(libshutdown2.o)
    0x08000294   0x08000294   0x00000004   Code   RO         2115    .ARM.Collect$$libshutdown$$00000005  c_w.l(libshutdown2.o)
    0x08000298   0x08000298   0x00000000   Code   RO         2116    .ARM.Collect$$libshutdown$$00000006  c_w.l(libshutdown2.o)
    0x08000298   0x08000298   0x00000000   Code   RO         2119    .ARM.Collect$$libshutdown$$00000009  c_w.l(libshutdown2.o)
    0x08000298   0x08000298   0x00000000   Code   RO         2122    .ARM.Collect$$libshutdown$$0000000C  c_w.l(libshutdown2.o)
    0x08000298   0x08000298   0x00000000   Code   RO         2124    .ARM.Collect$$libshutdown$$0000000E  c_w.l(libshutdown2.o)
    0x08000298   0x08000298   0x00000004   Code   RO         2125    .ARM.Collect$$libshutdown$$0000000F  c_w.l(libshutdown2.o)
    0x0800029c   0x0800029c   0x00000000   Code   RO         2127    .ARM.Collect$$libshutdown$$00000011  c_w.l(libshutdown2.o)
    0x0800029c   0x0800029c   0x00000002   Code   RO         2128    .ARM.Collect$$libshutdown$$00000012  c_w.l(libshutdown2.o)
    0x0800029e   0x0800029e   0x00000000   Code   RO         1901    .ARM.Collect$$rtentry$$00000000  c_w.l(__rtentry.o)
    0x0800029e   0x0800029e   0x00000000   Code   RO         2001    .ARM.Collect$$rtentry$$00000002  c_w.l(__rtentry2.o)
    0x0800029e   0x0800029e   0x00000006   Code   RO         2013    .ARM.Collect$$rtentry$$00000004  c_w.l(__rtentry4.o)
    0x080002a4   0x080002a4   0x00000008   Code   RO         2002    .ARM.Collect$$rtentry$$00000008  c_w.l(__rtentry2.o)
    0x080002ac   0x080002ac   0x00000004   Code   RO         2004    .ARM.Collect$$rtentry$$0000000A  c_w.l(__rtentry2.o)
    0x080002b0   0x080002b0   0x00000000   Code   RO         2006    .ARM.Collect$$rtentry$$0000000C  c_w.l(__rtentry2.o)
    0x080002b0   0x080002b0   0x00000008   Code   RO         2007    .ARM.Collect$$rtentry$$0000000D  c_w.l(__rtentry2.o)
    0x080002b8   0x080002b8   0x00000002   Code   RO         2205    .ARM.Collect$$rtexit$$00000000  c_w.l(rtexit.o)
    0x080002ba   0x080002ba   0x00000000   Code   RO         2232    .ARM.Collect$$rtexit$$00000002  c_w.l(rtexit2.o)
    0x080002ba   0x080002ba   0x00000004   Code   RO         2233    .ARM.Collect$$rtexit$$00000003  c_w.l(rtexit2.o)
    0x080002be   0x080002be   0x00000006   Code   RO         2234    .ARM.Collect$$rtexit$$00000004  c_w.l(rtexit2.o)
    0x080002c4   0x080002c4   0x00000074   Code   RO          319    .emb_text           eventrecorder.o
    0x08000338   0x08000338   0x00000000   Code   RO         2147    .emb_text           c_w.l(maybetermalloc2.o)
    0x08000338   0x08000338   0x0000099c   Code   RO            4    .text               main.o
    0x08000cd4   0x08000cd4   0x000000ec   Code   RO          147    .text               led_nucleo_f429zi.o
    0x08000dc0   0x08000dc0   0x000001c8   Code   RO          173    .text               rtx_lib.o
    0x08000f88   0x08000f88   0x00000004   Code   RO          235    .text               rtx_config.o
    0x08000f8c   0x08000f8c   0x00000bb0   Code   RO          263    .text               spi_stm32f4xx.o
    0x08001b3c   0x08001b3c   0x000004e4   Code   RO          320    .text               eventrecorder.o
    0x08002020   0x08002020   0x00000168   Code   RO          355    .text               retarget_io.o
    0x08002188   0x08002188   0x000001c4   Code   RO          403    .text               stm32f4xx_hal.o
    0x0800234c   0x0800234c   0x00000284   Code   RO          433    .text               stm32f4xx_hal_cortex.o
    0x080025d0   0x080025d0   0x000006b8   Code   RO          461    .text               stm32f4xx_hal_dma.o
    0x08002c88   0x08002c88   0x0000038c   Code   RO          510    .text               stm32f4xx_hal_gpio.o
    0x08003014   0x08003014   0x000006d4   Code   RO          582    .text               stm32f4xx_hal_rcc.o
    0x080036e8   0x080036e8   0x00000040   Code   RO          655    .text               startup_stm32f429xx.o
    0x08003728   0x08003728   0x00000088   Code   RO          662    .text               system_stm32f4xx.o
    0x080037b0   0x080037b0   0x00000190   Code   RO          691    .text               fs_config.o
    0x08003940   0x08003940   0x0000005a   Code   RO          741    .text               fs_debug.o
    0x0800399a   0x0800399a   0x00000002   PAD
    0x0800399c   0x0800399c   0x00000094   Code   RO         1075    .text               RTX_CM3.lib(irq_armv7m.o)
    0x08003a30   0x08003a30   0x00000004   Code   RO         1807    .text               c_w.l(rt_errno_addr_twolibspace.o)
    0x08003a34   0x08003a34   0x000000ee   Code   RO         1809    .text               c_w.l(lludivv7m.o)
    0x08003b22   0x08003b22   0x00000002   PAD
    0x08003b24   0x08003b24   0x00000018   Code   RO         1815    .text               c_w.l(noretval__2printf.o)
    0x08003b3c   0x08003b3c   0x00000014   Code   RO         1817    .text               c_w.l(noretval__2fprintf.o)
    0x08003b50   0x08003b50   0x00000068   Code   RO         1819    .text               c_w.l(__printf.o)
    0x08003bb8   0x08003bb8   0x00000052   Code   RO         1821    .text               c_w.l(_printf_str.o)
    0x08003c0a   0x08003c0a   0x00000002   PAD
    0x08003c0c   0x08003c0c   0x00000078   Code   RO         1823    .text               c_w.l(_printf_dec.o)
    0x08003c84   0x08003c84   0x000000f8   Code   RO         1852    .text               c_w.l(fseek.o)
    0x08003d7c   0x08003d7c   0x00000016   Code   RO         1854    .text               c_w.l(rewind.o)
    0x08003d92   0x08003d92   0x0000004c   Code   RO         1864    .text               c_w.l(fclose.o)
    0x08003dde   0x08003dde   0x00000002   PAD
    0x08003de0   0x08003de0   0x00000034   Code   RO         1866    .text               c_w.l(fclose_locked.o)
    0x08003e14   0x08003e14   0x0000002c   Code   RO         1868    .text               c_w.l(fseek_locked.o)
    0x08003e40   0x08003e40   0x00000090   Code   RO         1870    .text               c_w.l(fflush_locked.o)
    0x08003ed0   0x08003ed0   0x00000144   Code   RO         1872    .text               c_w.l(fopen_locked.o)
    0x08004014   0x08004014   0x00000024   Code   RO         1874    .text               c_w.l(strstr.o)
    0x08004038   0x08004038   0x00000048   Code   RO         1876    .text               c_w.l(strcpy.o)
    0x08004080   0x08004080   0x00000032   Code   RO         1878    .text               c_w.l(strncasecmp.o)
    0x080040b2   0x080040b2   0x0000003e   Code   RO         1880    .text               c_w.l(strlen.o)
    0x080040f0   0x080040f0   0x0000008a   Code   RO         1882    .text               c_w.l(rt_memcpy_v6.o)
    0x0800417a   0x0800417a   0x00000064   Code   RO         1884    .text               c_w.l(rt_memcpy_w.o)
    0x080041de   0x080041de   0x00000044   Code   RO         1888    .text               c_w.l(rt_memclr.o)
    0x08004222   0x08004222   0x0000004e   Code   RO         1890    .text               c_w.l(rt_memclr_w.o)
    0x08004270   0x08004270   0x00000080   Code   RO         1892    .text               c_w.l(strcmpv7m.o)
    0x080042f0   0x080042f0   0x00000006   Code   RO         1894    .text               c_w.l(heapauxi.o)
    0x080042f6   0x080042f6   0x00000002   PAD
    0x080042f8   0x080042f8   0x00000008   Code   RO         1898    .text               c_w.l(libspace.o)
    0x08004300   0x08004300   0x0000009e   Code   RO         1914    .text               c_w.l(h1_alloc_mt.o)
    0x0800439e   0x0800439e   0x00000076   Code   RO         1916    .text               c_w.l(h1_free_mt.o)
    0x08004414   0x08004414   0x0000001a   Code   RO         1968    .text               c_w.l(tolower.o)
    0x0800442e   0x0800442e   0x000000b2   Code   RO         1970    .text               c_w.l(_printf_intcommon.o)
    0x080044e0   0x080044e0   0x0000002c   Code   RO         1972    .text               c_w.l(_printf_char.o)
    0x0800450c   0x0800450c   0x00000042   Code   RO         1985    .text               c_w.l(ftell.o)
    0x0800454e   0x0800454e   0x00000002   PAD
    0x08004550   0x08004550   0x000000f0   Code   RO         1987    .text               c_w.l(stdio.o)
    0x08004640   0x08004640   0x00000020   Code   RO         1994    .text               c_w.l(clearerr_locked.o)
    0x08004660   0x08004660   0x000001c8   Code   RO         1998    .text               c_w.l(initio_locked.o)
    0x08004828   0x08004828   0x00000010   Code   RO         2015    .text               c_w.l(rt_ctype_table.o)
    0x08004838   0x08004838   0x0000000a   Code   RO         2024    .text               c_w.l(rt_heap_descriptor_twolibspace.o)
    0x08004842   0x08004842   0x00000004   Code   RO         2026    .text               c_w.l(hguard.o)
    0x08004846   0x08004846   0x0000008a   Code   RO         2028    .text               c_w.l(init_alloc.o)
    0x080048d0   0x080048d0   0x00000012   Code   RO         2034    .text               c_w.l(h1_init_mt.o)
    0x080048e2   0x080048e2   0x00000002   PAD
    0x080048e4   0x080048e4   0x00000030   Code   RO         2046    .text               c_w.l(_printf_char_common.o)
    0x08004914   0x08004914   0x0000023a   Code   RO         2048    .text               c_w.l(filbuf.o)
    0x08004b4e   0x08004b4e   0x00000068   Code   RO         2058    .text               c_w.l(setvbuf_locked.o)
    0x08004bb6   0x08004bb6   0x0000000e   Code   RO         2060    .text               c_w.l(defsig_rtred_outer.o)
    0x08004bc4   0x08004bc4   0x0000004a   Code   RO         2133    .text               c_w.l(sys_stackheap_outer.o)
    0x08004c0e   0x08004c0e   0x0000000a   Code   RO         2142    .text               c_w.l(rt_locale_twolibspace.o)
    0x08004c18   0x08004c18   0x0000003e   Code   RO         2150    .text               c_w.l(h1_extend_mt.o)
    0x08004c56   0x08004c56   0x000001d6   Code   RO         2154    .text               c_w.l(flsbuf.o)
    0x08004e2c   0x08004e2c   0x00000056   Code   RO         2162    .text               c_w.l(fgets_locked.o)
    0x08004e82   0x08004e82   0x00000002   PAD
    0x08004e84   0x08004e84   0x0000005c   Code   RO         2168    .text               c_w.l(flushlinebuffered_locked.o)
    0x08004ee0   0x08004ee0   0x00000012   Code   RO         2173    .text               c_w.l(exit.o)
    0x08004ef2   0x08004ef2   0x0000000a   Code   RO         2175    .text               c_w.l(defsig_exit.o)
    0x08004efc   0x08004efc   0x00000034   Code   RO         2181    .text               c_w.l(defsig_rtred_inner.o)
    0x08004f30   0x08004f30   0x0000000e   Code   RO         2183    .text               c_w.l(defsig_rtmem_outer.o)
    0x08004f3e   0x08004f3e   0x00000002   PAD
    0x08004f40   0x08004f40   0x0000000c   Code   RO         2200    .text               c_w.l(sys_exit.o)
    0x08004f4c   0x08004f4c   0x00000002   Code   RO         2202    .text               c_w.l(use_no_semi.o)
    0x08004f4e   0x08004f4e   0x00000000   Code   RO         2204    .text               c_w.l(indicate_semi.o)
    0x08004f4e   0x08004f4e   0x00000010   Code   RO         2207    .text               c_w.l(term_alloc.o)
    0x08004f5e   0x08004f5e   0x00000002   PAD
    0x08004f60   0x08004f60   0x00000040   Code   RO         2209    .text               c_w.l(_printf_char_file_locked.o)
    0x08004fa0   0x08004fa0   0x00000032   Code   RO         2217    .text               c_w.l(defsig_general.o)
    0x08004fd2   0x08004fd2   0x00000002   PAD
    0x08004fd4   0x08004fd4   0x00000050   Code   RO         2221    .text               c_w.l(defsig_rtmem_inner.o)
    0x08005024   0x08005024   0x0000000e   Code   RO         2229    .text               c_w.l(sys_wrch.o)
    0x08005032   0x08005032   0x0000000a   Code   RO         2240    .text               c_w.l(h1_final_mt.o)
    0x0800503c   0x0800503c   0x00000040   Code   RO         1366    .text.MessageQueueGet  RTX_CM3.lib(rtx_msgqueue.o)
    0x0800507c   0x0800507c   0x00000058   Code   RO         1360    .text.MessageQueuePut  RTX_CM3.lib(rtx_msgqueue.o)
    0x080050d4   0x080050d4   0x0000001c   Code   RO         1358    .text.MessageQueueRemove  RTX_CM3.lib(rtx_msgqueue.o)
    0x080050f0   0x080050f0   0x0000000c   Code   RO         1404    .text.OS_Tick_AcknowledgeIRQ  RTX_CM3.lib(os_systick.o)
    0x080050fc   0x080050fc   0x0000002c   Code   RO         1400    .text.OS_Tick_Enable  RTX_CM3.lib(os_systick.o)
    0x08005128   0x08005128   0x0000000c   Code   RO         1408    .text.OS_Tick_GetClock  RTX_CM3.lib(os_systick.o)
    0x08005134   0x08005134   0x00000010   Code   RO         1412    .text.OS_Tick_GetCount  RTX_CM3.lib(os_systick.o)
    0x08005144   0x08005144   0x00000006   Code   RO         1406    .text.OS_Tick_GetIRQn  RTX_CM3.lib(os_systick.o)
    0x0800514a   0x0800514a   0x00000002   PAD
    0x0800514c   0x0800514c   0x0000000c   Code   RO         1410    .text.OS_Tick_GetInterval  RTX_CM3.lib(os_systick.o)
    0x08005158   0x08005158   0x00000010   Code   RO         1414    .text.OS_Tick_GetOverflow  RTX_CM3.lib(os_systick.o)
    0x08005168   0x08005168   0x00000040   Code   RO         1398    .text.OS_Tick_Setup  RTX_CM3.lib(os_systick.o)
    0x080051a8   0x080051a8   0x0000000c   Code   RO          822    .text.OUTLINED_FUNCTION_0  RTX_CM3.lib(rtx_kernel.o)
    0x080051b4   0x080051b4   0x0000000c   Code   RO         1374    .text.OUTLINED_FUNCTION_0  RTX_CM3.lib(rtx_msgqueue.o)
    0x080051c0   0x080051c0   0x00000006   Code   RO          824    .text.OUTLINED_FUNCTION_1  RTX_CM3.lib(rtx_kernel.o)
    0x080051c6   0x080051c6   0x00000064   Code   RO          916    .text.ThreadFlagsCheck  RTX_CM3.lib(rtx_thread.o)
    0x0800522a   0x0800522a   0x00000002   PAD
    0x0800522c   0x0800522c   0x00000048   Code   RO         1016    .text.TimerInsert   RTX_CM3.lib(rtx_timer.o)
    0x08005274   0x08005274   0x00000024   Code   RO          982    .text.osDelay       RTX_CM3.lib(rtx_delay.o)
    0x08005298   0x08005298   0x00000030   Code   RO          774    .text.osKernelGetState  RTX_CM3.lib(rtx_kernel.o)
    0x080052c8   0x080052c8   0x00000024   Code   RO          798    .text.osKernelGetSysTimerCount  RTX_CM3.lib(rtx_kernel.o)
    0x080052ec   0x080052ec   0x00000024   Code   RO          802    .text.osKernelGetSysTimerFreq  RTX_CM3.lib(rtx_kernel.o)
    0x08005310   0x08005310   0x00000028   Code   RO          790    .text.osKernelGetTickCount  RTX_CM3.lib(rtx_kernel.o)
    0x08005338   0x08005338   0x00000028   Code   RO          794    .text.osKernelGetTickFreq  RTX_CM3.lib(rtx_kernel.o)
    0x08005360   0x08005360   0x0000002c   Code   RO          768    .text.osKernelInitialize  RTX_CM3.lib(rtx_kernel.o)
    0x0800538c   0x0800538c   0x00000024   Code   RO          778    .text.osKernelStart  RTX_CM3.lib(rtx_kernel.o)
    0x080053b0   0x080053b0   0x00000070   Code   RO         1334    .text.osMessageQueueGet  RTX_CM3.lib(rtx_msgqueue.o)
    0x08005420   0x08005420   0x00000080   Code   RO         1332    .text.osMessageQueuePut  RTX_CM3.lib(rtx_msgqueue.o)
    0x080054a0   0x080054a0   0x00000024   Code   RO         1048    .text.osMutexAcquire  RTX_CM3.lib(rtx_mutex.o)
    0x080054c4   0x080054c4   0x00000024   Code   RO         1054    .text.osMutexDelete  RTX_CM3.lib(rtx_mutex.o)
    0x080054e8   0x080054e8   0x00000024   Code   RO         1044    .text.osMutexNew    RTX_CM3.lib(rtx_mutex.o)
    0x0800550c   0x0800550c   0x00000024   Code   RO         1050    .text.osMutexRelease  RTX_CM3.lib(rtx_mutex.o)
    0x08005530   0x08005530   0x00000004   Code   RO          766    .text.osRtxKernelErrorNotify  RTX_CM3.lib(rtx_kernel.o)
    0x08005534   0x08005534   0x0000006c   Code   RO         1260    .text.osRtxMemoryAlloc  RTX_CM3.lib(rtx_memory.o)
    0x080055a0   0x080055a0   0x00000042   Code   RO         1262    .text.osRtxMemoryFree  RTX_CM3.lib(rtx_memory.o)
    0x080055e2   0x080055e2   0x00000036   Code   RO         1258    .text.osRtxMemoryInit  RTX_CM3.lib(rtx_memory.o)
    0x08005618   0x08005618   0x0000003a   Code   RO         1274    .text.osRtxMemoryPoolAlloc  RTX_CM3.lib(rtx_mempool.o)
    0x08005652   0x08005652   0x0000004a   Code   RO         1276    .text.osRtxMemoryPoolFree  RTX_CM3.lib(rtx_mempool.o)
    0x0800569c   0x0800569c   0x00000038   Code   RO         1272    .text.osRtxMemoryPoolInit  RTX_CM3.lib(rtx_mempool.o)
    0x080056d4   0x080056d4   0x000000aa   Code   RO         1356    .text.osRtxMessageQueuePostProcess  RTX_CM3.lib(rtx_msgqueue.o)
    0x0800577e   0x0800577e   0x00000002   PAD
    0x08005780   0x08005780   0x00000028   Code   RO         1324    .text.osRtxMessageQueueTimerSetup  RTX_CM3.lib(rtx_msgqueue.o)
    0x080057a8   0x080057a8   0x00000048   Code   RO         1040    .text.osRtxMutexOwnerRelease  RTX_CM3.lib(rtx_mutex.o)
    0x080057f0   0x080057f0   0x00000042   Code   RO         1042    .text.osRtxMutexOwnerRestore  RTX_CM3.lib(rtx_mutex.o)
    0x08005832   0x08005832   0x00000002   PAD
    0x08005834   0x08005834   0x0000008c   Code   RO         1386    .text.osRtxPendSV_Handler  RTX_CM3.lib(rtx_system.o)
    0x080058c0   0x080058c0   0x00000074   Code   RO         1388    .text.osRtxPostProcess  RTX_CM3.lib(rtx_system.o)
    0x08005934   0x08005934   0x00000038   Code   RO          856    .text.osRtxThreadBlock  RTX_CM3.lib(rtx_thread.o)
    0x0800596c   0x0800596c   0x00000080   Code   RO          864    .text.osRtxThreadDelayInsert  RTX_CM3.lib(rtx_thread.o)
    0x080059ec   0x080059ec   0x00000040   Code   RO          860    .text.osRtxThreadDelayRemove  RTX_CM3.lib(rtx_thread.o)
    0x08005a2c   0x08005a2c   0x0000004c   Code   RO          846    .text.osRtxThreadDelayTick  RTX_CM3.lib(rtx_thread.o)
    0x08005a78   0x08005a78   0x00000024   Code   RO          948    .text.osRtxThreadDestroy  RTX_CM3.lib(rtx_thread.o)
    0x08005a9c   0x08005a9c   0x00000054   Code   RO          854    .text.osRtxThreadDispatch  RTX_CM3.lib(rtx_thread.o)
    0x08005af0   0x08005af0   0x00000058   Code   RO          940    .text.osRtxThreadFree  RTX_CM3.lib(rtx_thread.o)
    0x08005b48   0x08005b48   0x0000001e   Code   RO          946    .text.osRtxThreadJoinWakeup  RTX_CM3.lib(rtx_thread.o)
    0x08005b66   0x08005b66   0x00000012   Code   RO          838    .text.osRtxThreadListGet  RTX_CM3.lib(rtx_thread.o)
    0x08005b78   0x08005b78   0x0000002c   Code   RO          836    .text.osRtxThreadListPut  RTX_CM3.lib(rtx_thread.o)
    0x08005ba4   0x08005ba4   0x00000014   Code   RO          842    .text.osRtxThreadListRemove  RTX_CM3.lib(rtx_thread.o)
    0x08005bb8   0x08005bb8   0x0000000c   Code   RO          848    .text.osRtxThreadListRoot  RTX_CM3.lib(rtx_thread.o)
    0x08005bc4   0x08005bc4   0x00000026   Code   RO          840    .text.osRtxThreadListSort  RTX_CM3.lib(rtx_thread.o)
    0x08005bea   0x08005bea   0x00000028   Code   RO          914    .text.osRtxThreadPostProcess  RTX_CM3.lib(rtx_thread.o)
    0x08005c12   0x08005c12   0x00000002   PAD
    0x08005c14   0x08005c14   0x00000014   Code   RO          844    .text.osRtxThreadReadyPut  RTX_CM3.lib(rtx_thread.o)
    0x08005c28   0x08005c28   0x00000006   Code   RO          850    .text.osRtxThreadRegPtr  RTX_CM3.lib(rtx_thread.o)
    0x08005c2e   0x08005c2e   0x00000002   PAD
    0x08005c30   0x08005c30   0x0000003c   Code   RO          866    .text.osRtxThreadStartup  RTX_CM3.lib(rtx_thread.o)
    0x08005c6c   0x08005c6c   0x00000010   Code   RO          852    .text.osRtxThreadSwitch  RTX_CM3.lib(rtx_thread.o)
    0x08005c7c   0x08005c7c   0x0000003c   Code   RO          862    .text.osRtxThreadWaitEnter  RTX_CM3.lib(rtx_thread.o)
    0x08005cb8   0x08005cb8   0x00000022   Code   RO          858    .text.osRtxThreadWaitExit  RTX_CM3.lib(rtx_thread.o)
    0x08005cda   0x08005cda   0x00000002   PAD
    0x08005cdc   0x08005cdc   0x00000078   Code   RO         1384    .text.osRtxTick_Handler  RTX_CM3.lib(rtx_system.o)
    0x08005d54   0x08005d54   0x00000020   Code   RO          998    .text.osRtxTimerSetup  RTX_CM3.lib(rtx_timer.o)
    0x08005d74   0x08005d74   0x00000020   Code   RO         1002    .text.osRtxTimerThread  RTX_CM3.lib(rtx_timer.o)
    0x08005d94   0x08005d94   0x00000070   Code   RO         1000    .text.osRtxTimerTick  RTX_CM3.lib(rtx_timer.o)
    0x08005e04   0x08005e04   0x0000000c   Code   RO          898    .text.osThreadExit  RTX_CM3.lib(rtx_thread.o)
    0x08005e10   0x08005e10   0x00000028   Code   RO          874    .text.osThreadGetId  RTX_CM3.lib(rtx_thread.o)
    0x08005e38   0x08005e38   0x00000024   Code   RO          870    .text.osThreadNew   RTX_CM3.lib(rtx_thread.o)
    0x08005e5c   0x08005e5c   0x00000016   Code   RO          986    .text.svcRtxDelay   RTX_CM3.lib(rtx_delay.o)
    0x08005e72   0x08005e72   0x00000002   PAD
    0x08005e74   0x08005e74   0x0000000c   Code   RO          776    .text.svcRtxKernelGetState  RTX_CM3.lib(rtx_kernel.o)
    0x08005e80   0x08005e80   0x00000028   Code   RO          800    .text.svcRtxKernelGetSysTimerCount  RTX_CM3.lib(rtx_kernel.o)
    0x08005ea8   0x08005ea8   0x00000004   Code   RO          804    .text.svcRtxKernelGetSysTimerFreq  RTX_CM3.lib(rtx_kernel.o)
    0x08005eac   0x08005eac   0x0000000c   Code   RO          792    .text.svcRtxKernelGetTickCount  RTX_CM3.lib(rtx_kernel.o)
    0x08005eb8   0x08005eb8   0x0000000c   Code   RO          796    .text.svcRtxKernelGetTickFreq  RTX_CM3.lib(rtx_kernel.o)
    0x08005ec4   0x08005ec4   0x00000100   Code   RO          806    .text.svcRtxKernelInitialize  RTX_CM3.lib(rtx_kernel.o)
    0x08005fc4   0x08005fc4   0x00000088   Code   RO          808    .text.svcRtxKernelStart  RTX_CM3.lib(rtx_kernel.o)
    0x0800604c   0x0800604c   0x000000d8   Code   RO         1368    .text.svcRtxMessageQueueGet  RTX_CM3.lib(rtx_msgqueue.o)
    0x08006124   0x08006124   0x00000118   Code   RO         1326    .text.svcRtxMessageQueueNew  RTX_CM3.lib(rtx_msgqueue.o)
    0x0800623c   0x0800623c   0x000000b4   Code   RO         1364    .text.svcRtxMessageQueuePut  RTX_CM3.lib(rtx_msgqueue.o)
    0x080062f0   0x080062f0   0x00000090   Code   RO         1060    .text.svcRtxMutexAcquire  RTX_CM3.lib(rtx_mutex.o)
    0x08006380   0x08006380   0x000000b0   Code   RO         1066    .text.svcRtxMutexDelete  RTX_CM3.lib(rtx_mutex.o)
    0x08006430   0x08006430   0x00000068   Code   RO         1056    .text.svcRtxMutexNew  RTX_CM3.lib(rtx_mutex.o)
    0x08006498   0x08006498   0x000000b4   Code   RO         1062    .text.svcRtxMutexRelease  RTX_CM3.lib(rtx_mutex.o)
    0x0800654c   0x0800654c   0x0000004c   Code   RO          944    .text.svcRtxThreadExit  RTX_CM3.lib(rtx_thread.o)
    0x08006598   0x08006598   0x0000000c   Code   RO          876    .text.svcRtxThreadGetId  RTX_CM3.lib(rtx_thread.o)
    0x080065a4   0x080065a4   0x000001ec   Code   RO          868    .text.svcRtxThreadNew  RTX_CM3.lib(rtx_thread.o)
    0x08006790   0x08006790   0x0000000c   Code   RO         1458    i.EvrFsFAT_FileHandleInvalid  FS_Dbg_LFN_CM3_L.lib(fs_fat.o)
    0x0800679c   0x0800679c   0x0000000c   Code   RO         1460    i.EvrFsFAT_InvalidParameter  FS_Dbg_LFN_CM3_L.lib(fs_fat.o)
    0x080067a8   0x080067a8   0x00000018   Code   RO         1461    i.EvrFsFAT_NameCacheEntryInsert  FS_Dbg_LFN_CM3_L.lib(fs_fat.o)
    0x080067c0   0x080067c0   0x00000010   Code   RO         1462    i.EvrFsFAT_PathName  FS_Dbg_LFN_CM3_L.lib(fs_fat.o)
    0x080067d0   0x080067d0   0x00000016   Code   RO         1463    i.EvrFsFAT_SectorReadFailed  FS_Dbg_LFN_CM3_L.lib(fs_fat.o)
    0x080067e6   0x080067e6   0x00000016   Code   RO         1464    i.EvrFsFAT_SectorWriteFailed  FS_Dbg_LFN_CM3_L.lib(fs_fat.o)
    0x080067fc   0x080067fc   0x0000000c   Code   RO         1152    i.EvrFsMcSPI_CmdResponseError  FS_Dbg_LFN_CM3_L.lib(fs_mc_spi.o)
    0x08006808   0x08006808   0x00000080   Code   RO         1234    i.__sys_close       FS_Dbg_LFN_CM3_L.lib(fs_sys.o)
    0x08006888   0x08006888   0x00000070   Code   RO         1235    i.__sys_ensure      FS_Dbg_LFN_CM3_L.lib(fs_sys.o)
    0x080068f8   0x080068f8   0x00000080   Code   RO         1236    i.__sys_flen        FS_Dbg_LFN_CM3_L.lib(fs_sys.o)
    0x08006978   0x08006978   0x000000b8   Code   RO         1237    i.__sys_open        FS_Dbg_LFN_CM3_L.lib(fs_sys.o)
    0x08006a30   0x08006a30   0x000000a4   Code   RO         1238    i.__sys_read        FS_Dbg_LFN_CM3_L.lib(fs_sys.o)
    0x08006ad4   0x08006ad4   0x00000088   Code   RO         1239    i.__sys_seek        FS_Dbg_LFN_CM3_L.lib(fs_sys.o)
    0x08006b5c   0x08006b5c   0x00000090   Code   RO         1240    i.__sys_write       FS_Dbg_LFN_CM3_L.lib(fs_sys.o)
    0x08006bec   0x08006bec   0x0000006c   Code   RO         1085    i._fdelete          FS_Dbg_LFN_CM3_L.lib(fs_mapi.o)
    0x08006c58   0x08006c58   0x00000076   Code   RO         1466    i.alloc_clus        FS_Dbg_LFN_CM3_L.lib(fs_fat.o)
    0x08006cce   0x08006cce   0x0000009a   Code   RO         1467    i.alloc_table_read  FS_Dbg_LFN_CM3_L.lib(fs_fat.o)
    0x08006d68   0x08006d68   0x000000dc   Code   RO         1468    i.alloc_table_write  FS_Dbg_LFN_CM3_L.lib(fs_fat.o)
    0x08006e44   0x08006e44   0x000000d0   Code   RO         1469    i.bs_read           FS_Dbg_LFN_CM3_L.lib(fs_fat.o)
    0x08006f14   0x08006f14   0x000000b8   Code   RO         1471    i.cache_fat         FS_Dbg_LFN_CM3_L.lib(fs_fat.o)
    0x08006fcc   0x08006fcc   0x00000060   Code   RO         1472    i.char_validate     FS_Dbg_LFN_CM3_L.lib(fs_fat.o)
    0x0800702c   0x0800702c   0x00000044   Code   RO         1473    i.clear_clus        FS_Dbg_LFN_CM3_L.lib(fs_fat.o)
    0x08007070   0x08007070   0x00000024   Code   RO         1474    i.clus_to_sect      FS_Dbg_LFN_CM3_L.lib(fs_fat.o)
    0x08007094   0x08007094   0x000000d4   Code   RO         1475    i.create_dot_entries  FS_Dbg_LFN_CM3_L.lib(fs_fat.o)
    0x08007168   0x08007168   0x000000e4   Code   RO         1476    i.create_lfn_entry  FS_Dbg_LFN_CM3_L.lib(fs_fat.o)
    0x0800724c   0x0800724c   0x0000008a   Code   RO         1477    i.create_sfn_entry  FS_Dbg_LFN_CM3_L.lib(fs_fat.o)
    0x080072d6   0x080072d6   0x00000038   Code   RO         1478    i.entry_flush       FS_Dbg_LFN_CM3_L.lib(fs_fat.o)
    0x0800730e   0x0800730e   0x0000001c   Code   RO         1479    i.entry_pos_comp    FS_Dbg_LFN_CM3_L.lib(fs_fat.o)
    0x0800732a   0x0800732a   0x00000060   Code   RO         1480    i.entry_pos_inc     FS_Dbg_LFN_CM3_L.lib(fs_fat.o)
    0x0800738a   0x0800738a   0x00000044   Code   RO         1481    i.entry_read        FS_Dbg_LFN_CM3_L.lib(fs_fat.o)
    0x080073ce   0x080073ce   0x0000002e   Code   RO         1482    i.entry_type        FS_Dbg_LFN_CM3_L.lib(fs_fat.o)
    0x080073fc   0x080073fc   0x0000014c   Code   RO         1487    i.fat_close         FS_Dbg_LFN_CM3_L.lib(fs_fat.o)
    0x08007548   0x08007548   0x00000030   Code   RO         1488    i.fat_crc32         FS_Dbg_LFN_CM3_L.lib(fs_fat.o)
    0x08007578   0x08007578   0x00000238   Code   RO         1489    i.fat_delete        FS_Dbg_LFN_CM3_L.lib(fs_fat.o)
    0x080077b0   0x080077b0   0x00000020   Code   RO         1492    i.fat_flen          FS_Dbg_LFN_CM3_L.lib(fs_fat.o)
    0x080077d0   0x080077d0   0x00000054   Code   RO         1493    i.fat_flush         FS_Dbg_LFN_CM3_L.lib(fs_fat.o)
    0x08007824   0x08007824   0x0000004c   Code   RO         1496    i.fat_handle_get    FS_Dbg_LFN_CM3_L.lib(fs_fat.o)
    0x08007870   0x08007870   0x00000088   Code   RO         1498    i.fat_init          FS_Dbg_LFN_CM3_L.lib(fs_fat.o)
    0x080078f8   0x080078f8   0x000001e4   Code   RO         1503    i.fat_mount         FS_Dbg_LFN_CM3_L.lib(fs_fat.o)
    0x08007adc   0x08007adc   0x00000238   Code   RO         1504    i.fat_open          FS_Dbg_LFN_CM3_L.lib(fs_fat.o)
    0x08007d14   0x08007d14   0x0000013c   Code   RO         1506    i.fat_read          FS_Dbg_LFN_CM3_L.lib(fs_fat.o)
    0x08007e50   0x08007e50   0x000001d4   Code   RO         1507    i.fat_rename        FS_Dbg_LFN_CM3_L.lib(fs_fat.o)
    0x08008024   0x08008024   0x00000234   Code   RO         1509    i.fat_seek          FS_Dbg_LFN_CM3_L.lib(fs_fat.o)
    0x08008258   0x08008258   0x00000038   Code   RO         1512    i.fat_uninit        FS_Dbg_LFN_CM3_L.lib(fs_fat.o)
    0x08008290   0x08008290   0x00000068   Code   RO         1513    i.fat_unmount       FS_Dbg_LFN_CM3_L.lib(fs_fat.o)
    0x080082f8   0x080082f8   0x000000d4   Code   RO         1515    i.fat_vol_chk       FS_Dbg_LFN_CM3_L.lib(fs_fat.o)
    0x080083cc   0x080083cc   0x000001dc   Code   RO         1516    i.fat_write         FS_Dbg_LFN_CM3_L.lib(fs_fat.o)
    0x080085a8   0x080085a8   0x00000018   Code   RO         1982    i.fgetc             c_w.l(fgetc.o)
    0x080085c0   0x080085c0   0x00000058   Code   RO         1517    i.file_locked       FS_Dbg_LFN_CM3_L.lib(fs_fat.o)
    0x08008618   0x08008618   0x00000050   Code   RO         1518    i.find_param        FS_Dbg_LFN_CM3_L.lib(fs_fat.o)
    0x08008668   0x08008668   0x00000058   Code   RO         1097    i.finit             FS_Dbg_LFN_CM3_L.lib(fs_mapi.o)
    0x080086c0   0x080086c0   0x00000064   Code   RO         1100    i.fmount            FS_Dbg_LFN_CM3_L.lib(fs_mapi.o)
    0x08008724   0x08008724   0x0000002c   Code   RO         1519    i.format_date       FS_Dbg_LFN_CM3_L.lib(fs_fat.o)
    0x08008750   0x08008750   0x0000002e   Code   RO         1520    i.format_time       FS_Dbg_LFN_CM3_L.lib(fs_fat.o)
    0x0800877e   0x0800877e   0x0000001a   Code   RO         2051    i.fputc             c_w.l(fputc.o)
    0x08008798   0x08008798   0x000000bc   Code   RO         1521    i.frec_allocate     FS_Dbg_LFN_CM3_L.lib(fs_fat.o)
    0x08008854   0x08008854   0x00000058   Code   RO         1522    i.frec_delete       FS_Dbg_LFN_CM3_L.lib(fs_fat.o)
    0x080088ac   0x080088ac   0x0000003c   Code   RO         1523    i.frec_delete_elink  FS_Dbg_LFN_CM3_L.lib(fs_fat.o)
    0x080088e8   0x080088e8   0x00000228   Code   RO         1524    i.frec_find         FS_Dbg_LFN_CM3_L.lib(fs_fat.o)
    0x08008b10   0x08008b10   0x00000094   Code   RO         1525    i.frec_find_elink   FS_Dbg_LFN_CM3_L.lib(fs_fat.o)
    0x08008ba4   0x08008ba4   0x000001c8   Code   RO         1526    i.frec_next         FS_Dbg_LFN_CM3_L.lib(fs_fat.o)
    0x08008d6c   0x08008d6c   0x0000006c   Code   RO         1102    i.frename           FS_Dbg_LFN_CM3_L.lib(fs_mapi.o)
    0x08008dd8   0x08008dd8   0x000000a8   Code   RO         1104    i.fs_component_init  FS_Dbg_LFN_CM3_L.lib(fs_mapi.o)
    0x08008e80   0x08008e80   0x000000cc   Code   RO         1427    i.fs_drive_id       FS_Dbg_LFN_CM3_L.lib(fs_common.o)
    0x08008f4c   0x08008f4c   0x0000001a   Code   RO         1789    i.fs_get_time       FS_Dbg_LFN_CM3_L.lib(fs_time.o)
    0x08008f66   0x08008f66   0x00000004   Code   RO         1696    i.fs_mc_lock_unlock  FS_Dbg_LFN_CM3_L.lib(fs_mc_mci.o)
    0x08008f6a   0x08008f6a   0x00000006   Code   RO         1153    i.fs_mc_read_cd     FS_Dbg_LFN_CM3_L.lib(fs_mc_spi.o)
    0x08008f70   0x08008f70   0x00000006   Code   RO         1154    i.fs_mc_read_wp     FS_Dbg_LFN_CM3_L.lib(fs_mc_spi.o)
    0x08008f76   0x08008f76   0x00000006   Code   RO         1155    i.fs_mc_spi_control_ss  FS_Dbg_LFN_CM3_L.lib(fs_mc_spi.o)
    0x08008f7c   0x08008f7c   0x00000020   Code   RO         1428    i.fs_set_cdrive     FS_Dbg_LFN_CM3_L.lib(fs_common.o)
    0x08008f9c   0x08008f9c   0x000000b0   Code   RO         1527    i.fsinfo_read       FS_Dbg_LFN_CM3_L.lib(fs_fat.o)
    0x0800904c   0x0800904c   0x00000070   Code   RO         1528    i.fsinfo_write      FS_Dbg_LFN_CM3_L.lib(fs_fat.o)
    0x080090bc   0x080090bc   0x00000048   Code   RO         1108    i.funinit           FS_Dbg_LFN_CM3_L.lib(fs_mapi.o)
    0x08009104   0x08009104   0x00000064   Code   RO         1109    i.funmount          FS_Dbg_LFN_CM3_L.lib(fs_mapi.o)
    0x08009168   0x08009168   0x00000022   Code   RO         1529    i.get_EOC           FS_Dbg_LFN_CM3_L.lib(fs_fat.o)
    0x0800918a   0x0800918a   0x00000032   Code   RO         1531    i.get_fat_sect      FS_Dbg_LFN_CM3_L.lib(fs_fat.o)
    0x080091bc   0x080091bc   0x00000010   Code   RO         1532    i.get_root_clus     FS_Dbg_LFN_CM3_L.lib(fs_fat.o)
    0x080091cc   0x080091cc   0x00000010   Code   RO         1432    i.get_u16           FS_Dbg_LFN_CM3_L.lib(fs_common.o)
    0x080091dc   0x080091dc   0x00000016   Code   RO         1433    i.get_u32           FS_Dbg_LFN_CM3_L.lib(fs_common.o)
    0x080091f2   0x080091f2   0x00000002   PAD
    0x080091f4   0x080091f4   0x00000020   Code   RO         1543    i.lfn_char_cnt      FS_Dbg_LFN_CM3_L.lib(fs_fat.o)
    0x08009214   0x08009214   0x00000004   Code   RO         1544    i.link_clus         FS_Dbg_LFN_CM3_L.lib(fs_fat.o)
    0x08009218   0x08009218   0x00000028   Code   RO         1545    i.long_ent_hash     FS_Dbg_LFN_CM3_L.lib(fs_fat.o)
    0x08009240   0x08009240   0x00000074   Code   RO         1546    i.mbr_read          FS_Dbg_LFN_CM3_L.lib(fs_fat.o)
    0x080092b4   0x080092b4   0x00000028   Code   RO         1156    i.mc_control_bus_speed  FS_Dbg_LFN_CM3_L.lib(fs_mc_spi.o)
    0x080092dc   0x080092dc   0x000000dc   Code   RO         1157    i.mc_control_lock   FS_Dbg_LFN_CM3_L.lib(fs_mc_spi.o)
    0x080093b8   0x080093b8   0x00000020   Code   RO         1158    i.mc_control_ss     FS_Dbg_LFN_CM3_L.lib(fs_mc_spi.o)
    0x080093d8   0x080093d8   0x00000064   Code   RO         1159    i.mc_gen_cmd        FS_Dbg_LFN_CM3_L.lib(fs_mc_spi.o)
    0x0800943c   0x0800943c   0x00000056   Code   RO         1160    i.mc_lock_unlock    FS_Dbg_LFN_CM3_L.lib(fs_mc_spi.o)
    0x08009492   0x08009492   0x00000088   Code   RO         1161    i.mc_parse_cid      FS_Dbg_LFN_CM3_L.lib(fs_mc_spi.o)
    0x0800951a   0x0800951a   0x00000002   PAD
    0x0800951c   0x0800951c   0x000000c8   Code   RO         1162    i.mc_parse_csd      FS_Dbg_LFN_CM3_L.lib(fs_mc_spi.o)
    0x080095e4   0x080095e4   0x00000086   Code   RO         1163    i.mc_read_block     FS_Dbg_LFN_CM3_L.lib(fs_mc_spi.o)
    0x0800966a   0x0800966a   0x0000005e   Code   RO         1164    i.mc_read_data      FS_Dbg_LFN_CM3_L.lib(fs_mc_spi.o)
    0x080096c8   0x080096c8   0x00000046   Code   RO         1165    i.mc_read_ocr       FS_Dbg_LFN_CM3_L.lib(fs_mc_spi.o)
    0x0800970e   0x0800970e   0x00000044   Code   RO         1166    i.mc_read_response  FS_Dbg_LFN_CM3_L.lib(fs_mc_spi.o)
    0x08009752   0x08009752   0x00000040   Code   RO         1167    i.mc_read_status    FS_Dbg_LFN_CM3_L.lib(fs_mc_spi.o)
    0x08009792   0x08009792   0x00000002   PAD
    0x08009794   0x08009794   0x0000004c   Code   RO         1168    i.mc_receive        FS_Dbg_LFN_CM3_L.lib(fs_mc_spi.o)
    0x080097e0   0x080097e0   0x0000004c   Code   RO         1169    i.mc_send           FS_Dbg_LFN_CM3_L.lib(fs_mc_spi.o)
    0x0800982c   0x0800982c   0x00000052   Code   RO         1170    i.mc_send_cid       FS_Dbg_LFN_CM3_L.lib(fs_mc_spi.o)
    0x0800987e   0x0800987e   0x00000086   Code   RO         1171    i.mc_send_command   FS_Dbg_LFN_CM3_L.lib(fs_mc_spi.o)
    0x08009904   0x08009904   0x00000052   Code   RO         1172    i.mc_send_csd       FS_Dbg_LFN_CM3_L.lib(fs_mc_spi.o)
    0x08009956   0x08009956   0x00000046   Code   RO         1173    i.mc_set_block_len  FS_Dbg_LFN_CM3_L.lib(fs_mc_spi.o)
    0x0800999c   0x0800999c   0x00000110   Code   RO         1174    i.mc_spi_DevCtrl    FS_Dbg_LFN_CM3_L.lib(fs_mc_spi.o)
    0x08009aac   0x08009aac   0x00000008   Code   RO         1175    i.mc_spi_DrvEvent   FS_Dbg_LFN_CM3_L.lib(fs_mc_spi.o)
    0x08009ab4   0x08009ab4   0x000004b0   Code   RO         1176    i.mc_spi_Init       FS_Dbg_LFN_CM3_L.lib(fs_mc_spi.o)
    0x08009f64   0x08009f64   0x00000044   Code   RO         1177    i.mc_spi_ReadInfo   FS_Dbg_LFN_CM3_L.lib(fs_mc_spi.o)
    0x08009fa8   0x08009fa8   0x00000080   Code   RO         1178    i.mc_spi_ReadSector  FS_Dbg_LFN_CM3_L.lib(fs_mc_spi.o)
    0x0800a028   0x0800a028   0x00000054   Code   RO         1179    i.mc_spi_UnInit     FS_Dbg_LFN_CM3_L.lib(fs_mc_spi.o)
    0x0800a07c   0x0800a07c   0x00000080   Code   RO         1180    i.mc_spi_WriteSector  FS_Dbg_LFN_CM3_L.lib(fs_mc_spi.o)
    0x0800a0fc   0x0800a0fc   0x00000094   Code   RO         1181    i.mc_spi_set_speed  FS_Dbg_LFN_CM3_L.lib(fs_mc_spi.o)
    0x0800a190   0x0800a190   0x0000007c   Code   RO         1182    i.mc_spi_update_sw_state  FS_Dbg_LFN_CM3_L.lib(fs_mc_spi.o)
    0x0800a20c   0x0800a20c   0x00000028   Code   RO         1183    i.mc_wait_busy      FS_Dbg_LFN_CM3_L.lib(fs_mc_spi.o)
    0x0800a234   0x0800a234   0x0000008c   Code   RO         1184    i.mc_write_block    FS_Dbg_LFN_CM3_L.lib(fs_mc_spi.o)
    0x0800a2c0   0x0800a2c0   0x00000098   Code   RO         1185    i.mc_write_data     FS_Dbg_LFN_CM3_L.lib(fs_mc_spi.o)
    0x0800a358   0x0800a358   0x000000b0   Code   RO         1548    i.name_analyse      FS_Dbg_LFN_CM3_L.lib(fs_fat.o)
    0x0800a408   0x0800a408   0x000000b4   Code   RO         1549    i.name_basis_gen    FS_Dbg_LFN_CM3_L.lib(fs_fat.o)
    0x0800a4bc   0x0800a4bc   0x00000008   Code   RO         1550    i.name_hash         FS_Dbg_LFN_CM3_L.lib(fs_fat.o)
    0x0800a4c4   0x0800a4c4   0x00000128   Code   RO         1551    i.name_nt_gen       FS_Dbg_LFN_CM3_L.lib(fs_fat.o)
    0x0800a5ec   0x0800a5ec   0x00000052   Code   RO         1552    i.name_strip        FS_Dbg_LFN_CM3_L.lib(fs_fat.o)
    0x0800a63e   0x0800a63e   0x00000002   PAD
    0x0800a640   0x0800a640   0x00000038   Code   RO         1553    i.name_validate     FS_Dbg_LFN_CM3_L.lib(fs_fat.o)
    0x0800a678   0x0800a678   0x0000023e   Code   RO         1554    i.path_create       FS_Dbg_LFN_CM3_L.lib(fs_fat.o)
    0x0800a8b6   0x0800a8b6   0x00000002   PAD
    0x0800a8b8   0x0800a8b8   0x00000032   Code   RO         1555    i.path_init         FS_Dbg_LFN_CM3_L.lib(fs_fat.o)
    0x0800a8ea   0x0800a8ea   0x00000002   PAD
    0x0800a8ec   0x0800a8ec   0x000000b4   Code   RO         1556    i.path_open         FS_Dbg_LFN_CM3_L.lib(fs_fat.o)
    0x0800a9a0   0x0800a9a0   0x00000058   Code   RO         1557    i.path_validate     FS_Dbg_LFN_CM3_L.lib(fs_fat.o)
    0x0800a9f8   0x0800a9f8   0x00000086   Code   RO         1558    i.read_cache        FS_Dbg_LFN_CM3_L.lib(fs_fat.o)
    0x0800aa7e   0x0800aa7e   0x0000005c   Code   RO         1559    i.read_sector       FS_Dbg_LFN_CM3_L.lib(fs_fat.o)
    0x0800aada   0x0800aada   0x00000008   Code   RO         1434    i.set_u16           FS_Dbg_LFN_CM3_L.lib(fs_common.o)
    0x0800aae2   0x0800aae2   0x00000010   Code   RO         1435    i.set_u32           FS_Dbg_LFN_CM3_L.lib(fs_common.o)
    0x0800aaf2   0x0800aaf2   0x00000048   Code   RO         1560    i.sfn_extract       FS_Dbg_LFN_CM3_L.lib(fs_fat.o)
    0x0800ab3a   0x0800ab3a   0x0000001a   Code   RO         1561    i.short_ent_hash    FS_Dbg_LFN_CM3_L.lib(fs_fat.o)
    0x0800ab54   0x0800ab54   0x0000001e   Code   RO         1562    i.sn_chksum         FS_Dbg_LFN_CM3_L.lib(fs_fat.o)
    0x0800ab72   0x0800ab72   0x00000072   Code   RO         1564    i.unlink_clus       FS_Dbg_LFN_CM3_L.lib(fs_fat.o)
    0x0800abe4   0x0800abe4   0x000000bc   Code   RO         1565    i.write_cache       FS_Dbg_LFN_CM3_L.lib(fs_fat.o)
    0x0800aca0   0x0800aca0   0x0000003c   Code   RO         1566    i.write_sector      FS_Dbg_LFN_CM3_L.lib(fs_fat.o)
    0x0800acdc   0x0800acdc   0x0000002c   Code   RO         2171    locale$$code        c_w.l(lc_ctype_c.o)
    0x0800ad08   0x0800ad08   0x00000018   Data   RO          148    .constdata          led_nucleo_f429zi.o
    0x0800ad20   0x0800ad20   0x00000024   Data   RO          183    .constdata          rtx_lib.o
    0x0800ad44   0x0800ad44   0x00000024   Data   RO          184    .constdata          rtx_lib.o
    0x0800ad68   0x0800ad68   0x00000018   Data   RO          185    .constdata          rtx_lib.o
    0x0800ad80   0x0800ad80   0x00000004   Data   RO          187    .constdata          rtx_lib.o
    0x0800ad84   0x0800ad84   0x00000034   Data   RO          266    .constdata          spi_stm32f4xx.o
    0x0800adb8   0x0800adb8   0x00000010   Data   RO          267    .constdata          spi_stm32f4xx.o
    0x0800adc8   0x0800adc8   0x00000010   Data   RO          268    .constdata          spi_stm32f4xx.o
    0x0800add8   0x0800add8   0x00000010   Data   RO          269    .constdata          spi_stm32f4xx.o
    0x0800ade8   0x0800ade8   0x00000010   Data   RO          270    .constdata          spi_stm32f4xx.o
    0x0800adf8   0x0800adf8   0x0000002c   Data   RO          271    .constdata          spi_stm32f4xx.o
    0x0800ae24   0x0800ae24   0x00000018   Data   RO          322    .constdata          eventrecorder.o
    0x0800ae3c   0x0800ae3c   0x00000007   Data   RO          356    .constdata          retarget_io.o
    0x0800ae43   0x0800ae43   0x00000008   Data   RO          357    .constdata          retarget_io.o
    0x0800ae4b   0x0800ae4b   0x00000008   Data   RO          358    .constdata          retarget_io.o
    0x0800ae53   0x0800ae53   0x00000008   Data   RO          462    .constdata          stm32f4xx_hal_dma.o
    0x0800ae5b   0x0800ae5b   0x00000010   Data   RO          663    .constdata          system_stm32f4xx.o
    0x0800ae6b   0x0800ae6b   0x00000008   Data   RO          664    .constdata          system_stm32f4xx.o
    0x0800ae73   0x0800ae73   0x00000001   Data   RO          696    .constdata          fs_config.o
    0x0800ae74   0x0800ae74   0x00000001   Data   RO          697    .constdata          fs_config.o
    0x0800ae75   0x0800ae75   0x00000001   Data   RO          698    .constdata          fs_config.o
    0x0800ae76   0x0800ae76   0x00000002   PAD
    0x0800ae78   0x0800ae78   0x00000028   Data   RO          699    .constdata          fs_config.o
    0x0800aea0   0x0800aea0   0x00000008   Data   RO          700    .constdata          fs_config.o
    0x0800aea8   0x0800aea8   0x00000010   Data   RO         1186    .constdata          FS_Dbg_LFN_CM3_L.lib(fs_mc_spi.o)
    0x0800aeb8   0x0800aeb8   0x000004ac   Data   RO         1567    .constdata          FS_Dbg_LFN_CM3_L.lib(fs_fat.o)
    0x0800b364   0x0800b364   0x00000042   Data   RO            5    .conststring        main.o
    0x0800b3a6   0x0800b3a6   0x00000002   PAD
    0x0800b3a8   0x0800b3a8   0x000000a8   Data   RO          189    .rodata             rtx_lib.o
    0x0800b450   0x0800b450   0x0000000b   Data   RO          826    .rodata.str1.4      RTX_CM3.lib(rtx_kernel.o)
    0x0800b45b   0x0800b45b   0x00000001   PAD
    0x0800b45c   0x0800b45c   0x00000020   Data   RO         2263    Region$$Table       anon$$obj.o
    0x0800b47c   0x0800b47c   0x00000110   Data   RO         2170    locale$$data        c_w.l(lc_ctype_c.o)


    Execution Region RW_IRAM1 (Exec base: 0x20000000, Load base: 0x0800b58c, Size: 0x0000adf0, Max: 0x00030000, ABSOLUTE, COMPRESSED[0x0000012c])

    Exec Addr    Load Addr    Size         Type   Attr      Idx    E Section Name        Object

    0x20000000   COMPRESSED   0x00008000   Data   RW          174    .bss.os             rtx_lib.o
    0x20008000   COMPRESSED   0x00000040   Data   RW          175    .bss.os             rtx_lib.o
    0x20008040   COMPRESSED   0x000001f0   Data   RW          176    .bss.os.libspace    rtx_lib.o
    0x20008230   COMPRESSED   0x00000034   Data   RW          177    .bss.os.msgqueue.cb  rtx_lib.o
    0x20008264   COMPRESSED   0x00000050   Data   RW          178    .bss.os.msgqueue.mem  rtx_lib.o
    0x200082b4   COMPRESSED   0x0000001c   Data   RW          695    .bss.os.mutex.cb    fs_config.o
    0x200082d0   COMPRESSED   0x00000044   Data   RW          179    .bss.os.thread.cb   rtx_lib.o
    0x20008314   COMPRESSED   0x00000044   Data   RW          180    .bss.os.thread.cb   rtx_lib.o
    0x20008358   COMPRESSED   0x00000200   Data   RW          181    .bss.os.thread.idle.stack  rtx_lib.o
    0x20008558   COMPRESSED   0x00000200   Data   RW          182    .bss.os.thread.timer.stack  rtx_lib.o
    0x20008758   COMPRESSED   0x0000000c   Data   RW            6    .data               main.o
    0x20008764   COMPRESSED   0x00000001   Data   RW          188    .data               rtx_lib.o
    0x20008765   COMPRESSED   0x00000003   PAD
    0x20008768   COMPRESSED   0x00000004   Data   RW          359    .data               retarget_io.o
    0x2000876c   COMPRESSED   0x0000000c   Data   RW          404    .data               stm32f4xx_hal.o
    0x20008778   COMPRESSED   0x00000004   Data   RW          665    .data               system_stm32f4xx.o
    0x2000877c   COMPRESSED   0x00000004   Data   RW          701    .data               fs_config.o
    0x20008780   COMPRESSED   0x00000001   Data   RW         1112    .data               FS_Dbg_LFN_CM3_L.lib(fs_mapi.o)
    0x20008781   COMPRESSED   0x00000001   Data   RW         1436    .data               FS_Dbg_LFN_CM3_L.lib(fs_common.o)
    0x20008782   COMPRESSED   0x00000002   PAD
    0x20008784   COMPRESSED   0x00000004   Data   RW         1861    .data               c_w.l(stdio_streams.o)
    0x20008788   COMPRESSED   0x00000004   Data   RW         1862    .data               c_w.l(stdio_streams.o)
    0x2000878c   COMPRESSED   0x00000004   Data   RW         1863    .data               c_w.l(stdio_streams.o)
    0x20008790   COMPRESSED   0x00000004   Data   RW         1989    .data               c_w.l(streamlock.o)
    0x20008794   COMPRESSED   0x000000a4   Data   RW          827    .data.os            RTX_CM3.lib(rtx_kernel.o)
    0x20008838        -       0x00000010   Zero   RW          264    .bss                spi_stm32f4xx.o
    0x20008848        -       0x0000001c   Zero   RW          265    .bss                spi_stm32f4xx.o
    0x20008864        -       0x00000090   Zero   RW          692    .bss                fs_config.o
    0x200088f4        -       0x0000001c   Zero   RW          693    .bss                fs_config.o
    0x20008910        -       0x000014a4   Zero   RW          694    .bss                fs_config.o
    0x20009db4        -       0x00000054   Zero   RW         1858    .bss                c_w.l(stdio_streams.o)
    0x20009e08        -       0x00000054   Zero   RW         1859    .bss                c_w.l(stdio_streams.o)
    0x20009e5c        -       0x00000054   Zero   RW         1860    .bss                c_w.l(stdio_streams.o)
    0x20009eb0        -       0x00000060   Zero   RW         1899    .bss                c_w.l(libspace.o)
    0x20009f10   COMPRESSED   0x00000030   PAD
    0x20009f40        -       0x000004a4   Zero   RW          321    .bss.noinit         eventrecorder.o
    0x2000a3e4        -       0x00000001   Zero   RW         1416    .bss.os             RTX_CM3.lib(os_systick.o)
    0x2000a3e5   COMPRESSED   0x00000003   PAD
    0x2000a3e8        -       0x00000608   Zero   RW          653    HEAP                startup_stm32f429xx.o
    0x2000a9f0        -       0x00000400   Zero   RW          652    STACK               startup_stm32f429xx.o


==============================================================================

Image component sizes


      Code (inc. data)   RO Data    RW Data    ZI Data      Debug   Object Name

      1368         40         24          0       1188      16914   eventrecorder.o
       400         24         51         32       5456      30754   fs_config.o
        90          8          0          0          0        704   fs_debug.o
       236          8         24          0          0       2853   led_nucleo_f429zi.o
      2460        924         66         12          0     726885   main.o
       360         36         23          4          0      11686   retarget_io.o
         4          0          0          0          0        559   rtx_config.o
       456         14        268      34621          0      11599   rtx_lib.o
      2992        130        160          0         44      49203   spi_stm32f4xx.o
        64         26        428          0       2568        804   startup_stm32f429xx.o
       452         38          0         12          0      11491   stm32f4xx_hal.o
       644          8          0          0          0      35938   stm32f4xx_hal_cortex.o
      1720         26          8          0          0       7685   stm32f4xx_hal_dma.o
       908         54          0          0          0       3903   stm32f4xx_hal_gpio.o
      1748         74          0          0          0       5673   stm32f4xx_hal_rcc.o
       136         22         24          4          0       1649   system_stm32f4xx.o

    ----------------------------------------------------------------------
     14040       1432       1112      34688       9256     918300   Object Totals
         0          0         32          0          0          0   (incl. Generated)
         2          0          4          3          0          0   (incl. Padding)

    ----------------------------------------------------------------------

      Code (inc. data)   RO Data    RW Data    ZI Data      Debug   Library Member Name

       298         24          0          1          0        424   fs_common.o
     11324        274       1196          0          0       6116   fs_fat.o
       744         88          0          1          0        580   fs_mapi.o
         4          0          0          0          0         68   fs_mc_mci.o
      4286         94         16          0          0       2752   fs_mc_spi.o
       996         86          0          0          0        572   fs_sys.o
        26          0          0          0          0         68   fs_time.o
       148          8          0          0          0        591   irq_armv7m.o
       182         48          0          0          1       3197   os_systick.o
        58          4          0          0          0       2791   rtx_delay.o
       774         84         11        164          0      16501   rtx_kernel.o
       228          0          0          0          0       2537   rtx_memory.o
       188          0          0          0          0      16008   rtx_mempool.o
      1318         32          0          0          0      18657   rtx_msgqueue.o
       886         32          0          0          0       9962   rtx_mutex.o
       376         26          0          0          0       5296   rtx_system.o
      1698         96          0          0          0      31735   rtx_thread.o
       248         16          0          0          0      10397   rtx_timer.o
        90          0          0          0          0          0   __dczerorl2.o
         8          0          0          0          0         68   __main.o
       104          0          0          0          0         84   __printf.o
         0          0          0          0          0          0   __rtentry.o
        20          0          0          0          0          0   __rtentry2.o
         6          0          0          0          0          0   __rtentry4.o
        52          8          0          0          0          0   __scatter.o
        28          0          0          0          0          0   __scatter_zi.o
        44          0          0          0          0        108   _printf_char.o
        48          6          0          0          0         96   _printf_char_common.o
        64          6          0          0          0         84   _printf_char_file_locked.o
         6          0          0          0          0          0   _printf_d.o
       120         16          0          0          0         92   _printf_dec.o
       178          0          0          0          0         88   _printf_intcommon.o
         0          0          0          0          0          0   _printf_percent.o
         4          0          0          0          0          0   _printf_percent_end.o
         6          0          0          0          0          0   _printf_s.o
        82          0          0          0          0         80   _printf_str.o
        32          0          0          0          0         80   clearerr_locked.o
        10          0          0          0          0         68   defsig_exit.o
        50          0          0          0          0         88   defsig_general.o
        80         58          0          0          0         76   defsig_rtmem_inner.o
        14          0          0          0          0         80   defsig_rtmem_outer.o
        52         38          0          0          0         76   defsig_rtred_inner.o
        14          0          0          0          0         80   defsig_rtred_outer.o
        18          0          0          0          0         80   exit.o
        76          0          0          0          0         88   fclose.o
        52          6          0          0          0         80   fclose_locked.o
       144         10          0          0          0        128   fflush_locked.o
        24          0          0          0          0         68   fgetc.o
        86          0          0          0          0         84   fgets_locked.o
       570          0          0          0          0        132   filbuf.o
       470          0          0          0          0         88   flsbuf.o
        92          8          0          0          0         88   flushlinebuffered_locked.o
       324          8          0          0          0        152   fopen_locked.o
        26          0          0          0          0         68   fputc.o
       248          6          0          0          0         84   fseek.o
        44          0          0          0          0         84   fseek_locked.o
        66          0          0          0          0         76   ftell.o
       158          0          0          0          0        128   h1_alloc_mt.o
        62          0          0          0          0         80   h1_extend_mt.o
        10          0          0          0          0         76   h1_final_mt.o
       118          0          0          0          0        108   h1_free_mt.o
        18          0          0          0          0         84   h1_init_mt.o
         6          0          0          0          0        152   heapauxi.o
         4          0          0          0          0        136   hguard.o
         0          0          0          0          0          0   indicate_semi.o
       138          0          0          0          0        168   init_alloc.o
       456         48          0          0          0        116   initio_locked.o
        44         10        272          0          0         76   lc_ctype_c.o
         2          0          0          0          0          0   libinit.o
        32          0          0          0          0          0   libinit2.o
         2          0          0          0          0          0   libshutdown.o
        10          0          0          0          0          0   libshutdown2.o
         8          4          0          0         96         68   libspace.o
       238          0          0          0          0        100   lludivv7m.o
         0          0          0          0          0          0   maybetermalloc2.o
        20          0          0          0          0         84   noretval__2fprintf.o
        24          4          0          0          0         84   noretval__2printf.o
        22          0          0          0          0         80   rewind.o
        16          4          0          0          0         76   rt_ctype_table.o
         4          0          0          0          0         68   rt_errno_addr_twolibspace.o
        10          0          0          0          0         76   rt_heap_descriptor_twolibspace.o
        10          0          0          0          0         76   rt_locale_twolibspace.o
        68          0          0          0          0         68   rt_memclr.o
        78          0          0          0          0         80   rt_memclr_w.o
       138          0          0          0          0         68   rt_memcpy_v6.o
       100          0          0          0          0         80   rt_memcpy_w.o
         2          0          0          0          0          0   rtexit.o
        10          0          0          0          0          0   rtexit2.o
       104          0          0          0          0         88   setvbuf_locked.o
       240          6          0          0          0        156   stdio.o
         0          0          0         12        252          0   stdio_streams.o
       128          0          0          0          0         68   strcmpv7m.o
        72          0          0          0          0         80   strcpy.o
         0          0          0          4          0          0   streamlock.o
        62          0          0          0          0         76   strlen.o
        50          0          0          0          0         84   strncasecmp.o
        36          0          0          0          0         80   strstr.o
        12          4          0          0          0         68   sys_exit.o
        74          0          0          0          0         80   sys_stackheap_outer.o
        14          0          0          0          0         76   sys_wrch.o
        16          0          0          0          0         80   term_alloc.o
        26          0          0          0          0         76   tolower.o
         2          0          0          0          0         68   use_no_semi.o

    ----------------------------------------------------------------------
     29828       1162       1496        184        400     134012   Library Totals
        50          0          1          2         51          0   (incl. Padding)

    ----------------------------------------------------------------------

      Code (inc. data)   RO Data    RW Data    ZI Data      Debug   Library Name

     17678        566       1212          2          0      10580   FS_Dbg_LFN_CM3_L.lib
      6104        346         11        164          1     117672   RTX_CM3.lib
      5996        250        272         16        348       5760   c_w.l

    ----------------------------------------------------------------------
     29828       1162       1496        184        400     134012   Library Totals

    ----------------------------------------------------------------------

==============================================================================


      Code (inc. data)   RO Data    RW Data    ZI Data      Debug   

     43868       2594       2608      34872       9656    1040308   Grand Totals
     43868       2594       2608        300       9656    1040308   ELF Image Totals (compressed)
     43868       2594       2608        300          0          0   ROM Totals

==============================================================================

    Total RO  Size (Code + RO Data)                46476 (  45.39kB)
    Total RW  Size (RW Data + ZI Data)             44528 (  43.48kB)
    Total ROM Size (Code + RO Data + RW Data)      46776 (  45.68kB)

==============================================================================

